Archive member included to satisfy reference by file (symbol)

build/cooja/contiki-ng-cooja.a(simEnvChange.o)
                              build/cooja/mtype773908496.o (simDontFallAsleep)
build/cooja/contiki-ng-cooja.a(cooja_mt.o)
                              build/cooja/mtype773908496.o (cooja_mt_start)
build/cooja/contiki-ng-cooja.a(cooja_mtarch.o)
                              build/cooja/contiki-ng-cooja.a(cooja_mt.o) (cooja_mtarch_start)
build/cooja/contiki-ng-cooja.a(rtimer-arch.o)
                              build/cooja/mtype773908496.o (rtimer_arch_check)
build/cooja/contiki-ng-cooja.a(beep.o)
                              build/cooja/mtype773908496.o (beep_interface)
build/cooja/contiki-ng-cooja.a(leds-arch.o)
                              build/cooja/mtype773908496.o (leds_interface)
build/cooja/contiki-ng-cooja.a(moteid.o)
                              build/cooja/mtype773908496.o (moteid_interface)
build/cooja/contiki-ng-cooja.a(pir-sensor.o)
                              build/cooja/mtype773908496.o (pir_interface)
build/cooja/contiki-ng-cooja.a(rs232.o)
                              build/cooja/mtype773908496.o (rs232_interface)
build/cooja/contiki-ng-cooja.a(vib-sensor.o)
                              build/cooja/mtype773908496.o (vib_interface)
build/cooja/contiki-ng-cooja.a(clock.o)
                              build/cooja/mtype773908496.o (clock_interface)
build/cooja/contiki-ng-cooja.a(cooja-log.o)
                              build/cooja/mtype773908496.o (simlog_interface)
build/cooja/contiki-ng-cooja.a(cfs-cooja.o)
                              build/cooja/mtype773908496.o (cfs_interface)
build/cooja/contiki-ng-cooja.a(cooja-radio.o)
                              build/cooja/mtype773908496.o (radio_interface)
build/cooja/contiki-ng-cooja.a(eeprom.o)
                              build/cooja/mtype773908496.o (eeprom_interface)
build/cooja/contiki-ng-cooja.a(random.o)
                              build/cooja/contiki-ng-cooja.a(moteid.o) (random_init)
build/cooja/contiki-ng-cooja.a(sensors.o)
                              build/cooja/contiki-ng-cooja.a(pir-sensor.o) (sensors_changed)
build/cooja/contiki-ng-cooja.a(leds.o)
                              build/cooja/contiki-ng-cooja.a(leds-arch.o) (leds_get)
build/cooja/contiki-ng-cooja.a(gpio-hal-arch.o)
                              build/cooja/contiki-ng-cooja.a(leds-arch.o) (gpio_hal_arch_register_pin_callback)
build/cooja/contiki-ng-cooja.a(buttons.o)
                              build/cooja/mtype773908496.o (button_interface)
build/cooja/contiki-ng-cooja.a(coap-blocking-api.o)
                              coap-client-root.o (coap_blocking_request)
build/cooja/contiki-ng-cooja.a(coap-transactions.o)
                              build/cooja/contiki-ng-cooja.a(coap-blocking-api.o) (coap_send_transaction)
build/cooja/contiki-ng-cooja.a(coap-uip.o)
                              coap-client-root.o (coap_endpoint_log)
build/cooja/contiki-ng-cooja.a(coap.o)
                              build/cooja/contiki-ng-cooja.a(coap-blocking-api.o) (coap_get_mid)
build/cooja/contiki-ng-cooja.a(contiki-main.o)
                              build/cooja/mtype773908496.o (main)
build/cooja/contiki-ng-cooja.a(autostart.o)
                              build/cooja/contiki-ng-cooja.a(contiki-main.o) (autostart_start)
build/cooja/contiki-ng-cooja.a(ctimer.o)
                              build/cooja/contiki-ng-cooja.a(contiki-main.o) (ctimer_init)
build/cooja/contiki-ng-cooja.a(energest.o)
                              build/cooja/contiki-ng-cooja.a(contiki-main.o) (energest_init)
build/cooja/contiki-ng-cooja.a(etimer.o)
                              build/cooja/contiki-ng-cooja.a(contiki-main.o) (etimer_process)
build/cooja/contiki-ng-cooja.a(log.o)
                              build/cooja/contiki-ng-cooja.a(coap-blocking-api.o) (curr_log_level_coap)
build/cooja/contiki-ng-cooja.a(node-id.o)
                              coap-client-root.o (node_id)
build/cooja/contiki-ng-cooja.a(process.o)
                              build/cooja/contiki-ng-cooja.a(coap-blocking-api.o) (process_current)
build/cooja/contiki-ng-cooja.a(rtimer.o)
                              build/cooja/contiki-ng-cooja.a(contiki-main.o) (rtimer_init)
build/cooja/contiki-ng-cooja.a(timer.o)
                              build/cooja/contiki-ng-cooja.a(etimer.o) (timer_set)
build/cooja/contiki-ng-cooja.a(list.o)
                              build/cooja/contiki-ng-cooja.a(ctimer.o) (list_init)
build/cooja/contiki-ng-cooja.a(memb.o)
                              build/cooja/contiki-ng-cooja.a(coap-transactions.o) (memb_alloc)
build/cooja/contiki-ng-cooja.a(button-hal.o)
                              build/cooja/mtype773908496.o (button_hal_init)
build/cooja/contiki-ng-cooja.a(gpio-hal.o)
                              build/cooja/contiki-ng-cooja.a(button-hal.o) (gpio_hal_register_handler)
build/cooja/contiki-ng-cooja.a(serial-line.o)
[...]
Memory Configuration

Name             Origin             Length             Attributes
*default*        0x0000000000000000 0xffffffffffffffff

Linker script and memory map

LOAD /usr/lib/gcc/x86_64-linux-gnu/11/../../../x86_64-linux-gnu/crti.o
LOAD /usr/lib/gcc/x86_64-linux-gnu/11/crtbeginS.o
LOAD coap-client-root.o
LOAD build/cooja/mtype773908496.o
LOAD build/cooja/contiki-ng-cooja.a
LOAD /usr/lib/gcc/x86_64-linux-gnu/11/libgcc.a
LOAD /usr/lib/gcc/x86_64-linux-gnu/11/libgcc_s.so
START GROUP
LOAD /usr/lib/gcc/x86_64-linux-gnu/11/../../../x86_64-linux-gnu/libgcc_s.so.1
LOAD /usr/lib/gcc/x86_64-linux-gnu/11/libgcc.a
END GROUP
LOAD /usr/lib/gcc/x86_64-linux-gnu/11/../../../x86_64-linux-gnu/libc.so
START GROUP
LOAD /lib/x86_64-linux-gnu/libc.so.6
LOAD /usr/lib/x86_64-linux-gnu/libc_nonshared.a
LOAD /lib64/ld-linux-x86-64.so.2
END GROUP
LOAD /usr/lib/gcc/x86_64-linux-gnu/11/libgcc.a
LOAD /usr/lib/gcc/x86_64-linux-gnu/11/libgcc_s.so
START GROUP
LOAD /usr/lib/gcc/x86_64-linux-gnu/11/../../../x86_64-linux-gnu/libgcc_s.so.1
LOAD /usr/lib/gcc/x86_64-linux-gnu/11/libgcc.a
END GROUP
LOAD /usr/lib/gcc/x86_64-linux-gnu/11/crtendS.o
LOAD /usr/lib/gcc/x86_64-linux-gnu/11/../../../x86_64-linux-gnu/crtn.o
                0x00000000000002a8                . = (SEGMENT_START ("text-segment", 0x0) + SIZEOF_HEADERS)

.note.gnu.property
                0x00000000000002a8       0x20
 .note.gnu.property
                0x00000000000002a8       0x20 /usr/lib/gcc/x86_64-linux-gnu/11/../../../x86_64-linux-gnu/crti.o

.note.gnu.build-id
                0x00000000000002c8       0x24
 *(.note.gnu.build-id)
 .note.gnu.build-id
                0x00000000000002c8       0x24 /usr/lib/gcc/x86_64-linux-gnu/11/../../../x86_64-linux-gnu/crti.o

.hash
 *(.hash)

.gnu.hash       0x00000000000002f0     0x1aa4
 *(.gnu.hash)
 .gnu.hash      0x00000000000002f0     0x1aa4 /usr/lib/gcc/x86_64-linux-gnu/11/../../../x86_64-linux-gnu/crti.o

.dynsym         0x0000000000001d98     0x5850
 *(.dynsym)
 .dynsym        0x0000000000001d98     0x5850 /usr/lib/gcc/x86_64-linux-gnu/11/../../../x86_64-linux-gnu/crti.o

.dynstr         0x00000000000075e8     0x479f
 *(.dynstr)
 .dynstr        0x00000000000075e8     0x479f /usr/lib/gcc/x86_64-linux-gnu/11/../../../x86_64-linux-gnu/crti.o

.gnu.version    0x000000000000bd88      0x75c
 *(.gnu.version)
 .gnu.version   0x000000000000bd88      0x75c /usr/lib/gcc/x86_64-linux-gnu/11/../../../x86_64-linux-gnu/crti.o

.gnu.version_d  0x000000000000c4e8        0x0
 *(.gnu.version_d)
 .gnu.version_d
                0x000000000000c4e8        0x0 /usr/lib/gcc/x86_64-linux-gnu/11/../../../x86_64-linux-gnu/crti.o

.gnu.version_r  0x000000000000c4e8       0x40
 *(.gnu.version_r)
 .gnu.version_r
                0x000000000000c4e8       0x40 /usr/lib/gcc/x86_64-linux-gnu/11/../../../x86_64-linux-gnu/crti.o

.rela.dyn       0x000000000000c528     0x2bc8
 *(.rela.init)
 *(.rela.text .rela.text.* .rela.gnu.linkonce.t.*)
 .rela.text     0x000000000000c528        0x0 /usr/lib/gcc/x86_64-linux-gnu/11/../../../x86_64-linux-gnu/crti.o
 *(.rela.fini)
 *(.rela.rodata .rela.rodata.* .rela.gnu.linkonce.r.*)
 *(.rela.data .rela.data.* .rela.gnu.linkonce.d.*)
 .rela.data.rel.local
                0x000000000000c528      0xd80 /usr/lib/gcc/x86_64-linux-gnu/11/../../../x86_64-linux-gnu/crti.o
 .rela.data.rel.ro
                0x000000000000d2a8      0x2a0 /usr/lib/gcc/x86_64-linux-gnu/11/../../../x86_64-linux-gnu/crti.o
 .rela.data.rel
                0x000000000000d548      0x3f0 /usr/lib/gcc/x86_64-linux-gnu/11/../../../x86_64-linux-gnu/crti.o
 .rela.data.rel.ro.local
                0x000000000000d938      0x678 /usr/lib/gcc/x86_64-linux-gnu/11/../../../x86_64-linux-gnu/crti.o
 *(.rela.tdata .rela.tdata.* .rela.gnu.linkonce.td.*)
 *(.rela.tbss .rela.tbss.* .rela.gnu.linkonce.tb.*)
 *(.rela.ctors)
 *(.rela.dtors)
 *(.rela.got)
 .rela.got      0x000000000000dfb0     0x1110 /usr/lib/gcc/x86_64-linux-gnu/11/../../../x86_64-linux-gnu/crti.o
 *(.rela.bss .rela.bss.* .rela.gnu.linkonce.b.*)
 *(.rela.ldata .rela.ldata.* .rela.gnu.linkonce.l.*)
 *(.rela.lbss .rela.lbss.* .rela.gnu.linkonce.lb.*)
 *(.rela.lrodata .rela.lrodata.* .rela.gnu.linkonce.lr.*)
 *(.rela.ifunc)
 .rela.ifunc    0x000000000000f0c0        0x0 /usr/lib/gcc/x86_64-linux-gnu/11/../../../x86_64-linux-gnu/crti.o
 .rela.fini_array
                0x000000000000f0c0       0x18 /usr/lib/gcc/x86_64-linux-gnu/11/../../../x86_64-linux-gnu/crti.o
 .rela.init_array
                0x000000000000f0d8       0x18 /usr/lib/gcc/x86_64-linux-gnu/11/../../../x86_64-linux-gnu/crti.o

.rela.plt       0x000000000000f0f0     0x3108
 *(.rela.plt)
 .rela.plt      0x000000000000f0f0     0x3108 /usr/lib/gcc/x86_64-linux-gnu/11/../../../x86_64-linux-gnu/crti.o
 *(.rela.iplt)

.relr.dyn
 *(.relr.dyn)
                0x0000000000013000                . = ALIGN (CONSTANT (MAXPAGESIZE))

.init           0x0000000000013000       0x1b
 *(SORT_NONE(.init))
 .init          0x0000000000013000       0x16 /usr/lib/gcc/x86_64-linux-gnu/11/../../../x86_64-linux-gnu/crti.o
                0x0000000000013000                _init
 .init          0x0000000000013016        0x5 /usr/lib/gcc/x86_64-linux-gnu/11/../../../x86_64-linux-gnu/crtn.o

.plt            0x0000000000013020     0x20c0
 *(.plt)
 .plt           0x0000000000013020     0x20c0 /usr/lib/gcc/x86_64-linux-gnu/11/../../../x86_64-linux-gnu/crti.o
 *(.iplt)

.plt.got        0x00000000000150e0       0x30
 *(.plt.got)
 .plt.got       0x00000000000150e0       0x30 /usr/lib/gcc/x86_64-linux-gnu/11/../../../x86_64-linux-gnu/crti.o

.plt.sec        0x0000000000015110     0x20b0
 *(.plt.sec)
 .plt.sec       0x0000000000015110     0x20b0 /usr/lib/gcc/x86_64-linux-gnu/11/../../../x86_64-linux-gnu/crti.o

.text           0x00000000000171c0    0x34418
 *(.text.unlikely .text.*_unlikely .text.unlikely.*)
 *(.text.exit .text.exit.*)
 *(.text.startup .text.startup.*)
 *(.text.hot .text.hot.*)
 *(SORT_BY_NAME(.text.sorted.*))
 *(.text .stub .text.* .gnu.linkonce.t.*)
 .text          0x00000000000171c0        0x0 /usr/lib/gcc/x86_64-linux-gnu/11/../../../x86_64-linux-gnu/crti.o
 .text          0x00000000000171c0       0xb9 /usr/lib/gcc/x86_64-linux-gnu/11/crtbeginS.o
 .text          0x0000000000017279      0x424 coap-client-root.o
                0x0000000000017279                client_chunk_handler
 .text          0x000000000001769d      0x374 build/cooja/mtype773908496.o
                0x0000000000017753                platform_init_stage_one
                0x0000000000017768                platform_init_stage_two
                0x000000000001777d                platform_init_stage_three
                0x0000000000017792                platform_main_loop
                0x000000000001782c                JNI_OnLoad
                0x0000000000017843                Java_org_contikios_cooja_corecomm_Lib3_init
                0x0000000000017896                Java_org_contikios_cooja_corecomm_Lib3_getMemory
                0x00000000000178f5                Java_org_contikios_cooja_corecomm_Lib3_setMemory
                0x0000000000017954                Java_org_contikios_cooja_corecomm_Lib3_tick
                0x00000000000179e2                Java_org_contikios_cooja_corecomm_Lib3_setReferenceAddress
 .text          0x0000000000017a11       0x93 build/cooja/contiki-ng-cooja.a(simEnvChange.o)
                0x0000000000017a11                doActionsBeforeTick
                0x0000000000017a5a                doActionsAfterTick
 .text          0x0000000000017aa4       0xab build/cooja/contiki-ng-cooja.a(cooja_mt.o)
                0x0000000000017aa4                cooja_mt_start
                0x0000000000017ae4                cooja_mt_exec
                0x0000000000017b27                cooja_mt_yield
 .text          0x0000000000017b4f      0x10e build/cooja/contiki-ng-cooja.a(cooja_mtarch.o)
                0x0000000000017b4f                cooja_mtarch_start
                0x0000000000017bf2                cooja_sw
                0x0000000000017c1f                cooja_mtarch_exec
                0x0000000000017c4d                cooja_mtarch_yield
 .text          0x0000000000017c5d       0xcc build/cooja/contiki-ng-cooja.a(rtimer-arch.o)
                0x0000000000017c5d                rtimer_arch_init
                0x0000000000017c83                rtimer_arch_schedule
                0x0000000000017cad                rtimer_arch_next
                0x0000000000017cc1                rtimer_arch_pending
                0x0000000000017cd4                rtimer_arch_check
                0x0000000000017d15                rtimer_arch_now
 .text          0x0000000000017d29       0xe6 build/cooja/contiki-ng-cooja.a(beep.o)
                0x0000000000017d29                beep_alarm
                0x0000000000017d44                beep_beep
                0x0000000000017d5c                beep
                0x0000000000017d71                beep_down
                0x0000000000017d89                beep_on
                0x0000000000017d9e                beep_off
                0x0000000000017db3                beep_spinup
                0x0000000000017dc8                beep_quick
                0x0000000000017de0                beep_long
 .text          0x0000000000017e0f       0x80 build/cooja/contiki-ng-cooja.a(leds-arch.o)
                0x0000000000017e28                leds_arch_init
 .text          0x0000000000017e8f       0x41 build/cooja/contiki-ng-cooja.a(moteid.o)
 .text          0x0000000000017ed0       0xfa build/cooja/contiki-ng-cooja.a(pir-sensor.o)
 .text          0x0000000000017fca      0x18b build/cooja/contiki-ng-cooja.a(rs232.o)
                0x0000000000017fca                rs232_init
                0x0000000000017fd5                rs232_set_speed
                0x0000000000017fe5                rs232_set_input
                0x0000000000017fff                rs232_send
                0x000000000001801e                rs232_print
                0x000000000001804c                slip_arch_writeb
 .text          0x0000000000018155       0xfa build/cooja/contiki-ng-cooja.a(vib-sensor.o)
 .text          0x000000000001824f       0x6f build/cooja/contiki-ng-cooja.a(clock.o)
                0x000000000001824f                clock_init
                0x000000000001825a                clock_time
                0x000000000001826e                clock_seconds
                0x000000000001829a                clock_delay
 .text          0x00000000000182be      0x214 build/cooja/contiki-ng-cooja.a(cooja-log.o)
                0x00000000000182be                simlog_char
                0x0000000000018318                simlog
                0x000000000001839d                log_message
                0x00000000000183e2                log_set_putchar_with_slip
                0x00000000000183f9                dbg_putchar
                0x000000000001847a                dbg_send_bytes
 .text          0x00000000000184d2      0x39b build/cooja/contiki-ng-cooja.a(cfs-cooja.o)
                0x00000000000184d2                cfs_open
                0x000000000001854f                cfs_close
                0x0000000000018564                cfs_read
                0x000000000001862b                cfs_write
                0x000000000001873b                cfs_seek
                0x00000000000187ea                cfs_remove
                0x000000000001881a                cfs_opendir
                0x0000000000018831                cfs_readdir
                0x0000000000018848                cfs_closedir
 .text          0x000000000001886d      0x771 build/cooja/contiki-ng-cooja.a(cooja-radio.o)
                0x00000000000188cc                radio_set_channel
                0x00000000000188e6                radio_set_txpower
                0x0000000000018903                radio_signal_strength_last
                0x0000000000018916                radio_signal_strength_current
                0x0000000000018929                radio_LQI
 .text          0x0000000000018fde      0x163 build/cooja/contiki-ng-cooja.a(eeprom.o)
                0x0000000000018fde                eeprom_init
                0x0000000000018fed                eeprom_read
                0x000000000001908c                eeprom_write
 .text          0x0000000000019141       0x2f build/cooja/contiki-ng-cooja.a(random.o)
                0x0000000000019141                random_init
                0x0000000000019161                random_rand
 .text          0x0000000000019170      0x35f build/cooja/contiki-ng-cooja.a(sensors.o)
                0x00000000000191b9                sensors_first
                0x00000000000191cd                sensors_next
                0x00000000000191fc                sensors_changed
                0x0000000000019249                sensors_find
 .text          0x00000000000194cf      0x3ad build/cooja/contiki-ng-cooja.a(leds.o)
                0x00000000000194cf                leds_init
                0x000000000001951a                leds_single_on
                0x0000000000019587                leds_single_off
                0x00000000000195f4                leds_single_toggle
                0x000000000001962c                leds_on
                0x00000000000196bd                leds_off
                0x000000000001974e                leds_toggle
                0x00000000000197aa                leds_set
                0x00000000000197d3                leds_get
 .text          0x000000000001987c      0x41b build/cooja/contiki-ng-cooja.a(gpio-hal-arch.o)
                0x000000000001987c                gpio_hal_arch_register_pin_callback
                0x0000000000019923                gpio_hal_arch_init
                0x0000000000019979                gpio_hal_arch_no_port_interrupt_enable
                0x00000000000199c6                gpio_hal_arch_no_port_interrupt_disable
                0x0000000000019a13                gpio_hal_arch_no_port_pin_cfg_set
                0x0000000000019a49                gpio_hal_arch_no_port_pin_cfg_get
                0x0000000000019a7d                gpio_hal_arch_no_port_pin_set_input
                0x0000000000019a90                gpio_hal_arch_no_port_pin_set_output
                0x0000000000019aa3                gpio_hal_arch_no_port_set_pin
                0x0000000000019ac7                gpio_hal_arch_no_port_clear_pin
                0x0000000000019aeb                gpio_hal_arch_no_port_read_pin
                0x0000000000019b18                gpio_hal_arch_no_port_write_pin
                0x0000000000019b42                gpio_hal_arch_no_port_set_pins
                0x0000000000019b91                gpio_hal_arch_no_port_clear_pins
                0x0000000000019be0                gpio_hal_arch_no_port_read_pins
                0x0000000000019c2e                gpio_hal_arch_no_port_write_pins
 .text          0x0000000000019c97       0xa8 build/cooja/contiki-ng-cooja.a(buttons.o)
 .text          0x0000000000019d3f      0x3cc build/cooja/contiki-ng-cooja.a(coap-blocking-api.o)
                0x0000000000019d3f                coap_blocking_request_callback
                0x0000000000019d7a                coap_blocking_request
 .text          0x000000000001a10b      0x33a build/cooja/contiki-ng-cooja.a(coap-transactions.o)
                0x000000000001a19d                coap_new_transaction
                0x000000000001a214                coap_send_transaction
                0x000000000001a393                coap_clear_transaction
                0x000000000001a3e9                coap_get_transaction_by_mid
 .text          0x000000000001a445      0xb98 build/cooja/contiki-ng-cooja.a(coap-uip.o)
                0x000000000001a445                coap_endpoint_log
                0x000000000001a4e1                coap_endpoint_print
                0x000000000001a57d                coap_endpoint_snprint
                0x000000000001a703                coap_endpoint_copy
                0x000000000001a74b                coap_endpoint_cmp
                0x000000000001a8a0                coap_endpoint_parse
                0x000000000001aacf                coap_endpoint_is_secure
                0x000000000001aae8                coap_endpoint_is_connected
                0x000000000001ab2e                coap_endpoint_connect
                0x000000000001ab54                coap_endpoint_disconnect
                0x000000000001ab63                coap_databuf
                0x000000000001ab77                coap_transport_init
                0x000000000001acca                coap_sendto
 .text          0x000000000001afdd     0x270a build/cooja/contiki-ng-cooja.a(coap.o)
                0x000000000001b6b5                coap_init_connection
                0x000000000001b6cc                coap_get_mid
                0x000000000001b6ee                coap_init_message
                0x000000000001b744                coap_serialize_message
                0x000000000001becd                coap_parse_message
                0x000000000001c964                coap_get_query_variable
                0x000000000001c9c0                coap_get_post_variable
                0x000000000001ca1a                coap_set_status_code
                0x000000000001ca4c                coap_set_token
                0x000000000001caac                coap_get_header_content_format
                0x000000000001caf4                coap_set_header_content_format
                0x000000000001cb2c                coap_get_header_accept
                0x000000000001cb77                coap_set_header_accept
                0x000000000001cbb2                coap_get_header_max_age
                0x000000000001cbfb                coap_set_header_max_age
                0x000000000001cc30                coap_get_header_etag
                0x000000000001cc7c                coap_set_header_etag
                0x000000000001cced                coap_get_header_if_match
                0x000000000001cd3f                coap_set_header_if_match
                0x000000000001cdbc                coap_get_header_if_none_match
                0x000000000001cde7                coap_set_header_if_none_match
                0x000000000001ce0f                coap_get_header_proxy_uri
                0x000000000001ce58                coap_set_header_proxy_uri
                0x000000000001cea7                coap_get_header_uri_host
                0x000000000001cef0                coap_set_header_uri_host
                0x000000000001cf3f                coap_get_header_uri_path
                0x000000000001cf8e                coap_set_header_uri_path
                0x000000000001cff8                coap_get_header_uri_query
                0x000000000001d047                coap_set_header_uri_query
                0x000000000001d0b1                coap_get_header_location_path
                0x000000000001d0fa                coap_set_header_location_path
                0x000000000001d1b0                coap_get_header_location_query
                0x000000000001d1ff                coap_set_header_location_query
                0x000000000001d269                coap_get_header_observe
                0x000000000001d2b2                coap_set_header_observe
                0x000000000001d2ea                coap_get_header_block2
                0x000000000001d38c                coap_set_header_block2
                0x000000000001d41c                coap_get_header_block1
                0x000000000001d4be                coap_set_header_block1
                0x000000000001d549                coap_get_header_size2
                0x000000000001d590                coap_set_header_size2
                0x000000000001d5c8                coap_get_header_size1
                0x000000000001d60f                coap_set_header_size1
                0x000000000001d647                coap_get_payload
                0x000000000001d697                coap_set_payload
 .text          0x000000000001d6e7      0x432 build/cooja/contiki-ng-cooja.a(contiki-main.o)
                0x000000000001d6e7                main
 .text          0x000000000001db19       0xbd build/cooja/contiki-ng-cooja.a(autostart.o)
                0x000000000001db19                autostart_start
                0x000000000001db7a                autostart_exit
 .text          0x000000000001dbd6      0x441 build/cooja/contiki-ng-cooja.a(ctimer.o)
                0x000000000001dd38                ctimer_init
                0x000000000001dd6d                ctimer_set
                0x000000000001ddb1                ctimer_set_with_process
                0x000000000001de6b                ctimer_reset
                0x000000000001dedc                ctimer_restart
                0x000000000001df4d                ctimer_stop
                0x000000000001dfab                ctimer_expired
 .text          0x000000000001e017       0x25 build/cooja/contiki-ng-cooja.a(energest.o)
                0x000000000001e017                energest_init
                0x000000000001e022                energest_flush
                0x000000000001e02d                energest_get_total_time
 .text          0x000000000001e03c      0x57c build/cooja/contiki-ng-cooja.a(etimer.o)
                0x000000000001e2e4                etimer_request_poll
                0x000000000001e396                etimer_set
                0x000000000001e3cc                etimer_reset_with_new_interval
                0x000000000001e407                etimer_reset
                0x000000000001e432                etimer_restart
                0x000000000001e45d                etimer_adjust
                0x000000000001e48e                etimer_expired
                0x000000000001e4ad                etimer_expiration_time
                0x000000000001e4cd                etimer_start_time
                0x000000000001e4e2                etimer_pending
                0x000000000001e4fc                etimer_next_expiration_time
                0x000000000001e51d                etimer_stop
 .text          0x000000000001e5b8      0x539 build/cooja/contiki-ng-cooja.a(log.o)
                0x000000000001e5b8                log_6addr
                0x000000000001e61e                log_6addr_compact_snprint
                0x000000000001e6f9                log_6addr_compact
                0x000000000001e75f                log_lladdr
                0x000000000001e7df                log_lladdr_compact
                0x000000000001e861                log_bytes
                0x000000000001e8c1                log_set_level
                0x000000000001e9cf                log_get_level
                0x000000000001ea86                log_level_to_str
 .text          0x000000000001eaf1       0x36 build/cooja/contiki-ng-cooja.a(node-id.o)
                0x000000000001eaf1                node_id_init
 .text          0x000000000001eb27      0x673 build/cooja/contiki-ng-cooja.a(process.o)
                0x000000000001eb27                process_alloc_event
                0x000000000001eb41                process_start
                0x000000000001edb1                process_exit
                0x000000000001eddd                process_init
                0x000000000001efd4                process_run
                0x000000000001f009                process_nevents
                0x000000000001f029                process_post
                0x000000000001f0f1                process_post_synch
                0x000000000001f13f                process_poll
                0x000000000001f17c                process_is_running
 .text          0x000000000001f19a      0x101 build/cooja/contiki-ng-cooja.a(rtimer.o)
                0x000000000001f19a                rtimer_init
                0x000000000001f1aa                rtimer_set
                0x000000000001f22b                rtimer_run_next
 .text          0x000000000001f29b       0xfd build/cooja/contiki-ng-cooja.a(timer.o)
                0x000000000001f29b                timer_set
                0x000000000001f2ca                timer_reset
                0x000000000001f306                timer_restart
                0x000000000001f325                timer_expired
                0x000000000001f360                timer_remaining
 .text          0x000000000001f398      0x39b build/cooja/contiki-ng-cooja.a(list.o)
                0x000000000001f398                list_init
                0x000000000001f3b2                list_head
                0x000000000001f3c7                list_copy
                0x000000000001f3e8                list_tail
                0x000000000001f431                list_add
                0x000000000001f495                list_push
                0x000000000001f4d8                list_chop
                0x000000000001f565                list_pop
                0x000000000001f59f                list_remove
                0x000000000001f62b                list_length
                0x000000000001f666                list_insert
                0x000000000001f6c9                list_item_next
                0x000000000001f6ec                list_contains
 .text          0x000000000001f733      0x21a build/cooja/contiki-ng-cooja.a(memb.o)
                0x000000000001f733                memb_init
                0x000000000001f796                memb_alloc
                0x000000000001f810                memb_free
                0x000000000001f8a3                memb_inmemb
                0x000000000001f8fa                memb_numfree
 .text          0x000000000001f94d      0x574 build/cooja/contiki-ng-cooja.a(button-hal.o)
                0x000000000001fb18                button_hal_get_by_id
                0x000000000001fb66                button_hal_get_by_index
                0x000000000001fb9d                button_hal_get_state
                0x000000000001fc00                button_hal_init
 .text          0x000000000001fec1      0x181 build/cooja/contiki-ng-cooja.a(gpio-hal.o)
                0x000000000001fec1                gpio_hal_register_handler
                0x000000000001feea                gpio_hal_event_handler
                0x000000000001ff55                gpio_hal_init
                0x000000000001ff74                gpio_hal_arch_port_toggle_pin
                0x000000000001ffab                gpio_hal_arch_port_toggle_pins
                0x000000000001ffdc                gpio_hal_arch_no_port_toggle_pin
                0x0000000000020016                gpio_hal_arch_no_port_toggle_pins
 .text          0x0000000000020042      0x238 build/cooja/contiki-ng-cooja.a(serial-line.o)
                0x0000000000020042                serial_line_input_byte
                0x000000000002023d                serial_line_init
 .text          0x000000000002027a       0x80 build/cooja/contiki-ng-cooja.a(linkaddr.o)
                0x000000000002027a                linkaddr_copy
                0x000000000002029b                linkaddr_cmp
                0x00000000000202d1                linkaddr_set_node_addr
 .text          0x00000000000202fa      0x12b build/cooja/contiki-ng-cooja.a(netstack.o)
                0x00000000000202fa                netstack_process_ip_callback
                0x000000000002039b                netstack_ip_packet_processor_add
                0x00000000000203cb                uip_ds6_ip_packet_processor_rm
                0x00000000000203f4                netstack_init
 .text          0x0000000000020425      0x63d build/cooja/contiki-ng-cooja.a(packetbuf.o)
                0x0000000000020425                packetbuf_clear
                0x000000000002045a                packetbuf_copyfrom
                0x00000000000204b3                packetbuf_copyto
                0x0000000000020559                packetbuf_hdralloc
                0x00000000000205e8                packetbuf_hdrallocfromend
                0x0000000000020685                packetbuf_hdrreduce
                0x00000000000206d5                packetbuf_set_datalen
                0x00000000000206f1                packetbuf_dataptr
                0x0000000000020716                packetbuf_hdrptr
                0x0000000000020727                packetbuf_datalen
                0x0000000000020738                packetbuf_hdrlen
                0x0000000000020754                packetbuf_totlen
                0x0000000000020776                packetbuf_remaininglen
                0x000000000002078e                packetbuf_attr_clear
                0x00000000000207f3                packetbuf_attr_copyto
                0x000000000002083e                packetbuf_attr_copyfrom
                0x0000000000020889                packetbuf_set_attr
                0x00000000000208b9                packetbuf_attr
                0x00000000000208da                packetbuf_set_addr
                0x0000000000020920                packetbuf_addr
                0x000000000002094a                packetbuf_holds_broadcast
                0x0000000000020971                packetbuf_ie_clear
                0x0000000000020983                packetbuf_ie_copyfrom
                0x00000000000209d8                packetbuf_ie_copyto
                0x0000000000020a26                packetbuf_ielen
                0x0000000000020a37                packetbuf_set_ielen
                0x0000000000020a51                packetbuf_ie_ptr
 .text          0x0000000000020a62      0x382 build/cooja/contiki-ng-cooja.a(queuebuf.o)
                0x0000000000020a77                queuebuf_init
                0x0000000000020aa0                queuebuf_numfree
                0x0000000000020ab9                queuebuf_new_from_packetbuf
                0x0000000000020b6c                queuebuf_update_attr_from_packetbuf
                0x0000000000020baf                queuebuf_update_from_packetbuf
                0x0000000000020c0b                queuebuf_free
                0x0000000000020c67                queuebuf_to_packetbuf
                0x0000000000020ce0                queuebuf_dataptr
                0x0000000000020d27                queuebuf_datalen
                0x0000000000020d57                queuebuf_addr
                0x0000000000020d9e                queuebuf_attr
                0x0000000000020dd9                queuebuf_debug_print
 .text          0x0000000000020de4      0x116 build/cooja/contiki-ng-cooja.a(printf.o)
                0x0000000000020e19                log_printf
 .text          0x0000000000020efa       0x1e build/cooja/contiki-ng-cooja.a(putchar.o)
                0x0000000000020efa                log_putchar
 .text          0x0000000000020f18       0x3d build/cooja/contiki-ng-cooja.a(puts.o)
                0x0000000000020f18                log_puts
 .text          0x0000000000020f55      0x1f8 build/cooja/contiki-ng-cooja.a(snprintf.o)
                0x0000000000020fe0                log_snprintf
                0x00000000000210c5                log_vsnprintf
 .text          0x000000000002114d     0x170b build/cooja/contiki-ng-cooja.a(strformat.o)
                0x00000000000214c0                format_str
                0x00000000000215a1                format_str_v
 .text          0x0000000000022858     0x4d36 build/cooja/contiki-ng-cooja.a(tsch.o)
                0x0000000000022858                strip_payload_termination_ie
                0x0000000000022894                tsch_set_coordinator
                0x00000000000228ef                tsch_set_pan_secured
                0x000000000002290a                tsch_set_join_priority
                0x0000000000022927                tsch_set_ka_timeout
                0x000000000002294d                tsch_set_eb_period
                0x0000000000022eff                tsch_schedule_keepalive
                0x0000000000023845                tsch_disassociate
                0x0000000000024087                tsch_scan
 .text          0x000000000002758e     0x38a9 build/cooja/contiki-ng-cooja.a(sicslowpan.o)
                0x0000000000027d64                netstack_sniffer_add
                0x0000000000027d7e                netstack_sniffer_remove
                0x000000000002ae00                sicslowpan_init
                0x000000000002ae27                sicslowpan_get_last_rssi
 .text          0x000000000002ae37      0x8dd build/cooja/contiki-ng-cooja.a(tcpip.o)
                0x000000000002ae67                tcpip_output
                0x000000000002aeff                udp_attach
                0x000000000002af2d                udp_new
                0x000000000002af88                udp_broadcast_new
                0x000000000002b13c                tcpip_input
                0x000000000002b361                tcpip_ipv6_output
                0x000000000002b5ba                tcpip_poll_udp
                0x000000000002b5e8                tcpip_uipcall
 .text          0x000000000002b714      0x416 build/cooja/contiki-ng-cooja.a(uip-ds6-nbr.o)
                0x000000000002b714                uip_ds6_neighbors_init
                0x000000000002b73d                uip_ds6_nbr_add
                0x000000000002b7db                uip_ds6_nbr_rm
                0x000000000002b838                uip_ds6_nbr_update_ll
                0x000000000002b93d                uip_ds6_nbr_get_ipaddr
                0x000000000002b95d                uip_ds6_nbr_get_ll
                0x000000000002b985                uip_ds6_nbr_num
                0x000000000002b9d7                uip_ds6_nbr_head
                0x000000000002b9f0                uip_ds6_nbr_next
                0x000000000002ba18                uip_ds6_nbr_lookup
                0x000000000002ba81                uip_ds6_nbr_ll_lookup
                0x000000000002baa9                uip_ds6_nbr_ipaddr_from_lladdr
                0x000000000002badd                uip_ds6_nbr_lladdr_from_ipaddr
                0x000000000002bb19                uip_ds6_link_callback
 .text          0x000000000002bb2a      0xc36 build/cooja/contiki-ng-cooja.a(uip-ds6-route.o)
                0x000000000002bc41                uip_ds6_notification_add
                0x000000000002bc88                uip_ds6_notification_rm
                0x000000000002bcb1                uip_ds6_route_init
                0x000000000002bd23                uip_ds6_route_count_nexthop_neighbors
                0x000000000002bdb8                uip_ds6_route_nexthop
                0x000000000002bdec                uip_ds6_route_head
                0x000000000002be05                uip_ds6_route_next
                0x000000000002be39                uip_ds6_route_is_nexthop
                0x000000000002be8b                uip_ds6_route_num_routes
                0x000000000002be9b                uip_ds6_route_lookup
                0x000000000002bf8a                uip_ds6_route_add
                0x000000000002c21a                uip_ds6_route_rm
                0x000000000002c41c                uip_ds6_route_rm_by_nexthop
                0x000000000002c468                uip_ds6_defrt_head
                0x000000000002c481                uip_ds6_defrt_add
                0x000000000002c556                uip_ds6_defrt_rm
                0x000000000002c5e9                uip_ds6_defrt_lookup
                0x000000000002c660                uip_ds6_defrt_choose
                0x000000000002c6e3                uip_ds6_defrt_periodic
 .text          0x000000000002c760      0xebc build/cooja/contiki-ng-cooja.a(uip-ds6.o)
                0x000000000002c760                uip_ds6_default_prefix
                0x000000000002c771                uip_ds6_set_default_prefix
                0x000000000002c799                uip_ds6_init
                0x000000000002ca38                uip_ds6_periodic
                0x000000000002cada                uip_ds6_list_loop
                0x000000000002cbc3                uip_ds6_prefix_add
                0x000000000002cc94                uip_ds6_prefix_rm
                0x000000000002ccb2                uip_ds6_prefix_lookup
                0x000000000002cd09                uip_ds6_is_addr_onlink
                0x000000000002cd9d                uip_ds6_addr_add
                0x000000000002cee8                uip_ds6_addr_rm
                0x000000000002cfa3                uip_ds6_addr_lookup
                0x000000000002cff8                uip_ds6_get_link_local
                0x000000000002d09d                uip_ds6_get_global
                0x000000000002d142                uip_ds6_maddr_add
                0x000000000002d1be                uip_ds6_maddr_rm
                0x000000000002d1dc                uip_ds6_maddr_lookup
                0x000000000002d234                uip_ds6_aaddr_add
                0x000000000002d2b0                uip_ds6_aaddr_rm
                0x000000000002d2ce                uip_ds6_aaddr_lookup
                0x000000000002d326                uip_ds6_select_src
                0x000000000002d4b0                uip_ds6_set_addr_iid
                0x000000000002d4e9                uip_ds6_set_lladdr_from_iid
                0x000000000002d520                get_match_length
                0x000000000002d5ce                uip_ds6_compute_reachable_time
 .text          0x000000000002d61c      0x8b7 build/cooja/contiki-ng-cooja.a(uip-icmp6.o)
                0x000000000002d699                uip_icmp6_input
                0x000000000002d6f7                uip_icmp6_register_input_handler
                0x000000000002d889                uip_icmp6_error_output
                0x000000000002dbee                uip_icmp6_send
                0x000000000002de3a                uip_icmp6_echo_reply_callback_add
                0x000000000002de81                uip_icmp6_echo_reply_callback_rm
                0x000000000002deaa                uip_icmp6_init
 .text          0x000000000002ded3      0x1b9 build/cooja/contiki-ng-cooja.a(uip-packetqueue.o)
                0x000000000002df12                uip_packetqueue_new
                0x000000000002df2c                uip_packetqueue_alloc
                0x000000000002dfa6                uip_packetqueue_free
                0x000000000002dffe                uip_packetqueue_buf
                0x000000000002e02a                uip_packetqueue_buflen
                0x000000000002e059                uip_packetqueue_set_buflen
 .text          0x000000000002e08c      0x147 build/cooja/contiki-ng-cooja.a(uip-udp-packet.o)
                0x000000000002e08c                uip_udp_packet_send
                0x000000000002e10e                uip_udp_packet_sendto
 .text          0x000000000002e1d3     0x1710 build/cooja/contiki-ng-cooja.a(uip6.o)
                0x000000000002e297                uip_chksum
                0x000000000002e37d                uip_icmp6chksum
                0x000000000002e391                uip_udpchksum
                0x000000000002e3a5                uip_init
                0x000000000002e40c                uip_remove_ext_hdr
                0x000000000002e50d                uip_udp_new
                0x000000000002e8bb                uip_process
                0x000000000002f769                uip_htons
                0x000000000002f78c                uip_htonl
                0x000000000002f7d4                uip_send
 .text          0x000000000002f8e3      0x6b8 build/cooja/contiki-ng-cooja.a(uipbuf.o)
                0x000000000002f8e3                uipbuf_clear
                0x000000000002f91c                uipbuf_add_ext_hdr
                0x000000000002f9b4                uipbuf_set_len
                0x000000000002f9e6                uipbuf_set_len_field
                0x000000000002fa19                uipbuf_get_len_field
                0x000000000002fa44                uipbuf_get_next_header
                0x000000000002fbb6                uipbuf_get_last_header
                0x000000000002fc49                uipbuf_search_header
                0x000000000002fd10                uipbuf_get_attr
                0x000000000002fd41                uipbuf_set_attr
                0x000000000002fd81                uipbuf_set_default_attr
                0x000000000002fdc1                uipbuf_clear_attr
                0x000000000002fe04                uipbuf_set_attr_flag
                0x000000000002fe27                uipbuf_clr_attr_flag
                0x000000000002fe50                uipbuf_is_attr_flag
                0x000000000002fe75                uipbuf_init
                0x000000000002feb7                uipbuf_ie_clear
                0x000000000002fec9                uipbuf_ie_copyfrom
                0x000000000002ff22                uipbuf_ie_copyto
                0x000000000002ff70                uipbuf_ielen
                0x000000000002ff81                uipbuf_set_ielen
 .text          0x000000000002ff9b      0x57d build/cooja/contiki-ng-cooja.a(uiplib.o)
                0x000000000002ff9b                uiplib_ip6addrconv
                0x0000000000030177                uiplib_ip4addrconv
                0x0000000000030249                uiplib_ipaddr_print
                0x00000000000302af                uiplib_ipaddr_snprint
 .text          0x0000000000030518      0x5fe build/cooja/contiki-ng-cooja.a(rpl-dag-root.o)
                0x00000000000305b8                rpl_dag_root_set_prefix
                0x00000000000305f4                rpl_dag_root_start
                0x00000000000308f5                rpl_dag_root_is_root
                0x000000000003094f                rpl_dag_root_print_links
 .text          0x0000000000030b16     0x43bf build/cooja/contiki-ng-cooja.a(rpl-dag.o)
                0x0000000000030b16                rpl_print_neighbor_list
                0x0000000000030bfa                rpl_get_nbr
                0x0000000000030c55                rpl_dag_init
                0x0000000000030c7c                rpl_get_parent
                0x0000000000030caf                rpl_get_parent_rank
                0x0000000000030cf4                rpl_get_parent_link_metric
                0x0000000000030d69                rpl_rank_via_parent
                0x0000000000030dde                rpl_get_parent_lladdr
                0x0000000000030e09                rpl_parent_get_ipaddr
                0x0000000000030e45                rpl_get_parent_link_stats
                0x0000000000030e73                rpl_parent_is_fresh
                0x0000000000030ea1                rpl_parent_is_reachable
                0x00000000000310e2                rpl_get_preferred_parent
                0x00000000000314f9                rpl_set_root
                0x000000000003195c                rpl_repair_root
                0x0000000000031c76                rpl_set_prefix
                0x0000000000031e70                rpl_set_default_route
                0x0000000000031ef7                rpl_alloc_instance
                0x0000000000031f8f                rpl_alloc_dag
                0x000000000003205c                rpl_set_default_instance
                0x0000000000032079                rpl_get_default_instance
                0x000000000003208d                rpl_free_instance
                0x00000000000321ad                rpl_free_dag
                0x00000000000322d6                rpl_add_parent
                0x00000000000323b5                rpl_find_parent
                0x0000000000032435                rpl_find_parent_any_dag
                0x000000000003248a                rpl_select_dag
                0x0000000000032a61                rpl_select_parent
                0x0000000000032aed                rpl_remove_parent
                0x0000000000032ba9                rpl_nullify_parent
                0x0000000000032d12                rpl_move_parent
                0x0000000000032f45                rpl_has_joined
                0x0000000000032f72                rpl_has_downward_route
                0x0000000000032ff5                rpl_get_dag
                0x0000000000033163                rpl_get_any_dag
                0x0000000000033177                rpl_get_instance
                0x00000000000331fd                rpl_find_of
                0x000000000003325d                rpl_join_instance
                0x0000000000033765                rpl_add_dag
                0x0000000000033d1d                rpl_local_repair
                0x0000000000033ee2                rpl_recalculate_ranks
                0x0000000000033f8a                rpl_process_parent_event
                0x00000000000342d3                rpl_process_dio
 .text          0x0000000000034ed5     0x3839 build/cooja/contiki-ng-cooja.a(rpl-icmp6.o)
                0x00000000000352f0                rpl_icmp6_update_nbr_table
                0x0000000000035628                dis_output
                0x00000000000362b8                dio_output
                0x00000000000379d4                dao_output
                0x0000000000037b3e                dao_output_target
                0x000000000003858b                dao_ack_output
                0x00000000000386c7                rpl_icmp6_register_handlers
 .text          0x000000000003870e      0x44f build/cooja/contiki-ng-cooja.a(rpl-mrhof.o)
 .text          0x0000000000038b5d      0x499 build/cooja/contiki-ng-cooja.a(rpl-of0.o)
 .text          0x0000000000038ff6      0x88b build/cooja/contiki-ng-cooja.a(rpl-timers.o)
                0x000000000003939c                rpl_reset_periodic_timer
                0x00000000000393f9                rpl_reset_dio_timer
                0x000000000003977d                rpl_schedule_dao
                0x00000000000397a1                rpl_schedule_dao_immediately
                0x00000000000397c5                rpl_cancel_dao
                0x0000000000039848                rpl_schedule_unicast_dio_immediately
 .text          0x0000000000039881      0xc0f build/cooja/contiki-ng-cooja.a(rpl.o)
                0x0000000000039881                rpl_get_mode
                0x0000000000039891                rpl_set_mode
                0x0000000000039a2d                rpl_purge_routes
                0x0000000000039bf2                rpl_remove_routes
                0x0000000000039c4d                rpl_remove_routes_by_nexthop
                0x0000000000039cc7                rpl_add_route
                0x0000000000039e7e                rpl_link_callback
                0x0000000000039f6b                rpl_ipv6_neighbor_callback
                0x0000000000039ff7                rpl_purge_dags
                0x000000000003a481                rpl_is_in_leaf_mode
 .text          0x000000000003a490      0x258 build/cooja/contiki-ng-cooja.a(slip-bridge.o)
                0x000000000003a490                request_prefix
 .text          0x000000000003a6e8       0x49 build/cooja/contiki-ng-cooja.a(watchdog.o)
                0x000000000003a6e8                watchdog_init
                0x000000000003a6f3                watchdog_start
                0x000000000003a6fe                watchdog_periodic
                0x000000000003a71b                watchdog_stop
                0x000000000003a726                watchdog_reboot
 .text          0x000000000003a731       0x61 build/cooja/contiki-ng-cooja.a(int-master.o)
                0x000000000003a731                int_master_enable
                0x000000000003a746                int_master_read_and_disable
                0x000000000003a766                int_master_status_set
                0x000000000003a77d                int_master_is_enabled
 .text          0x000000000003a792       0x1a build/cooja/contiki-ng-cooja.a(slip-arch.o)
                0x000000000003a792                slip_arch_init
 .text          0x000000000003a7ac      0x198 build/cooja/contiki-ng-cooja.a(rpl-border-router.o)
                0x000000000003a7ac                print_local_addresses
                0x000000000003a8e2                set_prefix_64
                0x000000000003a925                rpl_border_router_init
 .text          0x000000000003a944      0x482 build/cooja/contiki-ng-cooja.a(orchestra.o)
                0x000000000003a9de                orchestra_callback_child_added
                0x000000000003aa3f                orchestra_callback_child_removed
                0x000000000003aaa0                orchestra_callback_packet_ready
                0x000000000003ab8b                orchestra_callback_new_time_source
                0x000000000003ac0e                orchestra_callback_root_node_updated
                0x000000000003ac7a                orchestra_init
 .text          0x000000000003adc6      0xfd6 build/cooja/contiki-ng-cooja.a(coap-engine.o)
                0x000000000003ae95                coap_add_handler
                0x000000000003aebe                coap_remove_handler
                0x000000000003aee7                coap_call_handlers
                0x000000000003b028                coap_receive
                0x000000000003b80a                coap_engine_init
                0x000000000003b8b3                coap_activate_resource
                0x000000000003b9d9                coap_get_first_resource
                0x000000000003b9f2                coap_get_next_resource
 .text          0x000000000003bd9c      0x84b build/cooja/contiki-ng-cooja.a(coap-observe-client.o)
                0x000000000003be6e                coap_obs_add_observee
                0x000000000003bf3e                coap_obs_remove_observee
                0x000000000003bf7d                coap_get_obs_subject_by_token
                0x000000000003bffd                coap_obs_remove_observee_by_token
                0x000000000003c0ab                coap_obs_remove_observee_by_url
                0x000000000003c251                coap_handle_notification
                0x000000000003c3e8                coap_generate_token
                0x000000000003c419                coap_obs_request_registration
 .text          0x000000000003c5e7      0xbf3 build/cooja/contiki-ng-cooja.a(coap-observe.o)
                0x000000000003c7d2                coap_remove_observer
                0x000000000003c87d                coap_remove_observer_by_client
                0x000000000003c8f3                coap_remove_observer_by_token
                0x000000000003c9a1                coap_remove_observer_by_uri
                0x000000000003ca5e                coap_remove_observer_by_mid
                0x000000000003cae8                coap_notify_observers
                0x000000000003cb0c                coap_notify_observers_sub
                0x000000000003d00f                coap_observe_handler
                0x000000000003d163                coap_has_observers
 .text          0x000000000003d1da      0x376 build/cooja/contiki-ng-cooja.a(coap-res-well-known-core.o)
 .text          0x000000000003d550      0x322 build/cooja/contiki-ng-cooja.a(coap-timer.o)
                0x000000000003d662                coap_timer_stop
                0x000000000003d698                coap_timer_set
                0x000000000003d6cf                coap_timer_reset
                0x000000000003d709                coap_timer_time_to_next_expiration
                0x000000000003d762                coap_timer_run
                0x000000000003d829                coap_timer_init
 .text          0x000000000003d872      0x125 build/cooja/contiki-ng-cooja.a(stimer.o)
                0x000000000003d872                stimer_set
                0x000000000003d8a1                stimer_reset
                0x000000000003d8dd                stimer_restart
                0x000000000003d8fc                stimer_expired
                0x000000000003d93e                stimer_remaining
                0x000000000003d976                stimer_elapsed
 .text          0x000000000003d997      0x19d build/cooja/contiki-ng-cooja.a(ringbuf.o)
                0x000000000003d997                ringbuf_init
                0x000000000003d9d8                ringbuf_put
                0x000000000003da67                ringbuf_get
                0x000000000003dae5                ringbuf_size
                0x000000000003db01                ringbuf_elements
 .text          0x000000000003db34      0x25a build/cooja/contiki-ng-cooja.a(ringbufindex.o)
                0x000000000003db34                ringbufindex_init
                0x000000000003db65                ringbufindex_put
                0x000000000003dbd0                ringbufindex_peek_put
                0x000000000003dc22                ringbufindex_get
                0x000000000003dc8f                ringbufindex_peek_get
                0x000000000003dcd7                ringbufindex_size
                0x000000000003dcf2                ringbufindex_elements
                0x000000000003dd24                ringbufindex_full
                0x000000000003dd68                ringbufindex_empty
 .text          0x000000000003dd8e      0x72b build/cooja/contiki-ng-cooja.a(slip.o)
                0x000000000003dd8e                slip_set_input_callback
                0x000000000003dda8                slip_send
                0x000000000003ddd1                slip_write
                0x000000000003e368                slip_input_byte
 .text          0x000000000003e4b9      0x481 build/cooja/contiki-ng-cooja.a(link-stats.o)
                0x000000000003e4b9                link_stats_from_lladdr
                0x000000000003e4e1                link_stats_get_lladdr
                0x000000000003e509                link_stats_is_fresh
                0x000000000003e551                guess_etx_from_rssi
                0x000000000003e5d6                link_stats_packet_sent
                0x000000000003e73a                link_stats_input_callback
                0x000000000003e89c                link_stats_reset
                0x000000000003e8f8                link_stats_init
 .text          0x000000000003e93a      0xcb3 build/cooja/contiki-ng-cooja.a(nbr-table.o)
                0x000000000003ed98                nbr_table_count_entries
                0x000000000003ee3a                nbr_table_gc_get_worst
                0x000000000003ee7d                nbr_table_can_accept_new
                0x000000000003f032                nbr_table_entry_is_allowed
                0x000000000003f0df                nbr_table_register
                0x000000000003f171                nbr_table_is_registered
                0x000000000003f1c8                nbr_table_head
                0x000000000003f236                nbr_table_next
                0x000000000003f2b3                nbr_table_add_lladdr
                0x000000000003f413                nbr_table_get_from_lladdr
                0x000000000003f472                nbr_table_remove
                0x000000000003f4cc                nbr_table_lock
                0x000000000003f501                nbr_table_unlock
                0x000000000003f536                nbr_table_get_lladdr
                0x000000000003f579                nbr_table_clear
                0x000000000003f5b6                nbr_table_key_head
                0x000000000003f5cf                nbr_table_key_next
 .text          0x000000000003f5ed      0x1e0 build/cooja/contiki-ng-cooja.a(mac-sequence.o)
                0x000000000003f5ed                mac_sequence_is_duplicate
                0x000000000003f6ce                mac_sequence_register_seqno
 .text          0x000000000003f7cd       0x3a build/cooja/contiki-ng-cooja.a(mac.o)
                0x000000000003f7cd                mac_call_sent_callback
 .text          0x000000000003f807      0xca9 build/cooja/contiki-ng-cooja.a(frame802154.o)
                0x000000000003f835                frame802154_get_pan_id
                0x000000000003f846                frame802154_set_pan_id
                0x000000000003f862                frame802154_has_panid
                0x000000000003fa41                frame802154_check_dest_panid
                0x000000000003fadf                frame802154_is_broadcast_addr
                0x000000000003fb36                frame802154_extract_linkaddr
                0x000000000003fdd0                frame802154_hdrlen
                0x000000000003fe4f                frame802154_create_fcf
                0x000000000003ff21                frame802154_create
                0x00000000000400cb                frame802154_parse_fcf
                0x00000000000401c2                frame802154_parse
 .text          0x00000000000404b0     0x1245 build/cooja/contiki-ng-cooja.a(frame802154e-ie.o)
                0x00000000000405f4                frame80215e_create_ie_header_ack_nack_time_correction
                0x0000000000040692                frame80215e_create_ie_header_list_termination_1
                0x00000000000406e7                frame80215e_create_ie_header_list_termination_2
                0x000000000004073c                frame80215e_create_ie_payload_list_termination
                0x0000000000040791                frame80215e_create_ie_ietf
                0x00000000000407d8                frame80215e_create_ie_int_content
                0x0000000000040832                frame80215e_retrieve_ie_int_header
                0x00000000000408a2                frame80215e_create_ie_mlme
                0x00000000000408fd                frame80215e_create_ie_tsch_synchronization
                0x00000000000409cf                frame80215e_create_ie_tsch_slotframe_and_link
                0x0000000000040c19                frame80215e_create_ie_tsch_timeslot
                0x0000000000040d13                frame80215e_create_ie_tsch_channel_hopping_sequence
                0x000000000004138f                frame802154e_parse_information_elements
 .text          0x00000000000416f5      0x451 build/cooja/contiki-ng-cooja.a(framer-802154.o)
                0x0000000000041890                framer_802154_setup_params
 .text          0x0000000000041b46      0x3b0 build/cooja/contiki-ng-cooja.a(tsch-adaptive-timesync.o)
                0x0000000000041b46                tsch_adaptive_timesync_get_drift_ppm
                0x0000000000041c9b                tsch_timesync_update
                0x0000000000041e47                tsch_timesync_adaptive_compensate
                0x0000000000041eb8                tsch_adaptive_timesync_reset
 .text          0x0000000000041ef6      0xb98 build/cooja/contiki-ng-cooja.a(tsch-packet.o)
                0x0000000000041ef6                tsch_packet_eackbuf_set_attr
                0x0000000000041f25                tsch_packet_eackbuf_attr
                0x0000000000041f49                tsch_packet_create_eack
                0x0000000000042150                tsch_packet_parse_eack
                0x000000000004230b                tsch_packet_create_eb
                0x0000000000042685                tsch_packet_update_eb
                0x000000000004272d                tsch_packet_parse_eb
                0x0000000000042a49                tsch_packet_set_frame_pending
                0x0000000000042a6d                tsch_packet_get_frame_pending
 .text          0x0000000000042a8e      0xd99 build/cooja/contiki-ng-cooja.a(tsch-queue.o)
                0x0000000000042a8e                tsch_queue_add_nbr
                0x0000000000042b9c                tsch_queue_get_nbr
                0x0000000000042bd4                tsch_queue_get_time_source
                0x0000000000042c38                tsch_queue_get_nbr_address
                0x0000000000042c60                tsch_queue_update_time_source
                0x0000000000042f0b                tsch_queue_add_packet
                0x00000000000430d6                tsch_queue_global_packet_count
                0x00000000000430f8                tsch_queue_nbr_packet_count
                0x000000000004312a                tsch_queue_remove_packet_from_queue
                0x0000000000043187                tsch_queue_free_packet
                0x00000000000431c6                tsch_queue_free_packets_to
                0x000000000004320d                tsch_queue_packet_sent
                0x00000000000432db                tsch_queue_reset
                0x0000000000043349                tsch_queue_free_unused_neighbors
                0x00000000000433de                tsch_queue_is_empty
                0x0000000000043422                tsch_queue_get_packet_for_nbr
                0x0000000000043556                tsch_queue_get_packet_for_dest_addr
                0x000000000004359a                tsch_queue_get_unicast_packet_for_any
                0x000000000004364d                tsch_queue_backoff_expired
                0x000000000004366b                tsch_queue_backoff_reset
                0x000000000004368a                tsch_queue_backoff_inc
                0x00000000000436fa                tsch_queue_update_all_backoff_windows
                0x00000000000437c7                tsch_queue_init
 .text          0x0000000000043827      0x3ff build/cooja/contiki-ng-cooja.a(tsch-roots.o)
                0x0000000000043827                tsch_roots_add_address
                0x00000000000439ec                tsch_roots_set_self_to_root
                0x0000000000043a15                tsch_roots_is_root
                0x0000000000043bda                tsch_roots_init
 .text          0x0000000000043c26      0x186 build/cooja/contiki-ng-cooja.a(tsch-rpl.o)
                0x0000000000043c26                tsch_rpl_callback_ka_sent
                0x0000000000043c68                tsch_rpl_callback_joining_network
                0x0000000000043c73                tsch_rpl_callback_leaving_network
                0x0000000000043c9a                tsch_rpl_callback_new_dio_interval
                0x0000000000043d54                tsch_rpl_callback_parent_switch
                0x0000000000043d95                tsch_rpl_check_dodag_joined
 .text          0x0000000000043dac     0x1241 build/cooja/contiki-ng-cooja.a(tsch-schedule.o)
                0x0000000000043dac                tsch_schedule_add_slotframe
                0x0000000000043f06                tsch_schedule_remove_all_slotframes
                0x0000000000043f4c                tsch_schedule_remove_slotframe
                0x0000000000044045                tsch_schedule_get_slotframe_by_handle
                0x00000000000440a7                tsch_schedule_get_link_by_handle
                0x0000000000044255                tsch_schedule_add_link
                0x00000000000445b2                tsch_schedule_remove_link
                0x0000000000044823                tsch_schedule_remove_link_by_timeslot
                0x00000000000448cc                tsch_schedule_get_link_by_timeslot
                0x0000000000044a30                tsch_schedule_get_next_active_link
                0x0000000000044cea                tsch_schedule_init
                0x0000000000044d3b                tsch_schedule_create_minimal
                0x0000000000044d98                tsch_schedule_slotframe_head
                0x0000000000044db1                tsch_schedule_slotframe_next
                0x0000000000044dcf                tsch_schedule_print
 .text          0x0000000000044fed      0x749 build/cooja/contiki-ng-cooja.a(tsch-security.o)
                0x0000000000045146                tsch_security_mic_len
                0x0000000000045187                tsch_security_secure_frame
                0x0000000000045464                tsch_security_parse_frame
                0x0000000000045726                tsch_security_set_packetbuf_attr
 .text          0x0000000000045736     0x1c92 build/cooja/contiki-ng-cooja.a(tsch-slot-operation.o)
                0x0000000000045763                tsch_is_locked
                0x0000000000045773                tsch_get_lock
                0x00000000000457fe                tsch_release_lock
                0x0000000000045bba                tsch_get_network_uptime_ticks
                0x0000000000047226                tsch_slot_operation_start
                0x0000000000047350                tsch_slot_operation_sync
 .text          0x00000000000473c8        0x0 build/cooja/contiki-ng-cooja.a(tsch-timeslot-timing.o)
 .text          0x00000000000473c8      0x87f build/cooja/contiki-ng-cooja.a(uip-nd6.o)
                0x0000000000047c2d                uip_nd6_init
 .text          0x0000000000047c47      0x81f build/cooja/contiki-ng-cooja.a(uip-sr.o)
                0x0000000000047c47                uip_sr_num_nodes
                0x0000000000047cf2                uip_sr_get_node
                0x0000000000047d5a                uip_sr_is_addr_reachable
                0x0000000000047e22                uip_sr_expire_parent
                0x0000000000047e91                uip_sr_update_node
                0x0000000000048005                uip_sr_init
                0x0000000000048038                uip_sr_node_head
                0x0000000000048051                uip_sr_node_next
                0x000000000004806f                uip_sr_periodic
                0x00000000000481ab                uip_sr_free_all
                0x000000000004822a                uip_sr_link_snprint
 .text          0x0000000000048466     0x12a6 build/cooja/contiki-ng-cooja.a(rpl-ext-header.o)
                0x0000000000048466                rpl_ext_header_hbh_update
                0x00000000000488c7                rpl_ext_header_srh_get_next_hop
                0x00000000000488da                rpl_ext_header_srh_update
                0x00000000000493ef                rpl_ext_header_remove
                0x00000000000495f4                rpl_ext_header_update
 .text          0x000000000004970c      0x1ba build/cooja/contiki-ng-cooja.a(rpl-nbr-policy.o)
                0x0000000000049768                rpl_nbr_gc_get_worst
                0x0000000000049840                rpl_nbr_can_accept_new
                0x00000000000498ae                rpl_nbr_policy_get_free_nexthop_neighbors
 .text          0x00000000000498c6      0x21c build/cooja/contiki-ng-cooja.a(border-router-embedded.o)
 .text          0x0000000000049ae2       0xb0 build/cooja/contiki-ng-cooja.a(orchestra-rule-default-common.o)
 .text          0x0000000000049b92      0x284 build/cooja/contiki-ng-cooja.a(orchestra-rule-eb-per-time-source.o)
 .text          0x0000000000049e16      0x54f build/cooja/contiki-ng-cooja.a(orchestra-rule-unicast-per-neighbor-rpl-storing.o)
 .text          0x000000000004a365      0x1e5 build/cooja/contiki-ng-cooja.a(coap-timer-default.o)
 .text          0x000000000004a54a      0x501 build/cooja/contiki-ng-cooja.a(ccm-star.o)
 .text          0x000000000004aa4b      0x507 build/cooja/contiki-ng-cooja.a(orchestra-rule-special-for-root.o)
                0x000000000004aa5a                orchestra_is_root_schedule_active
 .text          0x000000000004af52      0x686 build/cooja/contiki-ng-cooja.a(aes-128.o)
 .text          0x000000000004b5d8        0x0 /usr/lib/gcc/x86_64-linux-gnu/11/crtendS.o
 .text          0x000000000004b5d8        0x0 /usr/lib/gcc/x86_64-linux-gnu/11/../../../x86_64-linux-gnu/crtn.o
 *(.gnu.warning)

.fini           0x000000000004b5d8        0xd
 *(SORT_NONE(.fini))
 .fini          0x000000000004b5d8        0x8 /usr/lib/gcc/x86_64-linux-gnu/11/../../../x86_64-linux-gnu/crti.o
                0x000000000004b5d8                _fini
 .fini          0x000000000004b5e0        0x5 /usr/lib/gcc/x86_64-linux-gnu/11/../../../x86_64-linux-gnu/crtn.o
                [!provide]                        PROVIDE (__etext = .)
                [!provide]                        PROVIDE (_etext = .)
                [!provide]                        PROVIDE (etext = .)
                0x000000000004c000                . = ALIGN (CONSTANT (MAXPAGESIZE))
                0x000000000004c000                . = SEGMENT_START ("rodata-segment", (ALIGN (CONSTANT (MAXPAGESIZE)) + (. & (CONSTANT (MAXPAGESIZE) - 0x1))))

.rodata         0x000000000004c000     0x3960
 *(.rodata .rodata.* .gnu.linkonce.r.*)
 .rodata        0x000000000004c000       0xb0 coap-client-root.o
 .rodata        0x000000000004c0b0        0x6 build/cooja/contiki-ng-cooja.a(leds-arch.o)
                0x000000000004c0b0                leds_arch_leds
 .rodata        0x000000000004c0b6        0x4 build/cooja/contiki-ng-cooja.a(pir-sensor.o)
 .rodata        0x000000000004c0ba        0x3 build/cooja/contiki-ng-cooja.a(rs232.o)
 .rodata        0x000000000004c0bd        0xa build/cooja/contiki-ng-cooja.a(vib-sensor.o)
 *fill*         0x000000000004c0c7        0x1 
 .rodata        0x000000000004c0c8       0x26 build/cooja/contiki-ng-cooja.a(cfs-cooja.o)
 *fill*         0x000000000004c0ee        0x2 
 .rodata        0x000000000004c0f0       0x68 build/cooja/contiki-ng-cooja.a(cooja-radio.o)
 .rodata        0x000000000004c158        0x8 build/cooja/contiki-ng-cooja.a(sensors.o)
 .rodata        0x000000000004c160       0x14 build/cooja/contiki-ng-cooja.a(buttons.o)
                0x000000000004c16c                button_hal_button_count
 *fill*         0x000000000004c174        0x4 
 .rodata        0x000000000004c178       0x6e build/cooja/contiki-ng-cooja.a(coap-blocking-api.o)
 *fill*         0x000000000004c1e6        0x2 
 .rodata        0x000000000004c1e8      0x11a build/cooja/contiki-ng-cooja.a(coap-uip.o)
 *fill*         0x000000000004c302        0x6 
 .rodata        0x000000000004c308      0x2f0 build/cooja/contiki-ng-cooja.a(coap.o)
 .rodata        0x000000000004c5f8      0x104 build/cooja/contiki-ng-cooja.a(contiki-main.o)
 .rodata        0x000000000004c6fc        0xf build/cooja/contiki-ng-cooja.a(ctimer.o)
 .rodata        0x000000000004c70b        0xc build/cooja/contiki-ng-cooja.a(etimer.o)
 *fill*         0x000000000004c717        0x1 
 .rodata        0x000000000004c718       0xc0 build/cooja/contiki-ng-cooja.a(log.o)
 .rodata        0x000000000004c7d8       0x13 build/cooja/contiki-ng-cooja.a(button-hal.o)
 .rodata        0x000000000004c7eb        0xe build/cooja/contiki-ng-cooja.a(serial-line.o)
 *fill*         0x000000000004c7f9        0x7 
 .rodata        0x000000000004c800        0x8 build/cooja/contiki-ng-cooja.a(linkaddr.o)
                0x000000000004c800                linkaddr_null
 *fill*         0x000000000004c808        0x8 
 .rodata        0x000000000004c810      0x280 build/cooja/contiki-ng-cooja.a(strformat.o)
 .rodata        0x000000000004ca90      0xd4b build/cooja/contiki-ng-cooja.a(tsch.o)
                0x000000000004ca90                tsch_broadcast_address
                0x000000000004ca98                tsch_eb_address
 .rodata        0x000000000004d7db       0x1d build/cooja/contiki-ng-cooja.a(sicslowpan.o)
                0x000000000004d7db                unc_llconf
                0x000000000004d7df                unc_ctxconf
                0x000000000004d7e3                unc_mxconf
                0x000000000004d7e7                llprefix
 .rodata        0x000000000004d7f8        0xd build/cooja/contiki-ng-cooja.a(tcpip.o)
 *fill*         0x000000000004d805        0x3 
 .rodata        0x000000000004d808       0xb9 build/cooja/contiki-ng-cooja.a(uip-ds6-route.o)
 .rodata        0x000000000004d8c1       0x2d build/cooja/contiki-ng-cooja.a(uiplib.o)
 *fill*         0x000000000004d8ee        0x2 
 .rodata        0x000000000004d8f0      0x126 build/cooja/contiki-ng-cooja.a(rpl-dag-root.o)
 *fill*         0x000000000004da16        0x2 
 .rodata        0x000000000004da18      0x859 build/cooja/contiki-ng-cooja.a(rpl-dag.o)
 *fill*         0x000000000004e271        0x7 
 .rodata        0x000000000004e278      0x7d6 build/cooja/contiki-ng-cooja.a(rpl-icmp6.o)
 .rodata        0x000000000004ea4e       0x24 build/cooja/contiki-ng-cooja.a(rpl-mrhof.o)
 .rodata        0x000000000004ea72       0x22 build/cooja/contiki-ng-cooja.a(rpl-of0.o)
 *fill*         0x000000000004ea94        0x4 
 .rodata        0x000000000004ea98       0xee build/cooja/contiki-ng-cooja.a(rpl-timers.o)
 *fill*         0x000000000004eb86        0x2 
 .rodata        0x000000000004eb88      0x167 build/cooja/contiki-ng-cooja.a(rpl.o)
 .rodata        0x000000000004ecef       0x11 build/cooja/contiki-ng-cooja.a(slip-bridge.o)
 .rodata        0x000000000004ed00       0x31 build/cooja/contiki-ng-cooja.a(rpl-border-router.o)
 *fill*         0x000000000004ed31        0x7 
 .rodata        0x000000000004ed38       0x58 build/cooja/contiki-ng-cooja.a(orchestra.o)
 .rodata        0x000000000004ed90       0xdc build/cooja/contiki-ng-cooja.a(coap-engine.o)
 *fill*         0x000000000004ee6c        0x4 
 .rodata        0x000000000004ee70       0x9f build/cooja/contiki-ng-cooja.a(coap-observe.o)
 .rodata        0x000000000004ef0f       0x19 build/cooja/contiki-ng-cooja.a(coap-res-well-known-core.o)
 .rodata        0x000000000004ef28        0xc build/cooja/contiki-ng-cooja.a(slip.o)
 *fill*         0x000000000004ef34        0x4 
 .rodata        0x000000000004ef38       0xf0 build/cooja/contiki-ng-cooja.a(tsch-packet.o)
 .rodata        0x000000000004f028       0x7d build/cooja/contiki-ng-cooja.a(tsch-queue.o)
 .rodata        0x000000000004f0a5       0x58 build/cooja/contiki-ng-cooja.a(tsch-roots.o)
 .rodata        0x000000000004f0fd        0xd build/cooja/contiki-ng-cooja.a(tsch-rpl.o)
 *fill*         0x000000000004f10a        0x6 
 .rodata        0x000000000004f110      0x217 build/cooja/contiki-ng-cooja.a(tsch-schedule.o)
 .rodata        0x000000000004f327       0x3d build/cooja/contiki-ng-cooja.a(tsch-slot-operation.o)
 *fill*         0x000000000004f364        0xc 
 .rodata        0x000000000004f370       0x18 build/cooja/contiki-ng-cooja.a(tsch-timeslot-timing.o)
                0x000000000004f370                tsch_timeslot_timing_us_10000
 .rodata        0x000000000004f388       0x52 build/cooja/contiki-ng-cooja.a(uip-sr.o)
 *fill*         0x000000000004f3da        0x6 
 .rodata        0x000000000004f3e0      0x2e5 build/cooja/contiki-ng-cooja.a(rpl-ext-header.o)
 .rodata        0x000000000004f6c5       0x80 build/cooja/contiki-ng-cooja.a(border-router-embedded.o)
 .rodata        0x000000000004f745        0xf build/cooja/contiki-ng-cooja.a(orchestra-rule-default-common.o)
 .rodata        0x000000000004f754       0x13 build/cooja/contiki-ng-cooja.a(orchestra-rule-eb-per-time-source.o)
 .rodata        0x000000000004f767       0x1d build/cooja/contiki-ng-cooja.a(orchestra-rule-unicast-per-neighbor-rpl-storing.o)
 .rodata        0x000000000004f784       0x13 build/cooja/contiki-ng-cooja.a(coap-timer-default.o)
 *fill*         0x000000000004f797        0x1 
 .rodata        0x000000000004f798       0xb1 build/cooja/contiki-ng-cooja.a(orchestra-rule-special-for-root.o)
 *fill*         0x000000000004f849       0x17 
 .rodata        0x000000000004f860      0x100 build/cooja/contiki-ng-cooja.a(aes-128.o)

.rodata1
 *(.rodata1)

.eh_frame_hdr   0x000000000004f960     0x220c
 *(.eh_frame_hdr)
 .eh_frame_hdr  0x000000000004f960     0x220c coap-client-root.o
                0x000000000004f960                __GNU_EH_FRAME_HDR
 *(.eh_frame_entry .eh_frame_entry.*)

.eh_frame       0x0000000000051b70     0x890c
 *(.eh_frame)
 .eh_frame      0x0000000000051b70       0x40 /usr/lib/gcc/x86_64-linux-gnu/11/../../../x86_64-linux-gnu/crti.o
 .eh_frame      0x0000000000051bb0       0x18 /usr/lib/gcc/x86_64-linux-gnu/11/../../../x86_64-linux-gnu/crti.o
                                         0x30 (size before relaxing)
 .eh_frame      0x0000000000051bc8       0x18 /usr/lib/gcc/x86_64-linux-gnu/11/../../../x86_64-linux-gnu/crti.o
                                         0x30 (size before relaxing)
 .eh_frame      0x0000000000051be0       0x40 coap-client-root.o
                                         0x58 (size before relaxing)
 .eh_frame      0x0000000000051c20      0x198 build/cooja/mtype773908496.o
                                        0x1b0 (size before relaxing)
 .eh_frame      0x0000000000051db8       0x40 build/cooja/contiki-ng-cooja.a(simEnvChange.o)
                                         0x58 (size before relaxing)
 .eh_frame      0x0000000000051df8       0x60 build/cooja/contiki-ng-cooja.a(cooja_mt.o)
                                         0x78 (size before relaxing)
 .eh_frame      0x0000000000051e58       0x80 build/cooja/contiki-ng-cooja.a(cooja_mtarch.o)
                                         0x98 (size before relaxing)
 .eh_frame      0x0000000000051ed8       0xc0 build/cooja/contiki-ng-cooja.a(rtimer-arch.o)
                                         0xd8 (size before relaxing)
 .eh_frame      0x0000000000051f98      0x160 build/cooja/contiki-ng-cooja.a(beep.o)
                                        0x178 (size before relaxing)
 .eh_frame      0x00000000000520f8       0x80 build/cooja/contiki-ng-cooja.a(leds-arch.o)
                                         0x98 (size before relaxing)
 .eh_frame      0x0000000000052178       0x40 build/cooja/contiki-ng-cooja.a(moteid.o)
                                         0x58 (size before relaxing)
 .eh_frame      0x00000000000521b8       0xa0 build/cooja/contiki-ng-cooja.a(pir-sensor.o)
                                         0xb8 (size before relaxing)
 .eh_frame      0x0000000000052258      0x100 build/cooja/contiki-ng-cooja.a(rs232.o)
                                        0x118 (size before relaxing)
 .eh_frame      0x0000000000052358       0xa0 build/cooja/contiki-ng-cooja.a(vib-sensor.o)
                                         0xb8 (size before relaxing)
 .eh_frame      0x00000000000523f8       0xc0 build/cooja/contiki-ng-cooja.a(clock.o)
                                         0xd8 (size before relaxing)
 .eh_frame      0x00000000000524b8      0x100 build/cooja/contiki-ng-cooja.a(cooja-log.o)
                                        0x118 (size before relaxing)
 .eh_frame      0x00000000000525b8      0x160 build/cooja/contiki-ng-cooja.a(cfs-cooja.o)
                                        0x178 (size before relaxing)
 .eh_frame      0x0000000000052718      0x360 build/cooja/contiki-ng-cooja.a(cooja-radio.o)
                                        0x378 (size before relaxing)
 .eh_frame      0x0000000000052a78       0xa0 build/cooja/contiki-ng-cooja.a(eeprom.o)
                                         0xb8 (size before relaxing)
 .eh_frame      0x0000000000052b18       0x40 build/cooja/contiki-ng-cooja.a(random.o)
                                         0x58 (size before relaxing)
 .eh_frame      0x0000000000052b58       0xc0 build/cooja/contiki-ng-cooja.a(sensors.o)
                                         0xd8 (size before relaxing)
 .eh_frame      0x0000000000052c18      0x120 build/cooja/contiki-ng-cooja.a(leds.o)
                                        0x138 (size before relaxing)
 .eh_frame      0x0000000000052d38      0x220 build/cooja/contiki-ng-cooja.a(gpio-hal-arch.o)
                                        0x238 (size before relaxing)
 .eh_frame      0x0000000000052f58       0xa0 build/cooja/contiki-ng-cooja.a(buttons.o)
                                         0xb8 (size before relaxing)
 .eh_frame      0x0000000000052ff8       0x40 build/cooja/contiki-ng-cooja.a(coap-blocking-api.o)
                                         0x58 (size before relaxing)
 .eh_frame      0x0000000000053038      0x100 build/cooja/contiki-ng-cooja.a(coap-transactions.o)
                                        0x118 (size before relaxing)
 .eh_frame      0x0000000000053138      0x248 build/cooja/contiki-ng-cooja.a(coap-uip.o)
                                        0x260 (size before relaxing)
 .eh_frame      0x0000000000053380      0x6e8 build/cooja/contiki-ng-cooja.a(coap.o)
                                        0x700 (size before relaxing)
 .eh_frame      0x0000000000053a68       0x20 build/cooja/contiki-ng-cooja.a(contiki-main.o)
                                         0x38 (size before relaxing)
 .eh_frame      0x0000000000053a88       0x40 build/cooja/contiki-ng-cooja.a(autostart.o)
                                         0x58 (size before relaxing)
 .eh_frame      0x0000000000053ac8      0x100 build/cooja/contiki-ng-cooja.a(ctimer.o)
                                        0x118 (size before relaxing)
 .eh_frame      0x0000000000053bc8       0x60 build/cooja/contiki-ng-cooja.a(energest.o)
                                         0x78 (size before relaxing)
 .eh_frame      0x0000000000053c28      0x1e0 build/cooja/contiki-ng-cooja.a(etimer.o)
                                        0x1f8 (size before relaxing)
 .eh_frame      0x0000000000053e08      0x120 build/cooja/contiki-ng-cooja.a(log.o)
                                        0x138 (size before relaxing)
 .eh_frame      0x0000000000053f28       0x20 build/cooja/contiki-ng-cooja.a(node-id.o)
                                         0x38 (size before relaxing)
 .eh_frame      0x0000000000053f48      0x1c8 build/cooja/contiki-ng-cooja.a(process.o)
                                        0x1e0 (size before relaxing)
 .eh_frame      0x0000000000054110       0x60 build/cooja/contiki-ng-cooja.a(rtimer.o)
                                         0x78 (size before relaxing)
 .eh_frame      0x0000000000054170       0xa0 build/cooja/contiki-ng-cooja.a(timer.o)
                                         0xb8 (size before relaxing)
 .eh_frame      0x0000000000054210      0x1a0 build/cooja/contiki-ng-cooja.a(list.o)
                                        0x1b8 (size before relaxing)
 .eh_frame      0x00000000000543b0       0xa0 build/cooja/contiki-ng-cooja.a(memb.o)
                                         0xb8 (size before relaxing)
 .eh_frame      0x0000000000054450      0x160 build/cooja/contiki-ng-cooja.a(button-hal.o)
                                        0x178 (size before relaxing)
 .eh_frame      0x00000000000545b0       0xe0 build/cooja/contiki-ng-cooja.a(gpio-hal.o)
                                         0xf8 (size before relaxing)
 .eh_frame      0x0000000000054690       0x60 build/cooja/contiki-ng-cooja.a(serial-line.o)
                                         0x78 (size before relaxing)
 .eh_frame      0x00000000000546f0       0x60 build/cooja/contiki-ng-cooja.a(linkaddr.o)
                                         0x78 (size before relaxing)
 .eh_frame      0x0000000000054750       0x80 build/cooja/contiki-ng-cooja.a(netstack.o)
                                         0x98 (size before relaxing)
 .eh_frame      0x00000000000547d0      0x368 build/cooja/contiki-ng-cooja.a(packetbuf.o)
                                        0x380 (size before relaxing)
 .eh_frame      0x0000000000054b38      0x1a0 build/cooja/contiki-ng-cooja.a(queuebuf.o)
                                        0x1b8 (size before relaxing)
 .eh_frame      0x0000000000054cd8       0x40 build/cooja/contiki-ng-cooja.a(printf.o)
                                         0x58 (size before relaxing)
 .eh_frame      0x0000000000054d18       0x20 build/cooja/contiki-ng-cooja.a(putchar.o)
                                         0x38 (size before relaxing)
 .eh_frame      0x0000000000054d38       0x20 build/cooja/contiki-ng-cooja.a(puts.o)
                                         0x38 (size before relaxing)
 .eh_frame      0x0000000000054d58       0x60 build/cooja/contiki-ng-cooja.a(snprintf.o)
                                         0x78 (size before relaxing)
 .eh_frame      0x0000000000054db8      0x120 build/cooja/contiki-ng-cooja.a(strformat.o)
                                        0x138 (size before relaxing)
 .eh_frame      0x0000000000054ed8      0x3a0 build/cooja/contiki-ng-cooja.a(tsch.o)
                                        0x3b8 (size before relaxing)
 .eh_frame      0x0000000000055278      0x2e8 build/cooja/contiki-ng-cooja.a(sicslowpan.o)
                                        0x300 (size before relaxing)
 .eh_frame      0x0000000000055560      0x248 build/cooja/contiki-ng-cooja.a(tcpip.o)
                                        0x260 (size before relaxing)
 .eh_frame      0x00000000000557a8      0x1c0 build/cooja/contiki-ng-cooja.a(uip-ds6-nbr.o)
                                        0x1d8 (size before relaxing)
 .eh_frame      0x0000000000055968      0x300 build/cooja/contiki-ng-cooja.a(uip-ds6-route.o)
                                        0x318 (size before relaxing)
 .eh_frame      0x0000000000055c68      0x328 build/cooja/contiki-ng-cooja.a(uip-ds6.o)
                                        0x340 (size before relaxing)
 .eh_frame      0x0000000000055f90      0x148 build/cooja/contiki-ng-cooja.a(uip-icmp6.o)
                                        0x160 (size before relaxing)
 .eh_frame      0x00000000000560d8       0xe0 build/cooja/contiki-ng-cooja.a(uip-packetqueue.o)
                                         0xf8 (size before relaxing)
 .eh_frame      0x00000000000561b8       0x40 build/cooja/contiki-ng-cooja.a(uip-udp-packet.o)
                                         0x58 (size before relaxing)
 .eh_frame      0x00000000000561f8      0x1e8 build/cooja/contiki-ng-cooja.a(uip6.o)
                                        0x200 (size before relaxing)
 .eh_frame      0x00000000000563e0      0x2a0 build/cooja/contiki-ng-cooja.a(uipbuf.o)
                                        0x2b8 (size before relaxing)
 .eh_frame      0x0000000000056680       0x80 build/cooja/contiki-ng-cooja.a(uiplib.o)
                                         0x98 (size before relaxing)
 .eh_frame      0x0000000000056700       0xa0 build/cooja/contiki-ng-cooja.a(rpl-dag-root.o)
                                         0xb8 (size before relaxing)
 .eh_frame      0x00000000000567a0      0x768 build/cooja/contiki-ng-cooja.a(rpl-dag.o)
                                        0x780 (size before relaxing)
 .eh_frame      0x0000000000056f08      0x2c8 build/cooja/contiki-ng-cooja.a(rpl-icmp6.o)
                                        0x2e0 (size before relaxing)
 .eh_frame      0x00000000000571d0      0x148 build/cooja/contiki-ng-cooja.a(rpl-mrhof.o)
                                        0x160 (size before relaxing)
 .eh_frame      0x0000000000057318      0x170 build/cooja/contiki-ng-cooja.a(rpl-of0.o)
                                        0x188 (size before relaxing)
 .eh_frame      0x0000000000057488      0x1a8 build/cooja/contiki-ng-cooja.a(rpl-timers.o)
                                        0x1c0 (size before relaxing)
 .eh_frame      0x0000000000057630      0x220 build/cooja/contiki-ng-cooja.a(rpl.o)
                                        0x238 (size before relaxing)
 .eh_frame      0x0000000000057850       0x80 build/cooja/contiki-ng-cooja.a(slip-bridge.o)
                                         0x98 (size before relaxing)
 .eh_frame      0x00000000000578d0       0xa0 build/cooja/contiki-ng-cooja.a(watchdog.o)
                                         0xb8 (size before relaxing)
 .eh_frame      0x0000000000057970       0x80 build/cooja/contiki-ng-cooja.a(int-master.o)
                                         0x98 (size before relaxing)
 .eh_frame      0x00000000000579f0       0x20 build/cooja/contiki-ng-cooja.a(slip-arch.o)
                                         0x38 (size before relaxing)
 .eh_frame      0x0000000000057a10       0x60 build/cooja/contiki-ng-cooja.a(rpl-border-router.o)
                                         0x78 (size before relaxing)
 .eh_frame      0x0000000000057a70      0x100 build/cooja/contiki-ng-cooja.a(orchestra.o)
                                        0x118 (size before relaxing)
 .eh_frame      0x0000000000057b70      0x220 build/cooja/contiki-ng-cooja.a(coap-engine.o)
                                        0x238 (size before relaxing)
 .eh_frame      0x0000000000057d90      0x1c8 build/cooja/contiki-ng-cooja.a(coap-observe-client.o)
                                        0x1e0 (size before relaxing)
 .eh_frame      0x0000000000057f58      0x190 build/cooja/contiki-ng-cooja.a(coap-observe.o)
                                        0x1a8 (size before relaxing)
 .eh_frame      0x00000000000580e8       0x20 build/cooja/contiki-ng-cooja.a(coap-res-well-known-core.o)
                                         0x38 (size before relaxing)
 .eh_frame      0x0000000000058108      0x108 build/cooja/contiki-ng-cooja.a(coap-timer.o)
                                        0x120 (size before relaxing)
 .eh_frame      0x0000000000058210       0xc0 build/cooja/contiki-ng-cooja.a(stimer.o)
                                         0xd8 (size before relaxing)
 .eh_frame      0x00000000000582d0       0xa0 build/cooja/contiki-ng-cooja.a(ringbuf.o)
                                         0xb8 (size before relaxing)
 .eh_frame      0x0000000000058370      0x120 build/cooja/contiki-ng-cooja.a(ringbufindex.o)
                                        0x138 (size before relaxing)
 .eh_frame      0x0000000000058490       0xe0 build/cooja/contiki-ng-cooja.a(slip.o)
                                         0xf8 (size before relaxing)
 .eh_frame      0x0000000000058570      0x120 build/cooja/contiki-ng-cooja.a(link-stats.o)
                                        0x138 (size before relaxing)
 .eh_frame      0x0000000000058690      0x3e0 build/cooja/contiki-ng-cooja.a(nbr-table.o)
                                        0x3f8 (size before relaxing)
 .eh_frame      0x0000000000058a70       0x48 build/cooja/contiki-ng-cooja.a(mac-sequence.o)
                                         0x60 (size before relaxing)
 .eh_frame      0x0000000000058ab8       0x20 build/cooja/contiki-ng-cooja.a(mac.o)
                                         0x38 (size before relaxing)
 .eh_frame      0x0000000000058ad8      0x1a8 build/cooja/contiki-ng-cooja.a(frame802154.o)
                                        0x1c0 (size before relaxing)
 .eh_frame      0x0000000000058c80      0x280 build/cooja/contiki-ng-cooja.a(frame802154e-ie.o)
                                        0x298 (size before relaxing)
 .eh_frame      0x0000000000058f00       0xa8 build/cooja/contiki-ng-cooja.a(framer-802154.o)
                                         0xc0 (size before relaxing)
 .eh_frame      0x0000000000058fa8       0xe0 build/cooja/contiki-ng-cooja.a(tsch-adaptive-timesync.o)
                                         0xf8 (size before relaxing)
 .eh_frame      0x0000000000059088      0x128 build/cooja/contiki-ng-cooja.a(tsch-packet.o)
                                        0x140 (size before relaxing)
 .eh_frame      0x00000000000591b0      0x328 build/cooja/contiki-ng-cooja.a(tsch-queue.o)
                                        0x340 (size before relaxing)
 .eh_frame      0x00000000000594d8       0xa0 build/cooja/contiki-ng-cooja.a(tsch-roots.o)
                                         0xb8 (size before relaxing)
 .eh_frame      0x0000000000059578       0xc0 build/cooja/contiki-ng-cooja.a(tsch-rpl.o)
                                         0xd8 (size before relaxing)
 .eh_frame      0x0000000000059638      0x250 build/cooja/contiki-ng-cooja.a(tsch-schedule.o)
                                        0x268 (size before relaxing)
 .eh_frame      0x0000000000059888       0xc0 build/cooja/contiki-ng-cooja.a(tsch-security.o)
                                         0xd8 (size before relaxing)
 .eh_frame      0x0000000000059948      0x288 build/cooja/contiki-ng-cooja.a(tsch-slot-operation.o)
                                        0x2a0 (size before relaxing)
 .eh_frame      0x0000000000059bd0       0x80 build/cooja/contiki-ng-cooja.a(uip-nd6.o)
                                         0x98 (size before relaxing)
 .eh_frame      0x0000000000059c50      0x180 build/cooja/contiki-ng-cooja.a(uip-sr.o)
                                        0x198 (size before relaxing)
 .eh_frame      0x0000000000059dd0      0x128 build/cooja/contiki-ng-cooja.a(rpl-ext-header.o)
                                        0x140 (size before relaxing)
 .eh_frame      0x0000000000059ef8       0xa0 build/cooja/contiki-ng-cooja.a(rpl-nbr-policy.o)
                                         0xb8 (size before relaxing)
 .eh_frame      0x0000000000059f98       0x20 build/cooja/contiki-ng-cooja.a(border-router-embedded.o)
                                         0x38 (size before relaxing)
 .eh_frame      0x0000000000059fb8       0x40 build/cooja/contiki-ng-cooja.a(orchestra-rule-default-common.o)
                                         0x58 (size before relaxing)
 .eh_frame      0x0000000000059ff8       0x80 build/cooja/contiki-ng-cooja.a(orchestra-rule-eb-per-time-source.o)
                                         0x98 (size before relaxing)
 .eh_frame      0x000000000005a078      0x140 build/cooja/contiki-ng-cooja.a(orchestra-rule-unicast-per-neighbor-rpl-storing.o)
                                        0x158 (size before relaxing)
 .eh_frame      0x000000000005a1b8       0xa0 build/cooja/contiki-ng-cooja.a(coap-timer-default.o)
                                         0xb8 (size before relaxing)
 .eh_frame      0x000000000005a258       0xc0 build/cooja/contiki-ng-cooja.a(ccm-star.o)
                                         0xd8 (size before relaxing)
 .eh_frame      0x000000000005a318      0x100 build/cooja/contiki-ng-cooja.a(orchestra-rule-special-for-root.o)
                                        0x118 (size before relaxing)
 .eh_frame      0x000000000005a418       0x60 build/cooja/contiki-ng-cooja.a(aes-128.o)
                                         0x78 (size before relaxing)
 .eh_frame      0x000000000005a478        0x4 /usr/lib/gcc/x86_64-linux-gnu/11/crtendS.o
 *(.eh_frame.*)

.gcc_except_table
 *(.gcc_except_table .gcc_except_table.*)

.gnu_extab
 *(.gnu_extab*)

.exception_ranges
 *(.exception_ranges*)
                0x000000000005b4d0                . = DATA_SEGMENT_ALIGN (CONSTANT (MAXPAGESIZE), CONSTANT (COMMONPAGESIZE))

.eh_frame
 *(.eh_frame)
 *(.eh_frame.*)

.gnu_extab
 *(.gnu_extab)

.gcc_except_table
 *(.gcc_except_table .gcc_except_table.*)

.exception_ranges
 *(.exception_ranges*)

.tdata
 *(.tdata .tdata.* .gnu.linkonce.td.*)

.tbss
 *(.tbss .tbss.* .gnu.linkonce.tb.*)
 *(.tcommon)

.preinit_array
 *(.preinit_array)

.init_array     0x000000000005b4d0        0x8
 *(SORT_BY_INIT_PRIORITY(.init_array.*) SORT_BY_INIT_PRIORITY(.ctors.*))
 *(.init_array EXCLUDE_FILE(*crtend?.o *crtend.o *crtbegin?.o *crtbegin.o) .ctors)
 .init_array    0x000000000005b4d0        0x8 /usr/lib/gcc/x86_64-linux-gnu/11/crtbeginS.o

.fini_array     0x000000000005b4d8        0x8
 *(SORT_BY_INIT_PRIORITY(.fini_array.*) SORT_BY_INIT_PRIORITY(.dtors.*))
 *(.fini_array EXCLUDE_FILE(*crtend?.o *crtend.o *crtbegin?.o *crtbegin.o) .dtors)