Archive member included to satisfy reference by file (symbol)

build/cooja/contiki-ng-cooja.a(simEnvChange.o)
                              build/cooja/mtype651375177.o (simDontFallAsleep)
build/cooja/contiki-ng-cooja.a(cooja_mt.o)
                              build/cooja/mtype651375177.o (cooja_mt_start)
build/cooja/contiki-ng-cooja.a(cooja_mtarch.o)
                              build/cooja/contiki-ng-cooja.a(cooja_mt.o) (cooja_mtarch_start)
build/cooja/contiki-ng-cooja.a(rtimer-arch.o)
                              build/cooja/mtype651375177.o (rtimer_arch_check)
build/cooja/contiki-ng-cooja.a(beep.o)
                              build/cooja/mtype651375177.o (beep_interface)
build/cooja/contiki-ng-cooja.a(leds-arch.o)
                              build/cooja/mtype651375177.o (leds_interface)
build/cooja/contiki-ng-cooja.a(moteid.o)
                              build/cooja/mtype651375177.o (moteid_interface)
build/cooja/contiki-ng-cooja.a(pir-sensor.o)
                              build/cooja/mtype651375177.o (pir_interface)
build/cooja/contiki-ng-cooja.a(rs232.o)
                              build/cooja/mtype651375177.o (rs232_interface)
build/cooja/contiki-ng-cooja.a(vib-sensor.o)
                              build/cooja/mtype651375177.o (vib_interface)
build/cooja/contiki-ng-cooja.a(clock.o)
                              build/cooja/mtype651375177.o (clock_interface)
build/cooja/contiki-ng-cooja.a(cooja-log.o)
                              build/cooja/mtype651375177.o (simlog_interface)
build/cooja/contiki-ng-cooja.a(cfs-cooja.o)
                              build/cooja/mtype651375177.o (cfs_interface)
build/cooja/contiki-ng-cooja.a(cooja-radio.o)
                              build/cooja/mtype651375177.o (radio_interface)
build/cooja/contiki-ng-cooja.a(eeprom.o)
                              build/cooja/mtype651375177.o (eeprom_interface)
build/cooja/contiki-ng-cooja.a(random.o)
                              build/cooja/contiki-ng-cooja.a(moteid.o) (random_init)
build/cooja/contiki-ng-cooja.a(sensors.o)
                              build/cooja/contiki-ng-cooja.a(pir-sensor.o) (sensors_changed)
build/cooja/contiki-ng-cooja.a(leds.o)
                              build/cooja/contiki-ng-cooja.a(leds-arch.o) (leds_get)
build/cooja/contiki-ng-cooja.a(gpio-hal-arch.o)
                              build/cooja/contiki-ng-cooja.a(leds-arch.o) (gpio_hal_arch_register_pin_callback)
build/cooja/contiki-ng-cooja.a(buttons.o)
                              build/cooja/mtype651375177.o (button_interface)
build/cooja/contiki-ng-cooja.a(coap-blocking-api.o)
                              coap-client-root.o (coap_blocking_request)
build/cooja/contiki-ng-cooja.a(coap-transactions.o)
                              build/cooja/contiki-ng-cooja.a(coap-blocking-api.o) (coap_send_transaction)
build/cooja/contiki-ng-cooja.a(coap-uip.o)
                              coap-client-root.o (coap_endpoint_log)
build/cooja/contiki-ng-cooja.a(coap.o)
                              build/cooja/contiki-ng-cooja.a(coap-blocking-api.o) (coap_get_mid)
build/cooja/contiki-ng-cooja.a(contiki-main.o)
                              build/cooja/mtype651375177.o (main)
build/cooja/contiki-ng-cooja.a(autostart.o)
                              build/cooja/contiki-ng-cooja.a(contiki-main.o) (autostart_start)
build/cooja/contiki-ng-cooja.a(ctimer.o)
                              build/cooja/contiki-ng-cooja.a(contiki-main.o) (ctimer_init)
build/cooja/contiki-ng-cooja.a(energest.o)
                              build/cooja/contiki-ng-cooja.a(contiki-main.o) (energest_init)
build/cooja/contiki-ng-cooja.a(etimer.o)
                              build/cooja/contiki-ng-cooja.a(contiki-main.o) (etimer_process)
build/cooja/contiki-ng-cooja.a(log.o)
                              build/cooja/contiki-ng-cooja.a(contiki-main.o) (curr_log_level_main)
build/cooja/contiki-ng-cooja.a(node-id.o)
                              coap-client-root.o (node_id)
build/cooja/contiki-ng-cooja.a(process.o)
                              build/cooja/contiki-ng-cooja.a(coap-blocking-api.o) (process_current)
build/cooja/contiki-ng-cooja.a(rtimer.o)
                              build/cooja/contiki-ng-cooja.a(contiki-main.o) (rtimer_init)
build/cooja/contiki-ng-cooja.a(timer.o)
                              build/cooja/contiki-ng-cooja.a(etimer.o) (timer_set)
build/cooja/contiki-ng-cooja.a(list.o)
                              build/cooja/contiki-ng-cooja.a(ctimer.o) (list_init)
build/cooja/contiki-ng-cooja.a(memb.o)
                              build/cooja/contiki-ng-cooja.a(coap-transactions.o) (memb_alloc)
build/cooja/contiki-ng-cooja.a(button-hal.o)
                              build/cooja/mtype651375177.o (button_hal_init)
build/cooja/contiki-ng-cooja.a(gpio-hal.o)
                              build/cooja/contiki-ng-cooja.a(button-hal.o) (gpio_hal_register_handler)
build/cooja/contiki-ng-cooja.a(serial-line.o)
[...]
Memory Configuration

Name             Origin             Length             Attributes
*default*        0x0000000000000000 0xffffffffffffffff

Linker script and memory map

LOAD /usr/lib/gcc/x86_64-linux-gnu/11/../../../x86_64-linux-gnu/crti.o
LOAD /usr/lib/gcc/x86_64-linux-gnu/11/crtbeginS.o
LOAD coap-client-root.o
LOAD build/cooja/mtype651375177.o
LOAD build/cooja/contiki-ng-cooja.a
LOAD /usr/lib/gcc/x86_64-linux-gnu/11/libgcc.a
LOAD /usr/lib/gcc/x86_64-linux-gnu/11/libgcc_s.so
START GROUP
LOAD /usr/lib/gcc/x86_64-linux-gnu/11/../../../x86_64-linux-gnu/libgcc_s.so.1
LOAD /usr/lib/gcc/x86_64-linux-gnu/11/libgcc.a
END GROUP
LOAD /usr/lib/gcc/x86_64-linux-gnu/11/../../../x86_64-linux-gnu/libc.so
START GROUP
LOAD /lib/x86_64-linux-gnu/libc.so.6
LOAD /usr/lib/x86_64-linux-gnu/libc_nonshared.a
LOAD /lib64/ld-linux-x86-64.so.2
END GROUP
LOAD /usr/lib/gcc/x86_64-linux-gnu/11/libgcc.a
LOAD /usr/lib/gcc/x86_64-linux-gnu/11/libgcc_s.so
START GROUP
LOAD /usr/lib/gcc/x86_64-linux-gnu/11/../../../x86_64-linux-gnu/libgcc_s.so.1
LOAD /usr/lib/gcc/x86_64-linux-gnu/11/libgcc.a
END GROUP
LOAD /usr/lib/gcc/x86_64-linux-gnu/11/crtendS.o
LOAD /usr/lib/gcc/x86_64-linux-gnu/11/../../../x86_64-linux-gnu/crtn.o
                0x00000000000002a8                . = (SEGMENT_START ("text-segment", 0x0) + SIZEOF_HEADERS)

.note.gnu.property
                0x00000000000002a8       0x20
 .note.gnu.property
                0x00000000000002a8       0x20 /usr/lib/gcc/x86_64-linux-gnu/11/../../../x86_64-linux-gnu/crti.o

.note.gnu.build-id
                0x00000000000002c8       0x24
 *(.note.gnu.build-id)
 .note.gnu.build-id
                0x00000000000002c8       0x24 /usr/lib/gcc/x86_64-linux-gnu/11/../../../x86_64-linux-gnu/crti.o

.hash
 *(.hash)

.gnu.hash       0x00000000000002f0     0x1aa4
 *(.gnu.hash)
 .gnu.hash      0x00000000000002f0     0x1aa4 /usr/lib/gcc/x86_64-linux-gnu/11/../../../x86_64-linux-gnu/crti.o

.dynsym         0x0000000000001d98     0x5850
 *(.dynsym)
 .dynsym        0x0000000000001d98     0x5850 /usr/lib/gcc/x86_64-linux-gnu/11/../../../x86_64-linux-gnu/crti.o

.dynstr         0x00000000000075e8     0x47a4
 *(.dynstr)
 .dynstr        0x00000000000075e8     0x47a4 /usr/lib/gcc/x86_64-linux-gnu/11/../../../x86_64-linux-gnu/crti.o

.gnu.version    0x000000000000bd8c      0x75c
 *(.gnu.version)
 .gnu.version   0x000000000000bd8c      0x75c /usr/lib/gcc/x86_64-linux-gnu/11/../../../x86_64-linux-gnu/crti.o

.gnu.version_d  0x000000000000c4e8        0x0
 *(.gnu.version_d)
 .gnu.version_d
                0x000000000000c4e8        0x0 /usr/lib/gcc/x86_64-linux-gnu/11/../../../x86_64-linux-gnu/crti.o

.gnu.version_r  0x000000000000c4e8       0x40
 *(.gnu.version_r)
 .gnu.version_r
                0x000000000000c4e8       0x40 /usr/lib/gcc/x86_64-linux-gnu/11/../../../x86_64-linux-gnu/crti.o

.rela.dyn       0x000000000000c528     0x2bb0
 *(.rela.init)
 *(.rela.text .rela.text.* .rela.gnu.linkonce.t.*)
 .rela.text     0x000000000000c528        0x0 /usr/lib/gcc/x86_64-linux-gnu/11/../../../x86_64-linux-gnu/crti.o
 *(.rela.fini)
 *(.rela.rodata .rela.rodata.* .rela.gnu.linkonce.r.*)
 *(.rela.data .rela.data.* .rela.gnu.linkonce.d.*)
 .rela.data.rel.local
                0x000000000000c528      0xd80 /usr/lib/gcc/x86_64-linux-gnu/11/../../../x86_64-linux-gnu/crti.o
 .rela.data.rel.ro
                0x000000000000d2a8      0x2a0 /usr/lib/gcc/x86_64-linux-gnu/11/../../../x86_64-linux-gnu/crti.o
 .rela.data.rel
                0x000000000000d548      0x3f0 /usr/lib/gcc/x86_64-linux-gnu/11/../../../x86_64-linux-gnu/crti.o
 .rela.data.rel.ro.local
                0x000000000000d938      0x678 /usr/lib/gcc/x86_64-linux-gnu/11/../../../x86_64-linux-gnu/crti.o
 *(.rela.tdata .rela.tdata.* .rela.gnu.linkonce.td.*)
 *(.rela.tbss .rela.tbss.* .rela.gnu.linkonce.tb.*)
 *(.rela.ctors)
 *(.rela.dtors)
 *(.rela.got)
 .rela.got      0x000000000000dfb0     0x10f8 /usr/lib/gcc/x86_64-linux-gnu/11/../../../x86_64-linux-gnu/crti.o
 *(.rela.bss .rela.bss.* .rela.gnu.linkonce.b.*)
 *(.rela.ldata .rela.ldata.* .rela.gnu.linkonce.l.*)
 *(.rela.lbss .rela.lbss.* .rela.gnu.linkonce.lb.*)
 *(.rela.lrodata .rela.lrodata.* .rela.gnu.linkonce.lr.*)
 *(.rela.ifunc)
 .rela.ifunc    0x000000000000f0a8        0x0 /usr/lib/gcc/x86_64-linux-gnu/11/../../../x86_64-linux-gnu/crti.o
 .rela.fini_array
                0x000000000000f0a8       0x18 /usr/lib/gcc/x86_64-linux-gnu/11/../../../x86_64-linux-gnu/crti.o
 .rela.init_array
                0x000000000000f0c0       0x18 /usr/lib/gcc/x86_64-linux-gnu/11/../../../x86_64-linux-gnu/crti.o

.rela.plt       0x000000000000f0d8     0x3108
 *(.rela.plt)
 .rela.plt      0x000000000000f0d8     0x3108 /usr/lib/gcc/x86_64-linux-gnu/11/../../../x86_64-linux-gnu/crti.o
 *(.rela.iplt)

.relr.dyn
 *(.relr.dyn)
                0x0000000000013000                . = ALIGN (CONSTANT (MAXPAGESIZE))

.init           0x0000000000013000       0x1b
 *(SORT_NONE(.init))
 .init          0x0000000000013000       0x16 /usr/lib/gcc/x86_64-linux-gnu/11/../../../x86_64-linux-gnu/crti.o
                0x0000000000013000                _init
 .init          0x0000000000013016        0x5 /usr/lib/gcc/x86_64-linux-gnu/11/../../../x86_64-linux-gnu/crtn.o

.plt            0x0000000000013020     0x20c0
 *(.plt)
 .plt           0x0000000000013020     0x20c0 /usr/lib/gcc/x86_64-linux-gnu/11/../../../x86_64-linux-gnu/crti.o
 *(.iplt)

.plt.got        0x00000000000150e0       0x30
 *(.plt.got)
 .plt.got       0x00000000000150e0       0x30 /usr/lib/gcc/x86_64-linux-gnu/11/../../../x86_64-linux-gnu/crti.o

.plt.sec        0x0000000000015110     0x20b0
 *(.plt.sec)
 .plt.sec       0x0000000000015110     0x20b0 /usr/lib/gcc/x86_64-linux-gnu/11/../../../x86_64-linux-gnu/crti.o

.text           0x00000000000171c0    0x33aa5
 *(.text.unlikely .text.*_unlikely .text.unlikely.*)
 *(.text.exit .text.exit.*)
 *(.text.startup .text.startup.*)
 *(.text.hot .text.hot.*)
 *(SORT_BY_NAME(.text.sorted.*))
 *(.text .stub .text.* .gnu.linkonce.t.*)
 .text          0x00000000000171c0        0x0 /usr/lib/gcc/x86_64-linux-gnu/11/../../../x86_64-linux-gnu/crti.o
 .text          0x00000000000171c0       0xb9 /usr/lib/gcc/x86_64-linux-gnu/11/crtbeginS.o
 .text          0x0000000000017279      0x424 coap-client-root.o
                0x0000000000017279                client_chunk_handler
 .text          0x000000000001769d      0x374 build/cooja/mtype651375177.o
                0x0000000000017753                platform_init_stage_one
                0x0000000000017768                platform_init_stage_two
                0x000000000001777d                platform_init_stage_three
                0x0000000000017792                platform_main_loop
                0x000000000001782c                JNI_OnLoad
                0x0000000000017843                Java_org_contikios_cooja_corecomm_Lib18_init
                0x0000000000017896                Java_org_contikios_cooja_corecomm_Lib18_getMemory
                0x00000000000178f5                Java_org_contikios_cooja_corecomm_Lib18_setMemory
                0x0000000000017954                Java_org_contikios_cooja_corecomm_Lib18_tick
                0x00000000000179e2                Java_org_contikios_cooja_corecomm_Lib18_setReferenceAddress
 .text          0x0000000000017a11       0x93 build/cooja/contiki-ng-cooja.a(simEnvChange.o)
                0x0000000000017a11                doActionsBeforeTick
                0x0000000000017a5a                doActionsAfterTick
 .text          0x0000000000017aa4       0xab build/cooja/contiki-ng-cooja.a(cooja_mt.o)
                0x0000000000017aa4                cooja_mt_start
                0x0000000000017ae4                cooja_mt_exec
                0x0000000000017b27                cooja_mt_yield
 .text          0x0000000000017b4f      0x10e build/cooja/contiki-ng-cooja.a(cooja_mtarch.o)
                0x0000000000017b4f                cooja_mtarch_start
                0x0000000000017bf2                cooja_sw
                0x0000000000017c1f                cooja_mtarch_exec
                0x0000000000017c4d                cooja_mtarch_yield
 .text          0x0000000000017c5d       0xcc build/cooja/contiki-ng-cooja.a(rtimer-arch.o)
                0x0000000000017c5d                rtimer_arch_init
                0x0000000000017c83                rtimer_arch_schedule
                0x0000000000017cad                rtimer_arch_next
                0x0000000000017cc1                rtimer_arch_pending
                0x0000000000017cd4                rtimer_arch_check
                0x0000000000017d15                rtimer_arch_now
 .text          0x0000000000017d29       0xe6 build/cooja/contiki-ng-cooja.a(beep.o)
                0x0000000000017d29                beep_alarm
                0x0000000000017d44                beep_beep
                0x0000000000017d5c                beep
                0x0000000000017d71                beep_down
                0x0000000000017d89                beep_on
                0x0000000000017d9e                beep_off
                0x0000000000017db3                beep_spinup
                0x0000000000017dc8                beep_quick
                0x0000000000017de0                beep_long
 .text          0x0000000000017e0f       0x80 build/cooja/contiki-ng-cooja.a(leds-arch.o)
                0x0000000000017e28                leds_arch_init
 .text          0x0000000000017e8f       0x41 build/cooja/contiki-ng-cooja.a(moteid.o)
 .text          0x0000000000017ed0       0xfa build/cooja/contiki-ng-cooja.a(pir-sensor.o)
 .text          0x0000000000017fca      0x18b build/cooja/contiki-ng-cooja.a(rs232.o)
                0x0000000000017fca                rs232_init
                0x0000000000017fd5                rs232_set_speed
                0x0000000000017fe5                rs232_set_input
                0x0000000000017fff                rs232_send
                0x000000000001801e                rs232_print
                0x000000000001804c                slip_arch_writeb
 .text          0x0000000000018155       0xfa build/cooja/contiki-ng-cooja.a(vib-sensor.o)
 .text          0x000000000001824f       0x6f build/cooja/contiki-ng-cooja.a(clock.o)
                0x000000000001824f                clock_init
                0x000000000001825a                clock_time
                0x000000000001826e                clock_seconds
                0x000000000001829a                clock_delay
 .text          0x00000000000182be      0x214 build/cooja/contiki-ng-cooja.a(cooja-log.o)
                0x00000000000182be                simlog_char
                0x0000000000018318                simlog
                0x000000000001839d                log_message
                0x00000000000183e2                log_set_putchar_with_slip
                0x00000000000183f9                dbg_putchar
                0x000000000001847a                dbg_send_bytes
 .text          0x00000000000184d2      0x39b build/cooja/contiki-ng-cooja.a(cfs-cooja.o)
                0x00000000000184d2                cfs_open
                0x000000000001854f                cfs_close
                0x0000000000018564                cfs_read
                0x000000000001862b                cfs_write
                0x000000000001873b                cfs_seek
                0x00000000000187ea                cfs_remove
                0x000000000001881a                cfs_opendir
                0x0000000000018831                cfs_readdir
                0x0000000000018848                cfs_closedir
 .text          0x000000000001886d      0x771 build/cooja/contiki-ng-cooja.a(cooja-radio.o)
                0x00000000000188cc                radio_set_channel
                0x00000000000188e6                radio_set_txpower
                0x0000000000018903                radio_signal_strength_last
                0x0000000000018916                radio_signal_strength_current
                0x0000000000018929                radio_LQI
 .text          0x0000000000018fde      0x163 build/cooja/contiki-ng-cooja.a(eeprom.o)
                0x0000000000018fde                eeprom_init
                0x0000000000018fed                eeprom_read
                0x000000000001908c                eeprom_write
 .text          0x0000000000019141       0x2f build/cooja/contiki-ng-cooja.a(random.o)
                0x0000000000019141                random_init
                0x0000000000019161                random_rand
 .text          0x0000000000019170      0x35f build/cooja/contiki-ng-cooja.a(sensors.o)
                0x00000000000191b9                sensors_first
                0x00000000000191cd                sensors_next
                0x00000000000191fc                sensors_changed
                0x0000000000019249                sensors_find
 .text          0x00000000000194cf      0x3ad build/cooja/contiki-ng-cooja.a(leds.o)
                0x00000000000194cf                leds_init
                0x000000000001951a                leds_single_on
                0x0000000000019587                leds_single_off
                0x00000000000195f4                leds_single_toggle
                0x000000000001962c                leds_on
                0x00000000000196bd                leds_off
                0x000000000001974e                leds_toggle
                0x00000000000197aa                leds_set
                0x00000000000197d3                leds_get
 .text          0x000000000001987c      0x41b build/cooja/contiki-ng-cooja.a(gpio-hal-arch.o)
                0x000000000001987c                gpio_hal_arch_register_pin_callback
                0x0000000000019923                gpio_hal_arch_init
                0x0000000000019979                gpio_hal_arch_no_port_interrupt_enable
                0x00000000000199c6                gpio_hal_arch_no_port_interrupt_disable
                0x0000000000019a13                gpio_hal_arch_no_port_pin_cfg_set
                0x0000000000019a49                gpio_hal_arch_no_port_pin_cfg_get
                0x0000000000019a7d                gpio_hal_arch_no_port_pin_set_input
                0x0000000000019a90                gpio_hal_arch_no_port_pin_set_output
                0x0000000000019aa3                gpio_hal_arch_no_port_set_pin
                0x0000000000019ac7                gpio_hal_arch_no_port_clear_pin
                0x0000000000019aeb                gpio_hal_arch_no_port_read_pin
                0x0000000000019b18                gpio_hal_arch_no_port_write_pin
                0x0000000000019b42                gpio_hal_arch_no_port_set_pins
                0x0000000000019b91                gpio_hal_arch_no_port_clear_pins
                0x0000000000019be0                gpio_hal_arch_no_port_read_pins
                0x0000000000019c2e                gpio_hal_arch_no_port_write_pins
 .text          0x0000000000019c97       0xa8 build/cooja/contiki-ng-cooja.a(buttons.o)
 .text          0x0000000000019d3f      0x2e0 build/cooja/contiki-ng-cooja.a(coap-blocking-api.o)
                0x0000000000019d3f                coap_blocking_request_callback
                0x0000000000019d7a                coap_blocking_request
 .text          0x000000000001a01f      0x33a build/cooja/contiki-ng-cooja.a(coap-transactions.o)
                0x000000000001a0b1                coap_new_transaction
                0x000000000001a128                coap_send_transaction
                0x000000000001a2a7                coap_clear_transaction
                0x000000000001a2fd                coap_get_transaction_by_mid
 .text          0x000000000001a359      0x8b4 build/cooja/contiki-ng-cooja.a(coap-uip.o)
                0x000000000001a359                coap_endpoint_log
                0x000000000001a3f5                coap_endpoint_print
                0x000000000001a491                coap_endpoint_snprint
                0x000000000001a617                coap_endpoint_copy
                0x000000000001a65f                coap_endpoint_cmp
                0x000000000001a7b4                coap_endpoint_parse
                0x000000000001a9e3                coap_endpoint_is_secure
                0x000000000001a9fc                coap_endpoint_is_connected
                0x000000000001aa42                coap_endpoint_connect
                0x000000000001aa68                coap_endpoint_disconnect
                0x000000000001aa77                coap_databuf
                0x000000000001aa8b                coap_transport_init
                0x000000000001aaeb                coap_sendto
 .text          0x000000000001ac0d     0x24a7 build/cooja/contiki-ng-cooja.a(coap.o)
                0x000000000001b2e5                coap_init_connection
                0x000000000001b2fc                coap_get_mid
                0x000000000001b31e                coap_init_message
                0x000000000001b374                coap_serialize_message
                0x000000000001bafd                coap_parse_message
                0x000000000001c331                coap_get_query_variable
                0x000000000001c38d                coap_get_post_variable
                0x000000000001c3e7                coap_set_status_code
                0x000000000001c419                coap_set_token
                0x000000000001c479                coap_get_header_content_format
                0x000000000001c4c1                coap_set_header_content_format
                0x000000000001c4f9                coap_get_header_accept
                0x000000000001c544                coap_set_header_accept
                0x000000000001c57f                coap_get_header_max_age
                0x000000000001c5c8                coap_set_header_max_age
                0x000000000001c5fd                coap_get_header_etag
                0x000000000001c649                coap_set_header_etag
                0x000000000001c6ba                coap_get_header_if_match
                0x000000000001c70c                coap_set_header_if_match
                0x000000000001c789                coap_get_header_if_none_match
                0x000000000001c7b4                coap_set_header_if_none_match
                0x000000000001c7dc                coap_get_header_proxy_uri
                0x000000000001c825                coap_set_header_proxy_uri
                0x000000000001c874                coap_get_header_uri_host
                0x000000000001c8bd                coap_set_header_uri_host
                0x000000000001c90c                coap_get_header_uri_path
                0x000000000001c95b                coap_set_header_uri_path
                0x000000000001c9c5                coap_get_header_uri_query
                0x000000000001ca14                coap_set_header_uri_query
                0x000000000001ca7e                coap_get_header_location_path
                0x000000000001cac7                coap_set_header_location_path
                0x000000000001cb7d                coap_get_header_location_query
                0x000000000001cbcc                coap_set_header_location_query
                0x000000000001cc36                coap_get_header_observe
                0x000000000001cc7f                coap_set_header_observe
                0x000000000001ccb7                coap_get_header_block2
                0x000000000001cd59                coap_set_header_block2
                0x000000000001cde9                coap_get_header_block1
                0x000000000001ce8b                coap_set_header_block1
                0x000000000001cf16                coap_get_header_size2
                0x000000000001cf5d                coap_set_header_size2
                0x000000000001cf95                coap_get_header_size1
                0x000000000001cfdc                coap_set_header_size1
                0x000000000001d014                coap_get_payload
                0x000000000001d064                coap_set_payload
 .text          0x000000000001d0b4      0x432 build/cooja/contiki-ng-cooja.a(contiki-main.o)
                0x000000000001d0b4                main
 .text          0x000000000001d4e6       0xbd build/cooja/contiki-ng-cooja.a(autostart.o)
                0x000000000001d4e6                autostart_start
                0x000000000001d547                autostart_exit
 .text          0x000000000001d5a3      0x441 build/cooja/contiki-ng-cooja.a(ctimer.o)
                0x000000000001d705                ctimer_init
                0x000000000001d73a                ctimer_set
                0x000000000001d77e                ctimer_set_with_process
                0x000000000001d838                ctimer_reset
                0x000000000001d8a9                ctimer_restart
                0x000000000001d91a                ctimer_stop
                0x000000000001d978                ctimer_expired
 .text          0x000000000001d9e4       0x25 build/cooja/contiki-ng-cooja.a(energest.o)
                0x000000000001d9e4                energest_init
                0x000000000001d9ef                energest_flush
                0x000000000001d9fa                energest_get_total_time
 .text          0x000000000001da09      0x57c build/cooja/contiki-ng-cooja.a(etimer.o)
                0x000000000001dcb1                etimer_request_poll
                0x000000000001dd63                etimer_set
                0x000000000001dd99                etimer_reset_with_new_interval
                0x000000000001ddd4                etimer_reset
                0x000000000001ddff                etimer_restart
                0x000000000001de2a                etimer_adjust
                0x000000000001de5b                etimer_expired
                0x000000000001de7a                etimer_expiration_time
                0x000000000001de9a                etimer_start_time
                0x000000000001deaf                etimer_pending
                0x000000000001dec9                etimer_next_expiration_time
                0x000000000001deea                etimer_stop
 .text          0x000000000001df85      0x539 build/cooja/contiki-ng-cooja.a(log.o)
                0x000000000001df85                log_6addr
                0x000000000001dfeb                log_6addr_compact_snprint
                0x000000000001e0c6                log_6addr_compact
                0x000000000001e12c                log_lladdr
                0x000000000001e1ac                log_lladdr_compact
                0x000000000001e22e                log_bytes
                0x000000000001e28e                log_set_level
                0x000000000001e39c                log_get_level
                0x000000000001e453                log_level_to_str
 .text          0x000000000001e4be       0x36 build/cooja/contiki-ng-cooja.a(node-id.o)
                0x000000000001e4be                node_id_init
 .text          0x000000000001e4f4      0x673 build/cooja/contiki-ng-cooja.a(process.o)
                0x000000000001e4f4                process_alloc_event
                0x000000000001e50e                process_start
                0x000000000001e77e                process_exit
                0x000000000001e7aa                process_init
                0x000000000001e9a1                process_run
                0x000000000001e9d6                process_nevents
                0x000000000001e9f6                process_post
                0x000000000001eabe                process_post_synch
                0x000000000001eb0c                process_poll
                0x000000000001eb49                process_is_running
 .text          0x000000000001eb67      0x101 build/cooja/contiki-ng-cooja.a(rtimer.o)
                0x000000000001eb67                rtimer_init
                0x000000000001eb77                rtimer_set
                0x000000000001ebf8                rtimer_run_next
 .text          0x000000000001ec68       0xfd build/cooja/contiki-ng-cooja.a(timer.o)
                0x000000000001ec68                timer_set
                0x000000000001ec97                timer_reset
                0x000000000001ecd3                timer_restart
                0x000000000001ecf2                timer_expired
                0x000000000001ed2d                timer_remaining
 .text          0x000000000001ed65      0x39b build/cooja/contiki-ng-cooja.a(list.o)
                0x000000000001ed65                list_init
                0x000000000001ed7f                list_head
                0x000000000001ed94                list_copy
                0x000000000001edb5                list_tail
                0x000000000001edfe                list_add
                0x000000000001ee62                list_push
                0x000000000001eea5                list_chop
                0x000000000001ef32                list_pop
                0x000000000001ef6c                list_remove
                0x000000000001eff8                list_length
                0x000000000001f033                list_insert
                0x000000000001f096                list_item_next
                0x000000000001f0b9                list_contains
 .text          0x000000000001f100      0x21a build/cooja/contiki-ng-cooja.a(memb.o)
                0x000000000001f100                memb_init
                0x000000000001f163                memb_alloc
                0x000000000001f1dd                memb_free
                0x000000000001f270                memb_inmemb
                0x000000000001f2c7                memb_numfree
 .text          0x000000000001f31a      0x574 build/cooja/contiki-ng-cooja.a(button-hal.o)
                0x000000000001f4e5                button_hal_get_by_id
                0x000000000001f533                button_hal_get_by_index
                0x000000000001f56a                button_hal_get_state
                0x000000000001f5cd                button_hal_init
 .text          0x000000000001f88e      0x181 build/cooja/contiki-ng-cooja.a(gpio-hal.o)
                0x000000000001f88e                gpio_hal_register_handler
                0x000000000001f8b7                gpio_hal_event_handler
                0x000000000001f922                gpio_hal_init
                0x000000000001f941                gpio_hal_arch_port_toggle_pin
                0x000000000001f978                gpio_hal_arch_port_toggle_pins
                0x000000000001f9a9                gpio_hal_arch_no_port_toggle_pin
                0x000000000001f9e3                gpio_hal_arch_no_port_toggle_pins
 .text          0x000000000001fa0f      0x238 build/cooja/contiki-ng-cooja.a(serial-line.o)
                0x000000000001fa0f                serial_line_input_byte
                0x000000000001fc0a                serial_line_init
 .text          0x000000000001fc47       0x80 build/cooja/contiki-ng-cooja.a(linkaddr.o)
                0x000000000001fc47                linkaddr_copy
                0x000000000001fc68                linkaddr_cmp
                0x000000000001fc9e                linkaddr_set_node_addr
 .text          0x000000000001fcc7      0x12b build/cooja/contiki-ng-cooja.a(netstack.o)
                0x000000000001fcc7                netstack_process_ip_callback
                0x000000000001fd68                netstack_ip_packet_processor_add
                0x000000000001fd98                uip_ds6_ip_packet_processor_rm
                0x000000000001fdc1                netstack_init
 .text          0x000000000001fdf2      0x63d build/cooja/contiki-ng-cooja.a(packetbuf.o)
                0x000000000001fdf2                packetbuf_clear
                0x000000000001fe27                packetbuf_copyfrom
                0x000000000001fe80                packetbuf_copyto
                0x000000000001ff26                packetbuf_hdralloc
                0x000000000001ffb5                packetbuf_hdrallocfromend
                0x0000000000020052                packetbuf_hdrreduce
                0x00000000000200a2                packetbuf_set_datalen
                0x00000000000200be                packetbuf_dataptr
                0x00000000000200e3                packetbuf_hdrptr
                0x00000000000200f4                packetbuf_datalen
                0x0000000000020105                packetbuf_hdrlen
                0x0000000000020121                packetbuf_totlen
                0x0000000000020143                packetbuf_remaininglen
                0x000000000002015b                packetbuf_attr_clear
                0x00000000000201c0                packetbuf_attr_copyto
                0x000000000002020b                packetbuf_attr_copyfrom
                0x0000000000020256                packetbuf_set_attr
                0x0000000000020286                packetbuf_attr
                0x00000000000202a7                packetbuf_set_addr
                0x00000000000202ed                packetbuf_addr
                0x0000000000020317                packetbuf_holds_broadcast
                0x000000000002033e                packetbuf_ie_clear
                0x0000000000020350                packetbuf_ie_copyfrom
                0x00000000000203a5                packetbuf_ie_copyto
                0x00000000000203f3                packetbuf_ielen
                0x0000000000020404                packetbuf_set_ielen
                0x000000000002041e                packetbuf_ie_ptr
 .text          0x000000000002042f      0x382 build/cooja/contiki-ng-cooja.a(queuebuf.o)
                0x0000000000020444                queuebuf_init
                0x000000000002046d                queuebuf_numfree
                0x0000000000020486                queuebuf_new_from_packetbuf
                0x0000000000020539                queuebuf_update_attr_from_packetbuf
                0x000000000002057c                queuebuf_update_from_packetbuf
                0x00000000000205d8                queuebuf_free
                0x0000000000020634                queuebuf_to_packetbuf
                0x00000000000206ad                queuebuf_dataptr
                0x00000000000206f4                queuebuf_datalen
                0x0000000000020724                queuebuf_addr
                0x000000000002076b                queuebuf_attr
                0x00000000000207a6                queuebuf_debug_print
 .text          0x00000000000207b1      0x116 build/cooja/contiki-ng-cooja.a(printf.o)
                0x00000000000207e6                log_printf
 .text          0x00000000000208c7       0x1e build/cooja/contiki-ng-cooja.a(putchar.o)
                0x00000000000208c7                log_putchar
 .text          0x00000000000208e5       0x3d build/cooja/contiki-ng-cooja.a(puts.o)
                0x00000000000208e5                log_puts
 .text          0x0000000000020922      0x1f8 build/cooja/contiki-ng-cooja.a(snprintf.o)
                0x00000000000209ad                log_snprintf
                0x0000000000020a92                log_vsnprintf
 .text          0x0000000000020b1a     0x170b build/cooja/contiki-ng-cooja.a(strformat.o)
                0x0000000000020e8d                format_str
                0x0000000000020f6e                format_str_v
 .text          0x0000000000022225     0x4d36 build/cooja/contiki-ng-cooja.a(tsch.o)
                0x0000000000022225                strip_payload_termination_ie
                0x0000000000022261                tsch_set_coordinator
                0x00000000000222bc                tsch_set_pan_secured
                0x00000000000222d7                tsch_set_join_priority
                0x00000000000222f4                tsch_set_ka_timeout
                0x000000000002231a                tsch_set_eb_period
                0x00000000000228cc                tsch_schedule_keepalive
                0x0000000000023212                tsch_disassociate
                0x0000000000023a54                tsch_scan
 .text          0x0000000000026f5b     0x38a9 build/cooja/contiki-ng-cooja.a(sicslowpan.o)
                0x0000000000027731                netstack_sniffer_add
                0x000000000002774b                netstack_sniffer_remove
                0x000000000002a7cd                sicslowpan_init
                0x000000000002a7f4                sicslowpan_get_last_rssi
 .text          0x000000000002a804      0x8dd build/cooja/contiki-ng-cooja.a(tcpip.o)
                0x000000000002a834                tcpip_output
                0x000000000002a8cc                udp_attach
                0x000000000002a8fa                udp_new
                0x000000000002a955                udp_broadcast_new
                0x000000000002ab09                tcpip_input
                0x000000000002ad2e                tcpip_ipv6_output
                0x000000000002af87                tcpip_poll_udp
                0x000000000002afb5                tcpip_uipcall
 .text          0x000000000002b0e1      0x416 build/cooja/contiki-ng-cooja.a(uip-ds6-nbr.o)
                0x000000000002b0e1                uip_ds6_neighbors_init
                0x000000000002b10a                uip_ds6_nbr_add
                0x000000000002b1a8                uip_ds6_nbr_rm
                0x000000000002b205                uip_ds6_nbr_update_ll
                0x000000000002b30a                uip_ds6_nbr_get_ipaddr
                0x000000000002b32a                uip_ds6_nbr_get_ll
                0x000000000002b352                uip_ds6_nbr_num
                0x000000000002b3a4                uip_ds6_nbr_head
                0x000000000002b3bd                uip_ds6_nbr_next
                0x000000000002b3e5                uip_ds6_nbr_lookup
                0x000000000002b44e                uip_ds6_nbr_ll_lookup
                0x000000000002b476                uip_ds6_nbr_ipaddr_from_lladdr
                0x000000000002b4aa                uip_ds6_nbr_lladdr_from_ipaddr
                0x000000000002b4e6                uip_ds6_link_callback
 .text          0x000000000002b4f7      0xc36 build/cooja/contiki-ng-cooja.a(uip-ds6-route.o)
                0x000000000002b60e                uip_ds6_notification_add
                0x000000000002b655                uip_ds6_notification_rm
                0x000000000002b67e                uip_ds6_route_init
                0x000000000002b6f0                uip_ds6_route_count_nexthop_neighbors
                0x000000000002b785                uip_ds6_route_nexthop
                0x000000000002b7b9                uip_ds6_route_head
                0x000000000002b7d2                uip_ds6_route_next
                0x000000000002b806                uip_ds6_route_is_nexthop
                0x000000000002b858                uip_ds6_route_num_routes
                0x000000000002b868                uip_ds6_route_lookup
                0x000000000002b957                uip_ds6_route_add
                0x000000000002bbe7                uip_ds6_route_rm
                0x000000000002bde9                uip_ds6_route_rm_by_nexthop
                0x000000000002be35                uip_ds6_defrt_head
                0x000000000002be4e                uip_ds6_defrt_add
                0x000000000002bf23                uip_ds6_defrt_rm
                0x000000000002bfb6                uip_ds6_defrt_lookup
                0x000000000002c02d                uip_ds6_defrt_choose
                0x000000000002c0b0                uip_ds6_defrt_periodic
 .text          0x000000000002c12d      0xebc build/cooja/contiki-ng-cooja.a(uip-ds6.o)
                0x000000000002c12d                uip_ds6_default_prefix
                0x000000000002c13e                uip_ds6_set_default_prefix
                0x000000000002c166                uip_ds6_init
                0x000000000002c405                uip_ds6_periodic
                0x000000000002c4a7                uip_ds6_list_loop
                0x000000000002c590                uip_ds6_prefix_add
                0x000000000002c661                uip_ds6_prefix_rm
                0x000000000002c67f                uip_ds6_prefix_lookup
                0x000000000002c6d6                uip_ds6_is_addr_onlink
                0x000000000002c76a                uip_ds6_addr_add
                0x000000000002c8b5                uip_ds6_addr_rm
                0x000000000002c970                uip_ds6_addr_lookup
                0x000000000002c9c5                uip_ds6_get_link_local
                0x000000000002ca6a                uip_ds6_get_global
                0x000000000002cb0f                uip_ds6_maddr_add
                0x000000000002cb8b                uip_ds6_maddr_rm
                0x000000000002cba9                uip_ds6_maddr_lookup
                0x000000000002cc01                uip_ds6_aaddr_add
                0x000000000002cc7d                uip_ds6_aaddr_rm
                0x000000000002cc9b                uip_ds6_aaddr_lookup
                0x000000000002ccf3                uip_ds6_select_src
                0x000000000002ce7d                uip_ds6_set_addr_iid
                0x000000000002ceb6                uip_ds6_set_lladdr_from_iid
                0x000000000002ceed                get_match_length
                0x000000000002cf9b                uip_ds6_compute_reachable_time
 .text          0x000000000002cfe9      0x8b7 build/cooja/contiki-ng-cooja.a(uip-icmp6.o)
                0x000000000002d066                uip_icmp6_input
                0x000000000002d0c4                uip_icmp6_register_input_handler
                0x000000000002d256                uip_icmp6_error_output
                0x000000000002d5bb                uip_icmp6_send
                0x000000000002d807                uip_icmp6_echo_reply_callback_add
                0x000000000002d84e                uip_icmp6_echo_reply_callback_rm
                0x000000000002d877                uip_icmp6_init
 .text          0x000000000002d8a0      0x1b9 build/cooja/contiki-ng-cooja.a(uip-packetqueue.o)
                0x000000000002d8df                uip_packetqueue_new
                0x000000000002d8f9                uip_packetqueue_alloc
                0x000000000002d973                uip_packetqueue_free
                0x000000000002d9cb                uip_packetqueue_buf
                0x000000000002d9f7                uip_packetqueue_buflen
                0x000000000002da26                uip_packetqueue_set_buflen
 .text          0x000000000002da59      0x147 build/cooja/contiki-ng-cooja.a(uip-udp-packet.o)
                0x000000000002da59                uip_udp_packet_send
                0x000000000002dadb                uip_udp_packet_sendto
 .text          0x000000000002dba0     0x1710 build/cooja/contiki-ng-cooja.a(uip6.o)
                0x000000000002dc64                uip_chksum
                0x000000000002dd4a                uip_icmp6chksum
                0x000000000002dd5e                uip_udpchksum
                0x000000000002dd72                uip_init
                0x000000000002ddd9                uip_remove_ext_hdr
                0x000000000002deda                uip_udp_new
                0x000000000002e288                uip_process
                0x000000000002f136                uip_htons
                0x000000000002f159                uip_htonl
                0x000000000002f1a1                uip_send
 .text          0x000000000002f2b0      0x6b8 build/cooja/contiki-ng-cooja.a(uipbuf.o)
                0x000000000002f2b0                uipbuf_clear
                0x000000000002f2e9                uipbuf_add_ext_hdr
                0x000000000002f381                uipbuf_set_len
                0x000000000002f3b3                uipbuf_set_len_field
                0x000000000002f3e6                uipbuf_get_len_field
                0x000000000002f411                uipbuf_get_next_header
                0x000000000002f583                uipbuf_get_last_header
                0x000000000002f616                uipbuf_search_header
                0x000000000002f6dd                uipbuf_get_attr
                0x000000000002f70e                uipbuf_set_attr
                0x000000000002f74e                uipbuf_set_default_attr
                0x000000000002f78e                uipbuf_clear_attr
                0x000000000002f7d1                uipbuf_set_attr_flag
                0x000000000002f7f4                uipbuf_clr_attr_flag
                0x000000000002f81d                uipbuf_is_attr_flag
                0x000000000002f842                uipbuf_init
                0x000000000002f884                uipbuf_ie_clear
                0x000000000002f896                uipbuf_ie_copyfrom
                0x000000000002f8ef                uipbuf_ie_copyto
                0x000000000002f93d                uipbuf_ielen
                0x000000000002f94e                uipbuf_set_ielen
 .text          0x000000000002f968      0x57d build/cooja/contiki-ng-cooja.a(uiplib.o)
                0x000000000002f968                uiplib_ip6addrconv
                0x000000000002fb44                uiplib_ip4addrconv
                0x000000000002fc16                uiplib_ipaddr_print
                0x000000000002fc7c                uiplib_ipaddr_snprint
 .text          0x000000000002fee5      0x5fe build/cooja/contiki-ng-cooja.a(rpl-dag-root.o)
                0x000000000002ff85                rpl_dag_root_set_prefix
                0x000000000002ffc1                rpl_dag_root_start
                0x00000000000302c2                rpl_dag_root_is_root
                0x000000000003031c                rpl_dag_root_print_links
 .text          0x00000000000304e3     0x43bf build/cooja/contiki-ng-cooja.a(rpl-dag.o)
                0x00000000000304e3                rpl_print_neighbor_list
                0x00000000000305c7                rpl_get_nbr
                0x0000000000030622                rpl_dag_init
                0x0000000000030649                rpl_get_parent
                0x000000000003067c                rpl_get_parent_rank
                0x00000000000306c1                rpl_get_parent_link_metric
                0x0000000000030736                rpl_rank_via_parent
                0x00000000000307ab                rpl_get_parent_lladdr
                0x00000000000307d6                rpl_parent_get_ipaddr
                0x0000000000030812                rpl_get_parent_link_stats
                0x0000000000030840                rpl_parent_is_fresh
                0x000000000003086e                rpl_parent_is_reachable
                0x0000000000030aaf                rpl_get_preferred_parent
                0x0000000000030ec6                rpl_set_root
                0x0000000000031329                rpl_repair_root
                0x0000000000031643                rpl_set_prefix
                0x000000000003183d                rpl_set_default_route
                0x00000000000318c4                rpl_alloc_instance
                0x000000000003195c                rpl_alloc_dag
                0x0000000000031a29                rpl_set_default_instance
                0x0000000000031a46                rpl_get_default_instance
                0x0000000000031a5a                rpl_free_instance
                0x0000000000031b7a                rpl_free_dag
                0x0000000000031ca3                rpl_add_parent
                0x0000000000031d82                rpl_find_parent
                0x0000000000031e02                rpl_find_parent_any_dag
                0x0000000000031e57                rpl_select_dag
                0x000000000003242e                rpl_select_parent
                0x00000000000324ba                rpl_remove_parent
                0x0000000000032576                rpl_nullify_parent
                0x00000000000326df                rpl_move_parent
                0x0000000000032912                rpl_has_joined
                0x000000000003293f                rpl_has_downward_route
                0x00000000000329c2                rpl_get_dag
                0x0000000000032b30                rpl_get_any_dag
                0x0000000000032b44                rpl_get_instance
                0x0000000000032bca                rpl_find_of
                0x0000000000032c2a                rpl_join_instance
                0x0000000000033132                rpl_add_dag
                0x00000000000336ea                rpl_local_repair
                0x00000000000338af                rpl_recalculate_ranks
                0x0000000000033957                rpl_process_parent_event
                0x0000000000033ca0                rpl_process_dio
 .text          0x00000000000348a2     0x3839 build/cooja/contiki-ng-cooja.a(rpl-icmp6.o)
                0x0000000000034cbd                rpl_icmp6_update_nbr_table
                0x0000000000034ff5                dis_output
                0x0000000000035c85                dio_output
                0x00000000000373a1                dao_output
                0x000000000003750b                dao_output_target
                0x0000000000037f58                dao_ack_output
                0x0000000000038094                rpl_icmp6_register_handlers
 .text          0x00000000000380db      0x44f build/cooja/contiki-ng-cooja.a(rpl-mrhof.o)
 .text          0x000000000003852a      0x499 build/cooja/contiki-ng-cooja.a(rpl-of0.o)
 .text          0x00000000000389c3      0x88b build/cooja/contiki-ng-cooja.a(rpl-timers.o)
                0x0000000000038d69                rpl_reset_periodic_timer
                0x0000000000038dc6                rpl_reset_dio_timer
                0x000000000003914a                rpl_schedule_dao
                0x000000000003916e                rpl_schedule_dao_immediately
                0x0000000000039192                rpl_cancel_dao
                0x0000000000039215                rpl_schedule_unicast_dio_immediately
 .text          0x000000000003924e      0xc0f build/cooja/contiki-ng-cooja.a(rpl.o)
                0x000000000003924e                rpl_get_mode
                0x000000000003925e                rpl_set_mode
                0x00000000000393fa                rpl_purge_routes
                0x00000000000395bf                rpl_remove_routes
                0x000000000003961a                rpl_remove_routes_by_nexthop
                0x0000000000039694                rpl_add_route
                0x000000000003984b                rpl_link_callback
                0x0000000000039938                rpl_ipv6_neighbor_callback
                0x00000000000399c4                rpl_purge_dags
                0x0000000000039e4e                rpl_is_in_leaf_mode
 .text          0x0000000000039e5d      0x258 build/cooja/contiki-ng-cooja.a(slip-bridge.o)
                0x0000000000039e5d                request_prefix
 .text          0x000000000003a0b5       0x49 build/cooja/contiki-ng-cooja.a(watchdog.o)
                0x000000000003a0b5                watchdog_init
                0x000000000003a0c0                watchdog_start
                0x000000000003a0cb                watchdog_periodic
                0x000000000003a0e8                watchdog_stop
                0x000000000003a0f3                watchdog_reboot
 .text          0x000000000003a0fe       0x61 build/cooja/contiki-ng-cooja.a(int-master.o)
                0x000000000003a0fe                int_master_enable
                0x000000000003a113                int_master_read_and_disable
                0x000000000003a133                int_master_status_set
                0x000000000003a14a                int_master_is_enabled
 .text          0x000000000003a15f       0x1a build/cooja/contiki-ng-cooja.a(slip-arch.o)
                0x000000000003a15f                slip_arch_init
 .text          0x000000000003a179      0x198 build/cooja/contiki-ng-cooja.a(rpl-border-router.o)
                0x000000000003a179                print_local_addresses
                0x000000000003a2af                set_prefix_64
                0x000000000003a2f2                rpl_border_router_init
 .text          0x000000000003a311      0x482 build/cooja/contiki-ng-cooja.a(orchestra.o)
                0x000000000003a3ab                orchestra_callback_child_added
                0x000000000003a40c                orchestra_callback_child_removed
                0x000000000003a46d                orchestra_callback_packet_ready
                0x000000000003a558                orchestra_callback_new_time_source
                0x000000000003a5db                orchestra_callback_root_node_updated
                0x000000000003a647                orchestra_init
 .text          0x000000000003a793      0xded build/cooja/contiki-ng-cooja.a(coap-engine.o)
                0x000000000003a862                coap_add_handler
                0x000000000003a88b                coap_remove_handler
                0x000000000003a8b4                coap_call_handlers
                0x000000000003a9f5                coap_receive
                0x000000000003b0ee                coap_engine_init
                0x000000000003b14e                coap_activate_resource
                0x000000000003b21f                coap_get_first_resource
                0x000000000003b238                coap_get_next_resource
 .text          0x000000000003b580      0x84b build/cooja/contiki-ng-cooja.a(coap-observe-client.o)
                0x000000000003b652                coap_obs_add_observee
                0x000000000003b722                coap_obs_remove_observee
                0x000000000003b761                coap_get_obs_subject_by_token
                0x000000000003b7e1                coap_obs_remove_observee_by_token
                0x000000000003b88f                coap_obs_remove_observee_by_url
                0x000000000003ba35                coap_handle_notification
                0x000000000003bbcc                coap_generate_token
                0x000000000003bbfd                coap_obs_request_registration
 .text          0x000000000003bdcb      0xa9c build/cooja/contiki-ng-cooja.a(coap-observe.o)
                0x000000000003bf1c                coap_remove_observer
                0x000000000003bf5b                coap_remove_observer_by_client
                0x000000000003bfd1                coap_remove_observer_by_token
                0x000000000003c07f                coap_remove_observer_by_uri
                0x000000000003c13c                coap_remove_observer_by_mid
                0x000000000003c1c6                coap_notify_observers
                0x000000000003c1ea                coap_notify_observers_sub
                0x000000000003c69c                coap_observe_handler
                0x000000000003c7f0                coap_has_observers
 .text          0x000000000003c867      0x376 build/cooja/contiki-ng-cooja.a(coap-res-well-known-core.o)
 .text          0x000000000003cbdd      0x322 build/cooja/contiki-ng-cooja.a(coap-timer.o)
                0x000000000003ccef                coap_timer_stop
                0x000000000003cd25                coap_timer_set
                0x000000000003cd5c                coap_timer_reset
                0x000000000003cd96                coap_timer_time_to_next_expiration
                0x000000000003cdef                coap_timer_run
                0x000000000003ceb6                coap_timer_init
 .text          0x000000000003ceff      0x125 build/cooja/contiki-ng-cooja.a(stimer.o)
                0x000000000003ceff                stimer_set
                0x000000000003cf2e                stimer_reset
                0x000000000003cf6a                stimer_restart
                0x000000000003cf89                stimer_expired
                0x000000000003cfcb                stimer_remaining
                0x000000000003d003                stimer_elapsed
 .text          0x000000000003d024      0x19d build/cooja/contiki-ng-cooja.a(ringbuf.o)
                0x000000000003d024                ringbuf_init
                0x000000000003d065                ringbuf_put
                0x000000000003d0f4                ringbuf_get
                0x000000000003d172                ringbuf_size
                0x000000000003d18e                ringbuf_elements
 .text          0x000000000003d1c1      0x25a build/cooja/contiki-ng-cooja.a(ringbufindex.o)
                0x000000000003d1c1                ringbufindex_init
                0x000000000003d1f2                ringbufindex_put
                0x000000000003d25d                ringbufindex_peek_put
                0x000000000003d2af                ringbufindex_get
                0x000000000003d31c                ringbufindex_peek_get
                0x000000000003d364                ringbufindex_size
                0x000000000003d37f                ringbufindex_elements
                0x000000000003d3b1                ringbufindex_full
                0x000000000003d3f5                ringbufindex_empty
 .text          0x000000000003d41b      0x72b build/cooja/contiki-ng-cooja.a(slip.o)
                0x000000000003d41b                slip_set_input_callback
                0x000000000003d435                slip_send
                0x000000000003d45e                slip_write
                0x000000000003d9f5                slip_input_byte
 .text          0x000000000003db46      0x481 build/cooja/contiki-ng-cooja.a(link-stats.o)
                0x000000000003db46                link_stats_from_lladdr
                0x000000000003db6e                link_stats_get_lladdr
                0x000000000003db96                link_stats_is_fresh
                0x000000000003dbde                guess_etx_from_rssi
                0x000000000003dc63                link_stats_packet_sent
                0x000000000003ddc7                link_stats_input_callback
                0x000000000003df29                link_stats_reset
                0x000000000003df85                link_stats_init
 .text          0x000000000003dfc7      0xcb3 build/cooja/contiki-ng-cooja.a(nbr-table.o)
                0x000000000003e425                nbr_table_count_entries
                0x000000000003e4c7                nbr_table_gc_get_worst
                0x000000000003e50a                nbr_table_can_accept_new
                0x000000000003e6bf                nbr_table_entry_is_allowed
                0x000000000003e76c                nbr_table_register
                0x000000000003e7fe                nbr_table_is_registered
                0x000000000003e855                nbr_table_head
                0x000000000003e8c3                nbr_table_next
                0x000000000003e940                nbr_table_add_lladdr
                0x000000000003eaa0                nbr_table_get_from_lladdr
                0x000000000003eaff                nbr_table_remove
                0x000000000003eb59                nbr_table_lock
                0x000000000003eb8e                nbr_table_unlock
                0x000000000003ebc3                nbr_table_get_lladdr
                0x000000000003ec06                nbr_table_clear
                0x000000000003ec43                nbr_table_key_head
                0x000000000003ec5c                nbr_table_key_next
 .text          0x000000000003ec7a      0x1e0 build/cooja/contiki-ng-cooja.a(mac-sequence.o)
                0x000000000003ec7a                mac_sequence_is_duplicate
                0x000000000003ed5b                mac_sequence_register_seqno
 .text          0x000000000003ee5a       0x3a build/cooja/contiki-ng-cooja.a(mac.o)
                0x000000000003ee5a                mac_call_sent_callback
 .text          0x000000000003ee94      0xca9 build/cooja/contiki-ng-cooja.a(frame802154.o)
                0x000000000003eec2                frame802154_get_pan_id
                0x000000000003eed3                frame802154_set_pan_id
                0x000000000003eeef                frame802154_has_panid
                0x000000000003f0ce                frame802154_check_dest_panid
                0x000000000003f16c                frame802154_is_broadcast_addr
                0x000000000003f1c3                frame802154_extract_linkaddr
                0x000000000003f45d                frame802154_hdrlen
                0x000000000003f4dc                frame802154_create_fcf
                0x000000000003f5ae                frame802154_create
                0x000000000003f758                frame802154_parse_fcf
                0x000000000003f84f                frame802154_parse
 .text          0x000000000003fb3d     0x1245 build/cooja/contiki-ng-cooja.a(frame802154e-ie.o)
                0x000000000003fc81                frame80215e_create_ie_header_ack_nack_time_correction
                0x000000000003fd1f                frame80215e_create_ie_header_list_termination_1
                0x000000000003fd74                frame80215e_create_ie_header_list_termination_2
                0x000000000003fdc9                frame80215e_create_ie_payload_list_termination
                0x000000000003fe1e                frame80215e_create_ie_ietf
                0x000000000003fe65                frame80215e_create_ie_int_content
                0x000000000003febf                frame80215e_retrieve_ie_int_header
                0x000000000003ff2f                frame80215e_create_ie_mlme
                0x000000000003ff8a                frame80215e_create_ie_tsch_synchronization
                0x000000000004005c                frame80215e_create_ie_tsch_slotframe_and_link
                0x00000000000402a6                frame80215e_create_ie_tsch_timeslot
                0x00000000000403a0                frame80215e_create_ie_tsch_channel_hopping_sequence
                0x0000000000040a1c                frame802154e_parse_information_elements
 .text          0x0000000000040d82      0x451 build/cooja/contiki-ng-cooja.a(framer-802154.o)
                0x0000000000040f1d                framer_802154_setup_params
 .text          0x00000000000411d3      0x3b0 build/cooja/contiki-ng-cooja.a(tsch-adaptive-timesync.o)
                0x00000000000411d3                tsch_adaptive_timesync_get_drift_ppm
                0x0000000000041328                tsch_timesync_update
                0x00000000000414d4                tsch_timesync_adaptive_compensate
                0x0000000000041545                tsch_adaptive_timesync_reset
 .text          0x0000000000041583      0xb98 build/cooja/contiki-ng-cooja.a(tsch-packet.o)
                0x0000000000041583                tsch_packet_eackbuf_set_attr
                0x00000000000415b2                tsch_packet_eackbuf_attr
                0x00000000000415d6                tsch_packet_create_eack
                0x00000000000417dd                tsch_packet_parse_eack
                0x0000000000041998                tsch_packet_create_eb
                0x0000000000041d12                tsch_packet_update_eb
                0x0000000000041dba                tsch_packet_parse_eb
                0x00000000000420d6                tsch_packet_set_frame_pending
                0x00000000000420fa                tsch_packet_get_frame_pending
 .text          0x000000000004211b      0xd99 build/cooja/contiki-ng-cooja.a(tsch-queue.o)
                0x000000000004211b                tsch_queue_add_nbr
                0x0000000000042229                tsch_queue_get_nbr
                0x0000000000042261                tsch_queue_get_time_source
                0x00000000000422c5                tsch_queue_get_nbr_address
                0x00000000000422ed                tsch_queue_update_time_source
                0x0000000000042598                tsch_queue_add_packet
                0x0000000000042763                tsch_queue_global_packet_count
                0x0000000000042785                tsch_queue_nbr_packet_count
                0x00000000000427b7                tsch_queue_remove_packet_from_queue
                0x0000000000042814                tsch_queue_free_packet
                0x0000000000042853                tsch_queue_free_packets_to
                0x000000000004289a                tsch_queue_packet_sent
                0x0000000000042968                tsch_queue_reset
                0x00000000000429d6                tsch_queue_free_unused_neighbors
                0x0000000000042a6b                tsch_queue_is_empty
                0x0000000000042aaf                tsch_queue_get_packet_for_nbr
                0x0000000000042be3                tsch_queue_get_packet_for_dest_addr
                0x0000000000042c27                tsch_queue_get_unicast_packet_for_any
                0x0000000000042cda                tsch_queue_backoff_expired
                0x0000000000042cf8                tsch_queue_backoff_reset
                0x0000000000042d17                tsch_queue_backoff_inc
                0x0000000000042d87                tsch_queue_update_all_backoff_windows
                0x0000000000042e54                tsch_queue_init
 .text          0x0000000000042eb4      0x3ff build/cooja/contiki-ng-cooja.a(tsch-roots.o)
                0x0000000000042eb4                tsch_roots_add_address
                0x0000000000043079                tsch_roots_set_self_to_root
                0x00000000000430a2                tsch_roots_is_root
                0x0000000000043267                tsch_roots_init
 .text          0x00000000000432b3      0x186 build/cooja/contiki-ng-cooja.a(tsch-rpl.o)
                0x00000000000432b3                tsch_rpl_callback_ka_sent
                0x00000000000432f5                tsch_rpl_callback_joining_network
                0x0000000000043300                tsch_rpl_callback_leaving_network
                0x0000000000043327                tsch_rpl_callback_new_dio_interval
                0x00000000000433e1                tsch_rpl_callback_parent_switch
                0x0000000000043422                tsch_rpl_check_dodag_joined
 .text          0x0000000000043439     0x1241 build/cooja/contiki-ng-cooja.a(tsch-schedule.o)
                0x0000000000043439                tsch_schedule_add_slotframe
                0x0000000000043593                tsch_schedule_remove_all_slotframes
                0x00000000000435d9                tsch_schedule_remove_slotframe
                0x00000000000436d2                tsch_schedule_get_slotframe_by_handle
                0x0000000000043734                tsch_schedule_get_link_by_handle
                0x00000000000438e2                tsch_schedule_add_link
                0x0000000000043c3f                tsch_schedule_remove_link
                0x0000000000043eb0                tsch_schedule_remove_link_by_timeslot
                0x0000000000043f59                tsch_schedule_get_link_by_timeslot
                0x00000000000440bd                tsch_schedule_get_next_active_link
                0x0000000000044377                tsch_schedule_init
                0x00000000000443c8                tsch_schedule_create_minimal
                0x0000000000044425                tsch_schedule_slotframe_head
                0x000000000004443e                tsch_schedule_slotframe_next
                0x000000000004445c                tsch_schedule_print
 .text          0x000000000004467a      0x749 build/cooja/contiki-ng-cooja.a(tsch-security.o)
                0x00000000000447d3                tsch_security_mic_len
                0x0000000000044814                tsch_security_secure_frame
                0x0000000000044af1                tsch_security_parse_frame
                0x0000000000044db3                tsch_security_set_packetbuf_attr
 .text          0x0000000000044dc3     0x1c92 build/cooja/contiki-ng-cooja.a(tsch-slot-operation.o)
                0x0000000000044df0                tsch_is_locked
                0x0000000000044e00                tsch_get_lock
                0x0000000000044e8b                tsch_release_lock
                0x0000000000045247                tsch_get_network_uptime_ticks
                0x00000000000468b3                tsch_slot_operation_start
                0x00000000000469dd                tsch_slot_operation_sync
 .text          0x0000000000046a55        0x0 build/cooja/contiki-ng-cooja.a(tsch-timeslot-timing.o)
 .text          0x0000000000046a55      0x87f build/cooja/contiki-ng-cooja.a(uip-nd6.o)
                0x00000000000472ba                uip_nd6_init
 .text          0x00000000000472d4      0x81f build/cooja/contiki-ng-cooja.a(uip-sr.o)
                0x00000000000472d4                uip_sr_num_nodes
                0x000000000004737f                uip_sr_get_node
                0x00000000000473e7                uip_sr_is_addr_reachable
                0x00000000000474af                uip_sr_expire_parent
                0x000000000004751e                uip_sr_update_node
                0x0000000000047692                uip_sr_init
                0x00000000000476c5                uip_sr_node_head
                0x00000000000476de                uip_sr_node_next
                0x00000000000476fc                uip_sr_periodic
                0x0000000000047838                uip_sr_free_all
                0x00000000000478b7                uip_sr_link_snprint
 .text          0x0000000000047af3     0x12a6 build/cooja/contiki-ng-cooja.a(rpl-ext-header.o)
                0x0000000000047af3                rpl_ext_header_hbh_update
                0x0000000000047f54                rpl_ext_header_srh_get_next_hop
                0x0000000000047f67                rpl_ext_header_srh_update
                0x0000000000048a7c                rpl_ext_header_remove
                0x0000000000048c81                rpl_ext_header_update
 .text          0x0000000000048d99      0x1ba build/cooja/contiki-ng-cooja.a(rpl-nbr-policy.o)
                0x0000000000048df5                rpl_nbr_gc_get_worst
                0x0000000000048ecd                rpl_nbr_can_accept_new
                0x0000000000048f3b                rpl_nbr_policy_get_free_nexthop_neighbors
 .text          0x0000000000048f53      0x21c build/cooja/contiki-ng-cooja.a(border-router-embedded.o)
 .text          0x000000000004916f       0xb0 build/cooja/contiki-ng-cooja.a(orchestra-rule-default-common.o)
 .text          0x000000000004921f      0x284 build/cooja/contiki-ng-cooja.a(orchestra-rule-eb-per-time-source.o)
 .text          0x00000000000494a3      0x54f build/cooja/contiki-ng-cooja.a(orchestra-rule-unicast-per-neighbor-rpl-storing.o)
 .text          0x00000000000499f2      0x1e5 build/cooja/contiki-ng-cooja.a(coap-timer-default.o)
 .text          0x0000000000049bd7      0x501 build/cooja/contiki-ng-cooja.a(ccm-star.o)
 .text          0x000000000004a0d8      0x507 build/cooja/contiki-ng-cooja.a(orchestra-rule-special-for-root.o)
                0x000000000004a0e7                orchestra_is_root_schedule_active
 .text          0x000000000004a5df      0x686 build/cooja/contiki-ng-cooja.a(aes-128.o)
 .text          0x000000000004ac65        0x0 /usr/lib/gcc/x86_64-linux-gnu/11/crtendS.o
 .text          0x000000000004ac65        0x0 /usr/lib/gcc/x86_64-linux-gnu/11/../../../x86_64-linux-gnu/crtn.o
 *(.gnu.warning)

.fini           0x000000000004ac68        0xd
 *(SORT_NONE(.fini))
 .fini          0x000000000004ac68        0x8 /usr/lib/gcc/x86_64-linux-gnu/11/../../../x86_64-linux-gnu/crti.o
                0x000000000004ac68                _fini
 .fini          0x000000000004ac70        0x5 /usr/lib/gcc/x86_64-linux-gnu/11/../../../x86_64-linux-gnu/crtn.o
                [!provide]                        PROVIDE (__etext = .)
                [!provide]                        PROVIDE (_etext = .)
                [!provide]                        PROVIDE (etext = .)
                0x000000000004b000                . = ALIGN (CONSTANT (MAXPAGESIZE))
                0x000000000004b000                . = SEGMENT_START ("rodata-segment", (ALIGN (CONSTANT (MAXPAGESIZE)) + (. & (CONSTANT (MAXPAGESIZE) - 0x1))))

.rodata         0x000000000004b000     0x35a0
 *(.rodata .rodata.* .gnu.linkonce.r.*)
 .rodata        0x000000000004b000       0xb0 coap-client-root.o
 .rodata        0x000000000004b0b0        0x6 build/cooja/contiki-ng-cooja.a(leds-arch.o)
                0x000000000004b0b0                leds_arch_leds
 .rodata        0x000000000004b0b6        0x4 build/cooja/contiki-ng-cooja.a(pir-sensor.o)
 .rodata        0x000000000004b0ba        0x3 build/cooja/contiki-ng-cooja.a(rs232.o)
 .rodata        0x000000000004b0bd        0xa build/cooja/contiki-ng-cooja.a(vib-sensor.o)
 *fill*         0x000000000004b0c7        0x1 
 .rodata        0x000000000004b0c8       0x26 build/cooja/contiki-ng-cooja.a(cfs-cooja.o)
 *fill*         0x000000000004b0ee        0x2 
 .rodata        0x000000000004b0f0       0x68 build/cooja/contiki-ng-cooja.a(cooja-radio.o)
 .rodata        0x000000000004b158        0x8 build/cooja/contiki-ng-cooja.a(sensors.o)
 .rodata        0x000000000004b160       0x14 build/cooja/contiki-ng-cooja.a(buttons.o)
                0x000000000004b16c                button_hal_button_count
 .rodata        0x000000000004b174       0x35 build/cooja/contiki-ng-cooja.a(coap-uip.o)
 *fill*         0x000000000004b1a9        0x7 
 .rodata        0x000000000004b1b0      0x1b0 build/cooja/contiki-ng-cooja.a(coap.o)
 .rodata        0x000000000004b360      0x114 build/cooja/contiki-ng-cooja.a(contiki-main.o)
 .rodata        0x000000000004b474        0xf build/cooja/contiki-ng-cooja.a(ctimer.o)
 .rodata        0x000000000004b483        0xc build/cooja/contiki-ng-cooja.a(etimer.o)
 *fill*         0x000000000004b48f        0x1 
 .rodata        0x000000000004b490       0xc0 build/cooja/contiki-ng-cooja.a(log.o)
 .rodata        0x000000000004b550       0x13 build/cooja/contiki-ng-cooja.a(button-hal.o)
 .rodata        0x000000000004b563        0xe build/cooja/contiki-ng-cooja.a(serial-line.o)
 *fill*         0x000000000004b571        0x7 
 .rodata        0x000000000004b578        0x8 build/cooja/contiki-ng-cooja.a(linkaddr.o)
                0x000000000004b578                linkaddr_null
 .rodata        0x000000000004b580      0x280 build/cooja/contiki-ng-cooja.a(strformat.o)
 .rodata        0x000000000004b800      0xd4b build/cooja/contiki-ng-cooja.a(tsch.o)
                0x000000000004b800                tsch_broadcast_address
                0x000000000004b808                tsch_eb_address
 .rodata        0x000000000004c54b       0x1d build/cooja/contiki-ng-cooja.a(sicslowpan.o)
                0x000000000004c54b                unc_llconf
                0x000000000004c54f                unc_ctxconf
                0x000000000004c553                unc_mxconf
                0x000000000004c557                llprefix
 .rodata        0x000000000004c568        0xd build/cooja/contiki-ng-cooja.a(tcpip.o)
 *fill*         0x000000000004c575        0x3 
 .rodata        0x000000000004c578       0xb9 build/cooja/contiki-ng-cooja.a(uip-ds6-route.o)
 .rodata        0x000000000004c631       0x2d build/cooja/contiki-ng-cooja.a(uiplib.o)
 *fill*         0x000000000004c65e        0x2 
 .rodata        0x000000000004c660      0x126 build/cooja/contiki-ng-cooja.a(rpl-dag-root.o)
 *fill*         0x000000000004c786        0x2 
 .rodata        0x000000000004c788      0x859 build/cooja/contiki-ng-cooja.a(rpl-dag.o)
 *fill*         0x000000000004cfe1        0x7 
 .rodata        0x000000000004cfe8      0x7d6 build/cooja/contiki-ng-cooja.a(rpl-icmp6.o)
 .rodata        0x000000000004d7be       0x24 build/cooja/contiki-ng-cooja.a(rpl-mrhof.o)
 .rodata        0x000000000004d7e2       0x22 build/cooja/contiki-ng-cooja.a(rpl-of0.o)
 *fill*         0x000000000004d804        0x4 
 .rodata        0x000000000004d808       0xee build/cooja/contiki-ng-cooja.a(rpl-timers.o)
 *fill*         0x000000000004d8f6        0x2 
 .rodata        0x000000000004d8f8      0x167 build/cooja/contiki-ng-cooja.a(rpl.o)
 .rodata        0x000000000004da5f       0x11 build/cooja/contiki-ng-cooja.a(slip-bridge.o)
 .rodata        0x000000000004da70       0x31 build/cooja/contiki-ng-cooja.a(rpl-border-router.o)
 *fill*         0x000000000004daa1        0x7 
 .rodata        0x000000000004daa8       0x58 build/cooja/contiki-ng-cooja.a(orchestra.o)
 .rodata        0x000000000004db00       0x41 build/cooja/contiki-ng-cooja.a(coap-engine.o)
 .rodata        0x000000000004db41       0x11 build/cooja/contiki-ng-cooja.a(coap-observe.o)
 .rodata        0x000000000004db52       0x19 build/cooja/contiki-ng-cooja.a(coap-res-well-known-core.o)
 .rodata        0x000000000004db6b        0xc build/cooja/contiki-ng-cooja.a(slip.o)
 *fill*         0x000000000004db77        0x1 
 .rodata        0x000000000004db78       0xf0 build/cooja/contiki-ng-cooja.a(tsch-packet.o)
 .rodata        0x000000000004dc68       0x7d build/cooja/contiki-ng-cooja.a(tsch-queue.o)
 .rodata        0x000000000004dce5       0x58 build/cooja/contiki-ng-cooja.a(tsch-roots.o)
 .rodata        0x000000000004dd3d        0xd build/cooja/contiki-ng-cooja.a(tsch-rpl.o)
 *fill*         0x000000000004dd4a        0x6 
 .rodata        0x000000000004dd50      0x217 build/cooja/contiki-ng-cooja.a(tsch-schedule.o)
 .rodata        0x000000000004df67       0x3d build/cooja/contiki-ng-cooja.a(tsch-slot-operation.o)
 *fill*         0x000000000004dfa4        0xc 
 .rodata        0x000000000004dfb0       0x18 build/cooja/contiki-ng-cooja.a(tsch-timeslot-timing.o)
                0x000000000004dfb0                tsch_timeslot_timing_us_10000
 .rodata        0x000000000004dfc8       0x52 build/cooja/contiki-ng-cooja.a(uip-sr.o)
 *fill*         0x000000000004e01a        0x6 
 .rodata        0x000000000004e020      0x2e5 build/cooja/contiki-ng-cooja.a(rpl-ext-header.o)
 .rodata        0x000000000004e305       0x80 build/cooja/contiki-ng-cooja.a(border-router-embedded.o)
 .rodata        0x000000000004e385        0xf build/cooja/contiki-ng-cooja.a(orchestra-rule-default-common.o)
 .rodata        0x000000000004e394       0x13 build/cooja/contiki-ng-cooja.a(orchestra-rule-eb-per-time-source.o)
 .rodata        0x000000000004e3a7       0x1d build/cooja/contiki-ng-cooja.a(orchestra-rule-unicast-per-neighbor-rpl-storing.o)
 .rodata        0x000000000004e3c4       0x13 build/cooja/contiki-ng-cooja.a(coap-timer-default.o)
 *fill*         0x000000000004e3d7        0x1 
 .rodata        0x000000000004e3d8       0xb1 build/cooja/contiki-ng-cooja.a(orchestra-rule-special-for-root.o)
 *fill*         0x000000000004e489       0x17 
 .rodata        0x000000000004e4a0      0x100 build/cooja/contiki-ng-cooja.a(aes-128.o)

.rodata1
 *(.rodata1)

.eh_frame_hdr   0x000000000004e5a0     0x220c
 *(.eh_frame_hdr)
 .eh_frame_hdr  0x000000000004e5a0     0x220c coap-client-root.o
                0x000000000004e5a0                __GNU_EH_FRAME_HDR
 *(.eh_frame_entry .eh_frame_entry.*)

.eh_frame       0x00000000000507b0     0x8904
 *(.eh_frame)
 .eh_frame      0x00000000000507b0       0x40 /usr/lib/gcc/x86_64-linux-gnu/11/../../../x86_64-linux-gnu/crti.o
 .eh_frame      0x00000000000507f0       0x18 /usr/lib/gcc/x86_64-linux-gnu/11/../../../x86_64-linux-gnu/crti.o
                                         0x30 (size before relaxing)
 .eh_frame      0x0000000000050808       0x18 /usr/lib/gcc/x86_64-linux-gnu/11/../../../x86_64-linux-gnu/crti.o
                                         0x30 (size before relaxing)
 .eh_frame      0x0000000000050820       0x40 coap-client-root.o
                                         0x58 (size before relaxing)
 .eh_frame      0x0000000000050860      0x198 build/cooja/mtype651375177.o
                                        0x1b0 (size before relaxing)
 .eh_frame      0x00000000000509f8       0x40 build/cooja/contiki-ng-cooja.a(simEnvChange.o)
                                         0x58 (size before relaxing)
 .eh_frame      0x0000000000050a38       0x60 build/cooja/contiki-ng-cooja.a(cooja_mt.o)
                                         0x78 (size before relaxing)
 .eh_frame      0x0000000000050a98       0x80 build/cooja/contiki-ng-cooja.a(cooja_mtarch.o)
                                         0x98 (size before relaxing)
 .eh_frame      0x0000000000050b18       0xc0 build/cooja/contiki-ng-cooja.a(rtimer-arch.o)
                                         0xd8 (size before relaxing)
 .eh_frame      0x0000000000050bd8      0x160 build/cooja/contiki-ng-cooja.a(beep.o)
                                        0x178 (size before relaxing)
 .eh_frame      0x0000000000050d38       0x80 build/cooja/contiki-ng-cooja.a(leds-arch.o)
                                         0x98 (size before relaxing)
 .eh_frame      0x0000000000050db8       0x40 build/cooja/contiki-ng-cooja.a(moteid.o)
                                         0x58 (size before relaxing)
 .eh_frame      0x0000000000050df8       0xa0 build/cooja/contiki-ng-cooja.a(pir-sensor.o)
                                         0xb8 (size before relaxing)
 .eh_frame      0x0000000000050e98      0x100 build/cooja/contiki-ng-cooja.a(rs232.o)
                                        0x118 (size before relaxing)
 .eh_frame      0x0000000000050f98       0xa0 build/cooja/contiki-ng-cooja.a(vib-sensor.o)
                                         0xb8 (size before relaxing)
 .eh_frame      0x0000000000051038       0xc0 build/cooja/contiki-ng-cooja.a(clock.o)
                                         0xd8 (size before relaxing)
 .eh_frame      0x00000000000510f8      0x100 build/cooja/contiki-ng-cooja.a(cooja-log.o)
                                        0x118 (size before relaxing)
 .eh_frame      0x00000000000511f8      0x160 build/cooja/contiki-ng-cooja.a(cfs-cooja.o)
                                        0x178 (size before relaxing)
 .eh_frame      0x0000000000051358      0x360 build/cooja/contiki-ng-cooja.a(cooja-radio.o)
                                        0x378 (size before relaxing)
 .eh_frame      0x00000000000516b8       0xa0 build/cooja/contiki-ng-cooja.a(eeprom.o)
                                         0xb8 (size before relaxing)
 .eh_frame      0x0000000000051758       0x40 build/cooja/contiki-ng-cooja.a(random.o)
                                         0x58 (size before relaxing)
 .eh_frame      0x0000000000051798       0xc0 build/cooja/contiki-ng-cooja.a(sensors.o)
                                         0xd8 (size before relaxing)
 .eh_frame      0x0000000000051858      0x120 build/cooja/contiki-ng-cooja.a(leds.o)
                                        0x138 (size before relaxing)
 .eh_frame      0x0000000000051978      0x220 build/cooja/contiki-ng-cooja.a(gpio-hal-arch.o)
                                        0x238 (size before relaxing)
 .eh_frame      0x0000000000051b98       0xa0 build/cooja/contiki-ng-cooja.a(buttons.o)
                                         0xb8 (size before relaxing)
 .eh_frame      0x0000000000051c38       0x40 build/cooja/contiki-ng-cooja.a(coap-blocking-api.o)
                                         0x58 (size before relaxing)
 .eh_frame      0x0000000000051c78      0x100 build/cooja/contiki-ng-cooja.a(coap-transactions.o)
                                        0x118 (size before relaxing)
 .eh_frame      0x0000000000051d78      0x248 build/cooja/contiki-ng-cooja.a(coap-uip.o)
                                        0x260 (size before relaxing)
 .eh_frame      0x0000000000051fc0      0x6e8 build/cooja/contiki-ng-cooja.a(coap.o)
                                        0x700 (size before relaxing)
 .eh_frame      0x00000000000526a8       0x20 build/cooja/contiki-ng-cooja.a(contiki-main.o)
                                         0x38 (size before relaxing)
 .eh_frame      0x00000000000526c8       0x40 build/cooja/contiki-ng-cooja.a(autostart.o)
                                         0x58 (size before relaxing)
 .eh_frame      0x0000000000052708      0x100 build/cooja/contiki-ng-cooja.a(ctimer.o)
                                        0x118 (size before relaxing)
 .eh_frame      0x0000000000052808       0x60 build/cooja/contiki-ng-cooja.a(energest.o)
                                         0x78 (size before relaxing)
 .eh_frame      0x0000000000052868      0x1e0 build/cooja/contiki-ng-cooja.a(etimer.o)
                                        0x1f8 (size before relaxing)
 .eh_frame      0x0000000000052a48      0x120 build/cooja/contiki-ng-cooja.a(log.o)
                                        0x138 (size before relaxing)
 .eh_frame      0x0000000000052b68       0x20 build/cooja/contiki-ng-cooja.a(node-id.o)
                                         0x38 (size before relaxing)
 .eh_frame      0x0000000000052b88      0x1c8 build/cooja/contiki-ng-cooja.a(process.o)
                                        0x1e0 (size before relaxing)
 .eh_frame      0x0000000000052d50       0x60 build/cooja/contiki-ng-cooja.a(rtimer.o)
                                         0x78 (size before relaxing)
 .eh_frame      0x0000000000052db0       0xa0 build/cooja/contiki-ng-cooja.a(timer.o)
                                         0xb8 (size before relaxing)
 .eh_frame      0x0000000000052e50      0x1a0 build/cooja/contiki-ng-cooja.a(list.o)
                                        0x1b8 (size before relaxing)
 .eh_frame      0x0000000000052ff0       0xa0 build/cooja/contiki-ng-cooja.a(memb.o)
                                         0xb8 (size before relaxing)
 .eh_frame      0x0000000000053090      0x160 build/cooja/contiki-ng-cooja.a(button-hal.o)
                                        0x178 (size before relaxing)
 .eh_frame      0x00000000000531f0       0xe0 build/cooja/contiki-ng-cooja.a(gpio-hal.o)
                                         0xf8 (size before relaxing)
 .eh_frame      0x00000000000532d0       0x60 build/cooja/contiki-ng-cooja.a(serial-line.o)
                                         0x78 (size before relaxing)
 .eh_frame      0x0000000000053330       0x60 build/cooja/contiki-ng-cooja.a(linkaddr.o)
                                         0x78 (size before relaxing)
 .eh_frame      0x0000000000053390       0x80 build/cooja/contiki-ng-cooja.a(netstack.o)
                                         0x98 (size before relaxing)
 .eh_frame      0x0000000000053410      0x368 build/cooja/contiki-ng-cooja.a(packetbuf.o)
                                        0x380 (size before relaxing)
 .eh_frame      0x0000000000053778      0x1a0 build/cooja/contiki-ng-cooja.a(queuebuf.o)
                                        0x1b8 (size before relaxing)
 .eh_frame      0x0000000000053918       0x40 build/cooja/contiki-ng-cooja.a(printf.o)
                                         0x58 (size before relaxing)
 .eh_frame      0x0000000000053958       0x20 build/cooja/contiki-ng-cooja.a(putchar.o)
                                         0x38 (size before relaxing)
 .eh_frame      0x0000000000053978       0x20 build/cooja/contiki-ng-cooja.a(puts.o)
                                         0x38 (size before relaxing)
 .eh_frame      0x0000000000053998       0x60 build/cooja/contiki-ng-cooja.a(snprintf.o)
                                         0x78 (size before relaxing)
 .eh_frame      0x00000000000539f8      0x120 build/cooja/contiki-ng-cooja.a(strformat.o)
                                        0x138 (size before relaxing)
 .eh_frame      0x0000000000053b18      0x3a0 build/cooja/contiki-ng-cooja.a(tsch.o)
                                        0x3b8 (size before relaxing)
 .eh_frame      0x0000000000053eb8      0x2e8 build/cooja/contiki-ng-cooja.a(sicslowpan.o)
                                        0x300 (size before relaxing)
 .eh_frame      0x00000000000541a0      0x248 build/cooja/contiki-ng-cooja.a(tcpip.o)
                                        0x260 (size before relaxing)
 .eh_frame      0x00000000000543e8      0x1c0 build/cooja/contiki-ng-cooja.a(uip-ds6-nbr.o)
                                        0x1d8 (size before relaxing)
 .eh_frame      0x00000000000545a8      0x300 build/cooja/contiki-ng-cooja.a(uip-ds6-route.o)
                                        0x318 (size before relaxing)
 .eh_frame      0x00000000000548a8      0x328 build/cooja/contiki-ng-cooja.a(uip-ds6.o)
                                        0x340 (size before relaxing)
 .eh_frame      0x0000000000054bd0      0x148 build/cooja/contiki-ng-cooja.a(uip-icmp6.o)
                                        0x160 (size before relaxing)
 .eh_frame      0x0000000000054d18       0xe0 build/cooja/contiki-ng-cooja.a(uip-packetqueue.o)
                                         0xf8 (size before relaxing)
 .eh_frame      0x0000000000054df8       0x40 build/cooja/contiki-ng-cooja.a(uip-udp-packet.o)
                                         0x58 (size before relaxing)
 .eh_frame      0x0000000000054e38      0x1e8 build/cooja/contiki-ng-cooja.a(uip6.o)
                                        0x200 (size before relaxing)
 .eh_frame      0x0000000000055020      0x2a0 build/cooja/contiki-ng-cooja.a(uipbuf.o)
                                        0x2b8 (size before relaxing)
 .eh_frame      0x00000000000552c0       0x80 build/cooja/contiki-ng-cooja.a(uiplib.o)
                                         0x98 (size before relaxing)
 .eh_frame      0x0000000000055340       0xa0 build/cooja/contiki-ng-cooja.a(rpl-dag-root.o)
                                         0xb8 (size before relaxing)
 .eh_frame      0x00000000000553e0      0x768 build/cooja/contiki-ng-cooja.a(rpl-dag.o)
                                        0x780 (size before relaxing)
 .eh_frame      0x0000000000055b48      0x2c8 build/cooja/contiki-ng-cooja.a(rpl-icmp6.o)
                                        0x2e0 (size before relaxing)
 .eh_frame      0x0000000000055e10      0x148 build/cooja/contiki-ng-cooja.a(rpl-mrhof.o)
                                        0x160 (size before relaxing)
 .eh_frame      0x0000000000055f58      0x170 build/cooja/contiki-ng-cooja.a(rpl-of0.o)
                                        0x188 (size before relaxing)
 .eh_frame      0x00000000000560c8      0x1a8 build/cooja/contiki-ng-cooja.a(rpl-timers.o)
                                        0x1c0 (size before relaxing)
 .eh_frame      0x0000000000056270      0x220 build/cooja/contiki-ng-cooja.a(rpl.o)
                                        0x238 (size before relaxing)
 .eh_frame      0x0000000000056490       0x80 build/cooja/contiki-ng-cooja.a(slip-bridge.o)
                                         0x98 (size before relaxing)
 .eh_frame      0x0000000000056510       0xa0 build/cooja/contiki-ng-cooja.a(watchdog.o)
                                         0xb8 (size before relaxing)
 .eh_frame      0x00000000000565b0       0x80 build/cooja/contiki-ng-cooja.a(int-master.o)
                                         0x98 (size before relaxing)
 .eh_frame      0x0000000000056630       0x20 build/cooja/contiki-ng-cooja.a(slip-arch.o)
                                         0x38 (size before relaxing)
 .eh_frame      0x0000000000056650       0x60 build/cooja/contiki-ng-cooja.a(rpl-border-router.o)
                                         0x78 (size before relaxing)
 .eh_frame      0x00000000000566b0      0x100 build/cooja/contiki-ng-cooja.a(orchestra.o)
                                        0x118 (size before relaxing)
 .eh_frame      0x00000000000567b0      0x220 build/cooja/contiki-ng-cooja.a(coap-engine.o)
                                        0x238 (size before relaxing)
 .eh_frame      0x00000000000569d0      0x1c8 build/cooja/contiki-ng-cooja.a(coap-observe-client.o)
                                        0x1e0 (size before relaxing)
 .eh_frame      0x0000000000056b98      0x188 build/cooja/contiki-ng-cooja.a(coap-observe.o)
                                        0x1a0 (size before relaxing)
 .eh_frame      0x0000000000056d20       0x20 build/cooja/contiki-ng-cooja.a(coap-res-well-known-core.o)
                                         0x38 (size before relaxing)
 .eh_frame      0x0000000000056d40      0x108 build/cooja/contiki-ng-cooja.a(coap-timer.o)
                                        0x120 (size before relaxing)
 .eh_frame      0x0000000000056e48       0xc0 build/cooja/contiki-ng-cooja.a(stimer.o)
                                         0xd8 (size before relaxing)
 .eh_frame      0x0000000000056f08       0xa0 build/cooja/contiki-ng-cooja.a(ringbuf.o)
                                         0xb8 (size before relaxing)
 .eh_frame      0x0000000000056fa8      0x120 build/cooja/contiki-ng-cooja.a(ringbufindex.o)
                                        0x138 (size before relaxing)
 .eh_frame      0x00000000000570c8       0xe0 build/cooja/contiki-ng-cooja.a(slip.o)
                                         0xf8 (size before relaxing)
 .eh_frame      0x00000000000571a8      0x120 build/cooja/contiki-ng-cooja.a(link-stats.o)
                                        0x138 (size before relaxing)
 .eh_frame      0x00000000000572c8      0x3e0 build/cooja/contiki-ng-cooja.a(nbr-table.o)
                                        0x3f8 (size before relaxing)
 .eh_frame      0x00000000000576a8       0x48 build/cooja/contiki-ng-cooja.a(mac-sequence.o)
                                         0x60 (size before relaxing)
 .eh_frame      0x00000000000576f0       0x20 build/cooja/contiki-ng-cooja.a(mac.o)
                                         0x38 (size before relaxing)
 .eh_frame      0x0000000000057710      0x1a8 build/cooja/contiki-ng-cooja.a(frame802154.o)
                                        0x1c0 (size before relaxing)
 .eh_frame      0x00000000000578b8      0x280 build/cooja/contiki-ng-cooja.a(frame802154e-ie.o)
                                        0x298 (size before relaxing)
 .eh_frame      0x0000000000057b38       0xa8 build/cooja/contiki-ng-cooja.a(framer-802154.o)
                                         0xc0 (size before relaxing)
 .eh_frame      0x0000000000057be0       0xe0 build/cooja/contiki-ng-cooja.a(tsch-adaptive-timesync.o)
                                         0xf8 (size before relaxing)
 .eh_frame      0x0000000000057cc0      0x128 build/cooja/contiki-ng-cooja.a(tsch-packet.o)
                                        0x140 (size before relaxing)
 .eh_frame      0x0000000000057de8      0x328 build/cooja/contiki-ng-cooja.a(tsch-queue.o)
                                        0x340 (size before relaxing)
 .eh_frame      0x0000000000058110       0xa0 build/cooja/contiki-ng-cooja.a(tsch-roots.o)
                                         0xb8 (size before relaxing)
 .eh_frame      0x00000000000581b0       0xc0 build/cooja/contiki-ng-cooja.a(tsch-rpl.o)
                                         0xd8 (size before relaxing)
 .eh_frame      0x0000000000058270      0x250 build/cooja/contiki-ng-cooja.a(tsch-schedule.o)
                                        0x268 (size before relaxing)
 .eh_frame      0x00000000000584c0       0xc0 build/cooja/contiki-ng-cooja.a(tsch-security.o)
                                         0xd8 (size before relaxing)
 .eh_frame      0x0000000000058580      0x288 build/cooja/contiki-ng-cooja.a(tsch-slot-operation.o)
                                        0x2a0 (size before relaxing)
 .eh_frame      0x0000000000058808       0x80 build/cooja/contiki-ng-cooja.a(uip-nd6.o)
                                         0x98 (size before relaxing)
 .eh_frame      0x0000000000058888      0x180 build/cooja/contiki-ng-cooja.a(uip-sr.o)
                                        0x198 (size before relaxing)
 .eh_frame      0x0000000000058a08      0x128 build/cooja/contiki-ng-cooja.a(rpl-ext-header.o)
                                        0x140 (size before relaxing)
 .eh_frame      0x0000000000058b30       0xa0 build/cooja/contiki-ng-cooja.a(rpl-nbr-policy.o)
                                         0xb8 (size before relaxing)
 .eh_frame      0x0000000000058bd0       0x20 build/cooja/contiki-ng-cooja.a(border-router-embedded.o)
                                         0x38 (size before relaxing)
 .eh_frame      0x0000000000058bf0       0x40 build/cooja/contiki-ng-cooja.a(orchestra-rule-default-common.o)
                                         0x58 (size before relaxing)
 .eh_frame      0x0000000000058c30       0x80 build/cooja/contiki-ng-cooja.a(orchestra-rule-eb-per-time-source.o)
                                         0x98 (size before relaxing)
 .eh_frame      0x0000000000058cb0      0x140 build/cooja/contiki-ng-cooja.a(orchestra-rule-unicast-per-neighbor-rpl-storing.o)
                                        0x158 (size before relaxing)
 .eh_frame      0x0000000000058df0       0xa0 build/cooja/contiki-ng-cooja.a(coap-timer-default.o)
                                         0xb8 (size before relaxing)
 .eh_frame      0x0000000000058e90       0xc0 build/cooja/contiki-ng-cooja.a(ccm-star.o)
                                         0xd8 (size before relaxing)
 .eh_frame      0x0000000000058f50      0x100 build/cooja/contiki-ng-cooja.a(orchestra-rule-special-for-root.o)
                                        0x118 (size before relaxing)
 .eh_frame      0x0000000000059050       0x60 build/cooja/contiki-ng-cooja.a(aes-128.o)
                                         0x78 (size before relaxing)
 .eh_frame      0x00000000000590b0        0x4 /usr/lib/gcc/x86_64-linux-gnu/11/crtendS.o
 *(.eh_frame.*)

.gcc_except_table
 *(.gcc_except_table .gcc_except_table.*)

.gnu_extab
 *(.gnu_extab*)

.exception_ranges
 *(.exception_ranges*)
                0x000000000005a4d0                . = DATA_SEGMENT_ALIGN (CONSTANT (MAXPAGESIZE), CONSTANT (COMMONPAGESIZE))

.eh_frame
 *(.eh_frame)
 *(.eh_frame.*)

.gnu_extab
 *(.gnu_extab)

.gcc_except_table
 *(.gcc_except_table .gcc_except_table.*)

.exception_ranges
 *(.exception_ranges*)

.tdata
 *(.tdata .tdata.* .gnu.linkonce.td.*)

.tbss
 *(.tbss .tbss.* .gnu.linkonce.tb.*)
 *(.tcommon)

.preinit_array
 *(.preinit_array)

.init_array     0x000000000005a4d0        0x8
 *(SORT_BY_INIT_PRIORITY(.init_array.*) SORT_BY_INIT_PRIORITY(.ctors.*))
 *(.init_array EXCLUDE_FILE(*crtend?.o *crtend.o *crtbegin?.o *crtbegin.o) .ctors)
 .init_array    0x000000000005a4d0        0x8 /usr/lib/gcc/x86_64-linux-gnu/11/crtbeginS.o

.fini_array     0x000000000005a4d8        0x8
 *(SORT_BY_INIT_PRIORITY(.fini_array.*) SORT_BY_INIT_PRIORITY(.dtors.*))
 *(.fini_array EXCLUDE_FILE(*crtend?.o *crtend.o *crtbegin?.o *crtbegin.o) .dtors)
 .fini_array    0x000000000005a4d8        0x8 /usr/lib/gcc/x86_64-linux-gnu/11/crtbeginS.o

.ctors
 *crtbegin.o(.ctors)
 *crtbegin?.o(.ctors)
 *(EXCLUDE_FILE(*crtend?.o *crtend.o) .ctors)
 *(SORT_BY_NAME(.ctors.*))
 *(.ctors)

.dtors
 *crtbegin.o(.dtors)
 *crtbegin?.o(.dtors)
 *(EXCLUDE_FILE(*crtend?.o *crtend.o) .dtors)
 *(SORT_BY_NAME(.dtors.*))
 *(.dtors)

.jcr