Archive member included to satisfy reference by file (symbol)

build/cooja/contiki-ng-cooja.a(simEnvChange.o)
                              build/cooja/mtype758038999.o (simDontFallAsleep)
build/cooja/contiki-ng-cooja.a(cooja_mt.o)
                              build/cooja/mtype758038999.o (cooja_mt_start)
build/cooja/contiki-ng-cooja.a(cooja_mtarch.o)
                              build/cooja/contiki-ng-cooja.a(cooja_mt.o) (cooja_mtarch_start)
build/cooja/contiki-ng-cooja.a(rtimer-arch.o)
                              build/cooja/mtype758038999.o (rtimer_arch_check)
build/cooja/contiki-ng-cooja.a(beep.o)
                              build/cooja/mtype758038999.o (beep_interface)
build/cooja/contiki-ng-cooja.a(leds-arch.o)
                              build/cooja/mtype758038999.o (leds_interface)
build/cooja/contiki-ng-cooja.a(moteid.o)
                              build/cooja/mtype758038999.o (moteid_interface)
build/cooja/contiki-ng-cooja.a(pir-sensor.o)
                              build/cooja/mtype758038999.o (pir_interface)
build/cooja/contiki-ng-cooja.a(rs232.o)
                              build/cooja/mtype758038999.o (rs232_interface)
build/cooja/contiki-ng-cooja.a(vib-sensor.o)
                              build/cooja/mtype758038999.o (vib_interface)
build/cooja/contiki-ng-cooja.a(clock.o)
                              build/cooja/mtype758038999.o (clock_interface)
build/cooja/contiki-ng-cooja.a(cooja-log.o)
                              build/cooja/mtype758038999.o (simlog_interface)
build/cooja/contiki-ng-cooja.a(cfs-cooja.o)
                              build/cooja/mtype758038999.o (cfs_interface)
build/cooja/contiki-ng-cooja.a(cooja-radio.o)
                              build/cooja/mtype758038999.o (radio_interface)
build/cooja/contiki-ng-cooja.a(eeprom.o)
                              build/cooja/mtype758038999.o (eeprom_interface)
build/cooja/contiki-ng-cooja.a(random.o)
                              build/cooja/contiki-ng-cooja.a(moteid.o) (random_init)
build/cooja/contiki-ng-cooja.a(sensors.o)
                              build/cooja/contiki-ng-cooja.a(pir-sensor.o) (sensors_changed)
build/cooja/contiki-ng-cooja.a(leds.o)
                              build/cooja/contiki-ng-cooja.a(leds-arch.o) (leds_get)
build/cooja/contiki-ng-cooja.a(gpio-hal-arch.o)
                              build/cooja/contiki-ng-cooja.a(leds-arch.o) (gpio_hal_arch_register_pin_callback)
build/cooja/contiki-ng-cooja.a(buttons.o)
                              build/cooja/mtype758038999.o (button_interface)
build/cooja/contiki-ng-cooja.a(contiki-main.o)
                              build/cooja/mtype758038999.o (main)
build/cooja/contiki-ng-cooja.a(autostart.o)
                              build/cooja/contiki-ng-cooja.a(contiki-main.o) (autostart_start)
build/cooja/contiki-ng-cooja.a(ctimer.o)
                              build/cooja/contiki-ng-cooja.a(contiki-main.o) (ctimer_init)
build/cooja/contiki-ng-cooja.a(energest.o)
                              coap-server.o (energest_total_time)
build/cooja/contiki-ng-cooja.a(etimer.o)
                              build/cooja/contiki-ng-cooja.a(contiki-main.o) (etimer_process)
build/cooja/contiki-ng-cooja.a(log.o)
                              build/cooja/contiki-ng-cooja.a(contiki-main.o) (curr_log_level_main)
build/cooja/contiki-ng-cooja.a(node-id.o)
                              build/cooja/contiki-ng-cooja.a(contiki-main.o) (node_id)
build/cooja/contiki-ng-cooja.a(process.o)
                              coap-server.o (process_current)
build/cooja/contiki-ng-cooja.a(rtimer.o)
                              build/cooja/contiki-ng-cooja.a(contiki-main.o) (rtimer_init)
build/cooja/contiki-ng-cooja.a(timer.o)
                              build/cooja/contiki-ng-cooja.a(etimer.o) (timer_set)
build/cooja/contiki-ng-cooja.a(list.o)
                              build/cooja/contiki-ng-cooja.a(ctimer.o) (list_init)
build/cooja/contiki-ng-cooja.a(button-hal.o)
                              build/cooja/mtype758038999.o (button_hal_init)
build/cooja/contiki-ng-cooja.a(gpio-hal.o)
                              build/cooja/contiki-ng-cooja.a(button-hal.o) (gpio_hal_register_handler)
build/cooja/contiki-ng-cooja.a(serial-line.o)
                              build/cooja/contiki-ng-cooja.a(rs232.o) (serial_line_input_byte)
build/cooja/contiki-ng-cooja.a(linkaddr.o)
                              build/cooja/contiki-ng-cooja.a(contiki-main.o) (linkaddr_node_addr)
build/cooja/contiki-ng-cooja.a(netstack.o)
                              build/cooja/contiki-ng-cooja.a(contiki-main.o) (netstack_init)
build/cooja/contiki-ng-cooja.a(packetbuf.o)
                              build/cooja/contiki-ng-cooja.a(cooja-radio.o) (packetbuf_clear)
build/cooja/contiki-ng-cooja.a(queuebuf.o)
                              build/cooja/contiki-ng-cooja.a(contiki-main.o) (queuebuf_init)
build/cooja/contiki-ng-cooja.a(printf.o)
                              coap-server.o (log_printf)
[...]
Memory Configuration

Name             Origin             Length             Attributes
*default*        0x0000000000000000 0xffffffffffffffff

Linker script and memory map

LOAD /usr/lib/gcc/x86_64-linux-gnu/11/../../../x86_64-linux-gnu/crti.o
LOAD /usr/lib/gcc/x86_64-linux-gnu/11/crtbeginS.o
LOAD coap-server.o
LOAD build/cooja/mtype758038999.o
LOAD build/cooja/contiki-ng-cooja.a
LOAD /usr/lib/gcc/x86_64-linux-gnu/11/libgcc.a
LOAD /usr/lib/gcc/x86_64-linux-gnu/11/libgcc_s.so
START GROUP
LOAD /usr/lib/gcc/x86_64-linux-gnu/11/../../../x86_64-linux-gnu/libgcc_s.so.1
LOAD /usr/lib/gcc/x86_64-linux-gnu/11/libgcc.a
END GROUP
LOAD /usr/lib/gcc/x86_64-linux-gnu/11/../../../x86_64-linux-gnu/libc.so
START GROUP
LOAD /lib/x86_64-linux-gnu/libc.so.6
LOAD /usr/lib/x86_64-linux-gnu/libc_nonshared.a
LOAD /lib64/ld-linux-x86-64.so.2
END GROUP
LOAD /usr/lib/gcc/x86_64-linux-gnu/11/libgcc.a
LOAD /usr/lib/gcc/x86_64-linux-gnu/11/libgcc_s.so
START GROUP
LOAD /usr/lib/gcc/x86_64-linux-gnu/11/../../../x86_64-linux-gnu/libgcc_s.so.1
LOAD /usr/lib/gcc/x86_64-linux-gnu/11/libgcc.a
END GROUP
LOAD /usr/lib/gcc/x86_64-linux-gnu/11/crtendS.o
LOAD /usr/lib/gcc/x86_64-linux-gnu/11/../../../x86_64-linux-gnu/crtn.o
                0x00000000000002a8                . = (SEGMENT_START ("text-segment", 0x0) + SIZEOF_HEADERS)

.note.gnu.property
                0x00000000000002a8       0x20
 .note.gnu.property
                0x00000000000002a8       0x20 /usr/lib/gcc/x86_64-linux-gnu/11/../../../x86_64-linux-gnu/crti.o

.note.gnu.build-id
                0x00000000000002c8       0x24
 *(.note.gnu.build-id)
 .note.gnu.build-id
                0x00000000000002c8       0x24 /usr/lib/gcc/x86_64-linux-gnu/11/../../../x86_64-linux-gnu/crti.o

.hash
 *(.hash)

.gnu.hash       0x00000000000002f0     0x1ac8
 *(.gnu.hash)
 .gnu.hash      0x00000000000002f0     0x1ac8 /usr/lib/gcc/x86_64-linux-gnu/11/../../../x86_64-linux-gnu/crti.o

.dynsym         0x0000000000001db8     0x5928
 *(.dynsym)
 .dynsym        0x0000000000001db8     0x5928 /usr/lib/gcc/x86_64-linux-gnu/11/../../../x86_64-linux-gnu/crti.o

.dynstr         0x00000000000076e0     0x4819
 *(.dynstr)
 .dynstr        0x00000000000076e0     0x4819 /usr/lib/gcc/x86_64-linux-gnu/11/../../../x86_64-linux-gnu/crti.o

.gnu.version    0x000000000000befa      0x76e
 *(.gnu.version)
 .gnu.version   0x000000000000befa      0x76e /usr/lib/gcc/x86_64-linux-gnu/11/../../../x86_64-linux-gnu/crti.o

.gnu.version_d  0x000000000000c668        0x0
 *(.gnu.version_d)
 .gnu.version_d
                0x000000000000c668        0x0 /usr/lib/gcc/x86_64-linux-gnu/11/../../../x86_64-linux-gnu/crti.o

.gnu.version_r  0x000000000000c668       0x40
 *(.gnu.version_r)
 .gnu.version_r
                0x000000000000c668       0x40 /usr/lib/gcc/x86_64-linux-gnu/11/../../../x86_64-linux-gnu/crti.o

.rela.dyn       0x000000000000c6a8     0x2bf8
 *(.rela.init)
 *(.rela.text .rela.text.* .rela.gnu.linkonce.t.*)
 .rela.text     0x000000000000c6a8        0x0 /usr/lib/gcc/x86_64-linux-gnu/11/../../../x86_64-linux-gnu/crti.o
 *(.rela.fini)
 *(.rela.rodata .rela.rodata.* .rela.gnu.linkonce.r.*)
 *(.rela.data .rela.data.* .rela.gnu.linkonce.d.*)
 .rela.data.rel.local
                0x000000000000c6a8      0xd38 /usr/lib/gcc/x86_64-linux-gnu/11/../../../x86_64-linux-gnu/crti.o
 .rela.data.rel.ro
                0x000000000000d3e0      0x2a0 /usr/lib/gcc/x86_64-linux-gnu/11/../../../x86_64-linux-gnu/crti.o
 .rela.data.rel
                0x000000000000d680      0x3f0 /usr/lib/gcc/x86_64-linux-gnu/11/../../../x86_64-linux-gnu/crti.o
 .rela.data.rel.ro.local
                0x000000000000da70      0x678 /usr/lib/gcc/x86_64-linux-gnu/11/../../../x86_64-linux-gnu/crti.o
 *(.rela.tdata .rela.tdata.* .rela.gnu.linkonce.td.*)
 *(.rela.tbss .rela.tbss.* .rela.gnu.linkonce.tb.*)
 *(.rela.ctors)
 *(.rela.dtors)
 *(.rela.got)
 .rela.got      0x000000000000e0e8     0x1188 /usr/lib/gcc/x86_64-linux-gnu/11/../../../x86_64-linux-gnu/crti.o
 *(.rela.bss .rela.bss.* .rela.gnu.linkonce.b.*)
 *(.rela.ldata .rela.ldata.* .rela.gnu.linkonce.l.*)
 *(.rela.lbss .rela.lbss.* .rela.gnu.linkonce.lb.*)
 *(.rela.lrodata .rela.lrodata.* .rela.gnu.linkonce.lr.*)
 *(.rela.ifunc)
 .rela.ifunc    0x000000000000f270        0x0 /usr/lib/gcc/x86_64-linux-gnu/11/../../../x86_64-linux-gnu/crti.o
 .rela.fini_array
                0x000000000000f270       0x18 /usr/lib/gcc/x86_64-linux-gnu/11/../../../x86_64-linux-gnu/crti.o
 .rela.init_array
                0x000000000000f288       0x18 /usr/lib/gcc/x86_64-linux-gnu/11/../../../x86_64-linux-gnu/crti.o

.rela.plt       0x000000000000f2a0     0x30a8
 *(.rela.plt)
 .rela.plt      0x000000000000f2a0     0x30a8 /usr/lib/gcc/x86_64-linux-gnu/11/../../../x86_64-linux-gnu/crti.o
 *(.rela.iplt)

.relr.dyn
 *(.relr.dyn)
                0x0000000000013000                . = ALIGN (CONSTANT (MAXPAGESIZE))

.init           0x0000000000013000       0x1b
 *(SORT_NONE(.init))
 .init          0x0000000000013000       0x16 /usr/lib/gcc/x86_64-linux-gnu/11/../../../x86_64-linux-gnu/crti.o
                0x0000000000013000                _init
 .init          0x0000000000013016        0x5 /usr/lib/gcc/x86_64-linux-gnu/11/../../../x86_64-linux-gnu/crtn.o

.plt            0x0000000000013020     0x2080
 *(.plt)
 .plt           0x0000000000013020     0x2080 /usr/lib/gcc/x86_64-linux-gnu/11/../../../x86_64-linux-gnu/crti.o
 *(.iplt)

.plt.got        0x00000000000150a0       0x30
 *(.plt.got)
 .plt.got       0x00000000000150a0       0x30 /usr/lib/gcc/x86_64-linux-gnu/11/../../../x86_64-linux-gnu/crti.o

.plt.sec        0x00000000000150d0     0x2070
 *(.plt.sec)
 .plt.sec       0x00000000000150d0     0x2070 /usr/lib/gcc/x86_64-linux-gnu/11/../../../x86_64-linux-gnu/crti.o

.text           0x0000000000017140    0x33ff2
 *(.text.unlikely .text.*_unlikely .text.unlikely.*)
 *(.text.exit .text.exit.*)
 *(.text.startup .text.startup.*)
 *(.text.hot .text.hot.*)
 *(SORT_BY_NAME(.text.sorted.*))
 *(.text .stub .text.* .gnu.linkonce.t.*)
 .text          0x0000000000017140        0x0 /usr/lib/gcc/x86_64-linux-gnu/11/../../../x86_64-linux-gnu/crti.o
 .text          0x0000000000017140       0xb9 /usr/lib/gcc/x86_64-linux-gnu/11/crtbeginS.o
 .text          0x00000000000171f9      0x219 coap-server.o
 .text          0x0000000000017412      0x374 build/cooja/mtype758038999.o
                0x00000000000174c8                platform_init_stage_one
                0x00000000000174dd                platform_init_stage_two
                0x00000000000174f2                platform_init_stage_three
                0x0000000000017507                platform_main_loop
                0x00000000000175a1                JNI_OnLoad
                0x00000000000175b8                Java_org_contikios_cooja_corecomm_Lib1_init
                0x000000000001760b                Java_org_contikios_cooja_corecomm_Lib1_getMemory
                0x000000000001766a                Java_org_contikios_cooja_corecomm_Lib1_setMemory
                0x00000000000176c9                Java_org_contikios_cooja_corecomm_Lib1_tick
                0x0000000000017757                Java_org_contikios_cooja_corecomm_Lib1_setReferenceAddress
 .text          0x0000000000017786       0x93 build/cooja/contiki-ng-cooja.a(simEnvChange.o)
                0x0000000000017786                doActionsBeforeTick
                0x00000000000177cf                doActionsAfterTick
 .text          0x0000000000017819       0xab build/cooja/contiki-ng-cooja.a(cooja_mt.o)
                0x0000000000017819                cooja_mt_start
                0x0000000000017859                cooja_mt_exec
                0x000000000001789c                cooja_mt_yield
 .text          0x00000000000178c4      0x10e build/cooja/contiki-ng-cooja.a(cooja_mtarch.o)
                0x00000000000178c4                cooja_mtarch_start
                0x0000000000017967                cooja_sw
                0x0000000000017994                cooja_mtarch_exec
                0x00000000000179c2                cooja_mtarch_yield
 .text          0x00000000000179d2       0xcc build/cooja/contiki-ng-cooja.a(rtimer-arch.o)
                0x00000000000179d2                rtimer_arch_init
                0x00000000000179f8                rtimer_arch_schedule
                0x0000000000017a22                rtimer_arch_next
                0x0000000000017a36                rtimer_arch_pending
                0x0000000000017a49                rtimer_arch_check
                0x0000000000017a8a                rtimer_arch_now
 .text          0x0000000000017a9e       0xe6 build/cooja/contiki-ng-cooja.a(beep.o)
                0x0000000000017a9e                beep_alarm
                0x0000000000017ab9                beep_beep
                0x0000000000017ad1                beep
                0x0000000000017ae6                beep_down
                0x0000000000017afe                beep_on
                0x0000000000017b13                beep_off
                0x0000000000017b28                beep_spinup
                0x0000000000017b3d                beep_quick
                0x0000000000017b55                beep_long
 .text          0x0000000000017b84       0x80 build/cooja/contiki-ng-cooja.a(leds-arch.o)
                0x0000000000017b9d                leds_arch_init
 .text          0x0000000000017c04       0x41 build/cooja/contiki-ng-cooja.a(moteid.o)
 .text          0x0000000000017c45       0xfa build/cooja/contiki-ng-cooja.a(pir-sensor.o)
 .text          0x0000000000017d3f      0x18b build/cooja/contiki-ng-cooja.a(rs232.o)
                0x0000000000017d3f                rs232_init
                0x0000000000017d4a                rs232_set_speed
                0x0000000000017d5a                rs232_set_input
                0x0000000000017d74                rs232_send
                0x0000000000017d93                rs232_print
                0x0000000000017dc1                slip_arch_writeb
 .text          0x0000000000017eca       0xfa build/cooja/contiki-ng-cooja.a(vib-sensor.o)
 .text          0x0000000000017fc4       0x6f build/cooja/contiki-ng-cooja.a(clock.o)
                0x0000000000017fc4                clock_init
                0x0000000000017fcf                clock_time
                0x0000000000017fe3                clock_seconds
                0x000000000001800f                clock_delay
 .text          0x0000000000018033      0x214 build/cooja/contiki-ng-cooja.a(cooja-log.o)
                0x0000000000018033                simlog_char
                0x000000000001808d                simlog
                0x0000000000018112                log_message
                0x0000000000018157                log_set_putchar_with_slip
                0x000000000001816e                dbg_putchar
                0x00000000000181ef                dbg_send_bytes
 .text          0x0000000000018247      0x39b build/cooja/contiki-ng-cooja.a(cfs-cooja.o)
                0x0000000000018247                cfs_open
                0x00000000000182c4                cfs_close
                0x00000000000182d9                cfs_read
                0x00000000000183a0                cfs_write
                0x00000000000184b0                cfs_seek
                0x000000000001855f                cfs_remove
                0x000000000001858f                cfs_opendir
                0x00000000000185a6                cfs_readdir
                0x00000000000185bd                cfs_closedir
 .text          0x00000000000185e2      0x90b build/cooja/contiki-ng-cooja.a(cooja-radio.o)
                0x0000000000018788                radio_set_channel
                0x00000000000187a2                radio_set_txpower
                0x00000000000187bf                radio_signal_strength_last
                0x00000000000187d2                radio_signal_strength_current
                0x00000000000187e5                radio_LQI
 .text          0x0000000000018eed      0x163 build/cooja/contiki-ng-cooja.a(eeprom.o)
                0x0000000000018eed                eeprom_init
                0x0000000000018efc                eeprom_read
                0x0000000000018f9b                eeprom_write
 .text          0x0000000000019050       0x2f build/cooja/contiki-ng-cooja.a(random.o)
                0x0000000000019050                random_init
                0x0000000000019070                random_rand
 .text          0x000000000001907f      0x35f build/cooja/contiki-ng-cooja.a(sensors.o)
                0x00000000000190c8                sensors_first
                0x00000000000190dc                sensors_next
                0x000000000001910b                sensors_changed
                0x0000000000019158                sensors_find
 .text          0x00000000000193de      0x3ad build/cooja/contiki-ng-cooja.a(leds.o)
                0x00000000000193de                leds_init
                0x0000000000019429                leds_single_on
                0x0000000000019496                leds_single_off
                0x0000000000019503                leds_single_toggle
                0x000000000001953b                leds_on
                0x00000000000195cc                leds_off
                0x000000000001965d                leds_toggle
                0x00000000000196b9                leds_set
                0x00000000000196e2                leds_get
 .text          0x000000000001978b      0x41b build/cooja/contiki-ng-cooja.a(gpio-hal-arch.o)
                0x000000000001978b                gpio_hal_arch_register_pin_callback
                0x0000000000019832                gpio_hal_arch_init
                0x0000000000019888                gpio_hal_arch_no_port_interrupt_enable
                0x00000000000198d5                gpio_hal_arch_no_port_interrupt_disable
                0x0000000000019922                gpio_hal_arch_no_port_pin_cfg_set
                0x0000000000019958                gpio_hal_arch_no_port_pin_cfg_get
                0x000000000001998c                gpio_hal_arch_no_port_pin_set_input
                0x000000000001999f                gpio_hal_arch_no_port_pin_set_output
                0x00000000000199b2                gpio_hal_arch_no_port_set_pin
                0x00000000000199d6                gpio_hal_arch_no_port_clear_pin
                0x00000000000199fa                gpio_hal_arch_no_port_read_pin
                0x0000000000019a27                gpio_hal_arch_no_port_write_pin
                0x0000000000019a51                gpio_hal_arch_no_port_set_pins
                0x0000000000019aa0                gpio_hal_arch_no_port_clear_pins
                0x0000000000019aef                gpio_hal_arch_no_port_read_pins
                0x0000000000019b3d                gpio_hal_arch_no_port_write_pins
 .text          0x0000000000019ba6       0xa8 build/cooja/contiki-ng-cooja.a(buttons.o)
 .text          0x0000000000019c4e      0x432 build/cooja/contiki-ng-cooja.a(contiki-main.o)
                0x0000000000019c4e                main
 .text          0x000000000001a080       0xbd build/cooja/contiki-ng-cooja.a(autostart.o)
                0x000000000001a080                autostart_start
                0x000000000001a0e1                autostart_exit
 .text          0x000000000001a13d      0x441 build/cooja/contiki-ng-cooja.a(ctimer.o)
                0x000000000001a29f                ctimer_init
                0x000000000001a2d4                ctimer_set
                0x000000000001a318                ctimer_set_with_process
                0x000000000001a3d2                ctimer_reset
                0x000000000001a443                ctimer_restart
                0x000000000001a4b4                ctimer_stop
                0x000000000001a512                ctimer_expired
 .text          0x000000000001a57e      0x193 build/cooja/contiki-ng-cooja.a(energest.o)
                0x000000000001a5d6                energest_init
                0x000000000001a649                energest_flush
                0x000000000001a6db                energest_get_total_time
 .text          0x000000000001a711      0x57c build/cooja/contiki-ng-cooja.a(etimer.o)
                0x000000000001a9b9                etimer_request_poll
                0x000000000001aa6b                etimer_set
                0x000000000001aaa1                etimer_reset_with_new_interval
                0x000000000001aadc                etimer_reset
                0x000000000001ab07                etimer_restart
                0x000000000001ab32                etimer_adjust
                0x000000000001ab63                etimer_expired
                0x000000000001ab82                etimer_expiration_time
                0x000000000001aba2                etimer_start_time
                0x000000000001abb7                etimer_pending
                0x000000000001abd1                etimer_next_expiration_time
                0x000000000001abf2                etimer_stop
 .text          0x000000000001ac8d      0x539 build/cooja/contiki-ng-cooja.a(log.o)
                0x000000000001ac8d                log_6addr
                0x000000000001acf3                log_6addr_compact_snprint
                0x000000000001adce                log_6addr_compact
                0x000000000001ae34                log_lladdr
                0x000000000001aeb4                log_lladdr_compact
                0x000000000001af36                log_bytes
                0x000000000001af96                log_set_level
                0x000000000001b0a4                log_get_level
                0x000000000001b15b                log_level_to_str
 .text          0x000000000001b1c6       0x36 build/cooja/contiki-ng-cooja.a(node-id.o)
                0x000000000001b1c6                node_id_init
 .text          0x000000000001b1fc      0x673 build/cooja/contiki-ng-cooja.a(process.o)
                0x000000000001b1fc                process_alloc_event
                0x000000000001b216                process_start
                0x000000000001b486                process_exit
                0x000000000001b4b2                process_init
                0x000000000001b6a9                process_run
                0x000000000001b6de                process_nevents
                0x000000000001b6fe                process_post
                0x000000000001b7c6                process_post_synch
                0x000000000001b814                process_poll
                0x000000000001b851                process_is_running
 .text          0x000000000001b86f      0x101 build/cooja/contiki-ng-cooja.a(rtimer.o)
                0x000000000001b86f                rtimer_init
                0x000000000001b87f                rtimer_set
                0x000000000001b900                rtimer_run_next
 .text          0x000000000001b970       0xfd build/cooja/contiki-ng-cooja.a(timer.o)
                0x000000000001b970                timer_set
                0x000000000001b99f                timer_reset
                0x000000000001b9db                timer_restart
                0x000000000001b9fa                timer_expired
                0x000000000001ba35                timer_remaining
 .text          0x000000000001ba6d      0x39b build/cooja/contiki-ng-cooja.a(list.o)
                0x000000000001ba6d                list_init
                0x000000000001ba87                list_head
                0x000000000001ba9c                list_copy
                0x000000000001babd                list_tail
                0x000000000001bb06                list_add
                0x000000000001bb6a                list_push
                0x000000000001bbad                list_chop
                0x000000000001bc3a                list_pop
                0x000000000001bc74                list_remove
                0x000000000001bd00                list_length
                0x000000000001bd3b                list_insert
                0x000000000001bd9e                list_item_next
                0x000000000001bdc1                list_contains
 .text          0x000000000001be08      0x574 build/cooja/contiki-ng-cooja.a(button-hal.o)
                0x000000000001bfd3                button_hal_get_by_id
                0x000000000001c021                button_hal_get_by_index
                0x000000000001c058                button_hal_get_state
                0x000000000001c0bb                button_hal_init
 .text          0x000000000001c37c      0x181 build/cooja/contiki-ng-cooja.a(gpio-hal.o)
                0x000000000001c37c                gpio_hal_register_handler
                0x000000000001c3a5                gpio_hal_event_handler
                0x000000000001c410                gpio_hal_init
                0x000000000001c42f                gpio_hal_arch_port_toggle_pin
                0x000000000001c466                gpio_hal_arch_port_toggle_pins
                0x000000000001c497                gpio_hal_arch_no_port_toggle_pin
                0x000000000001c4d1                gpio_hal_arch_no_port_toggle_pins
 .text          0x000000000001c4fd      0x238 build/cooja/contiki-ng-cooja.a(serial-line.o)
                0x000000000001c4fd                serial_line_input_byte
                0x000000000001c6f8                serial_line_init
 .text          0x000000000001c735       0x80 build/cooja/contiki-ng-cooja.a(linkaddr.o)
                0x000000000001c735                linkaddr_copy
                0x000000000001c756                linkaddr_cmp
                0x000000000001c78c                linkaddr_set_node_addr
 .text          0x000000000001c7b5      0x12b build/cooja/contiki-ng-cooja.a(netstack.o)
                0x000000000001c7b5                netstack_process_ip_callback
                0x000000000001c856                netstack_ip_packet_processor_add
                0x000000000001c886                uip_ds6_ip_packet_processor_rm
                0x000000000001c8af                netstack_init
 .text          0x000000000001c8e0      0x63d build/cooja/contiki-ng-cooja.a(packetbuf.o)
                0x000000000001c8e0                packetbuf_clear
                0x000000000001c915                packetbuf_copyfrom
                0x000000000001c96e                packetbuf_copyto
                0x000000000001ca14                packetbuf_hdralloc
                0x000000000001caa3                packetbuf_hdrallocfromend
                0x000000000001cb40                packetbuf_hdrreduce
                0x000000000001cb90                packetbuf_set_datalen
                0x000000000001cbac                packetbuf_dataptr
                0x000000000001cbd1                packetbuf_hdrptr
                0x000000000001cbe2                packetbuf_datalen
                0x000000000001cbf3                packetbuf_hdrlen
                0x000000000001cc0f                packetbuf_totlen
                0x000000000001cc31                packetbuf_remaininglen
                0x000000000001cc49                packetbuf_attr_clear
                0x000000000001ccae                packetbuf_attr_copyto
                0x000000000001ccf9                packetbuf_attr_copyfrom
                0x000000000001cd44                packetbuf_set_attr
                0x000000000001cd74                packetbuf_attr
                0x000000000001cd95                packetbuf_set_addr
                0x000000000001cddb                packetbuf_addr
                0x000000000001ce05                packetbuf_holds_broadcast
                0x000000000001ce2c                packetbuf_ie_clear
                0x000000000001ce3e                packetbuf_ie_copyfrom
                0x000000000001ce93                packetbuf_ie_copyto
                0x000000000001cee1                packetbuf_ielen
                0x000000000001cef2                packetbuf_set_ielen
                0x000000000001cf0c                packetbuf_ie_ptr
 .text          0x000000000001cf1d      0x382 build/cooja/contiki-ng-cooja.a(queuebuf.o)
                0x000000000001cf32                queuebuf_init
                0x000000000001cf5b                queuebuf_numfree
                0x000000000001cf74                queuebuf_new_from_packetbuf
                0x000000000001d027                queuebuf_update_attr_from_packetbuf
                0x000000000001d06a                queuebuf_update_from_packetbuf
                0x000000000001d0c6                queuebuf_free
                0x000000000001d122                queuebuf_to_packetbuf
                0x000000000001d19b                queuebuf_dataptr
                0x000000000001d1e2                queuebuf_datalen
                0x000000000001d212                queuebuf_addr
                0x000000000001d259                queuebuf_attr
                0x000000000001d294                queuebuf_debug_print
 .text          0x000000000001d29f      0x116 build/cooja/contiki-ng-cooja.a(printf.o)
                0x000000000001d2d4                log_printf
 .text          0x000000000001d3b5       0x1e build/cooja/contiki-ng-cooja.a(putchar.o)
                0x000000000001d3b5                log_putchar
 .text          0x000000000001d3d3       0x3d build/cooja/contiki-ng-cooja.a(puts.o)
                0x000000000001d3d3                log_puts
 .text          0x000000000001d410      0x1f8 build/cooja/contiki-ng-cooja.a(snprintf.o)
                0x000000000001d49b                log_snprintf
                0x000000000001d580                log_vsnprintf
 .text          0x000000000001d608     0x170b build/cooja/contiki-ng-cooja.a(strformat.o)
                0x000000000001d97b                format_str
                0x000000000001da5c                format_str_v
 .text          0x000000000001ed13     0x515f build/cooja/contiki-ng-cooja.a(tsch.o)
                0x000000000001ed13                strip_payload_termination_ie
                0x000000000001ed4f                tsch_set_coordinator
                0x000000000001edaa                tsch_set_pan_secured
                0x000000000001edc5                tsch_set_join_priority
                0x000000000001ede2                tsch_set_ka_timeout
                0x000000000001ee08                tsch_set_eb_period
                0x000000000001f3ba                tsch_schedule_keepalive
                0x000000000001fd00                tsch_disassociate
                0x000000000001fd3a                tsch_pauze
                0x000000000001fdb5                tsch_resume
                0x000000000001fdf3                tsch_update_energy
                0x0000000000020657                tsch_scan
 .text          0x0000000000023e72     0x38a9 build/cooja/contiki-ng-cooja.a(sicslowpan.o)
                0x0000000000024648                netstack_sniffer_add
                0x0000000000024662                netstack_sniffer_remove
                0x00000000000276e4                sicslowpan_init
                0x000000000002770b                sicslowpan_get_last_rssi
 .text          0x000000000002771b      0x8dd build/cooja/contiki-ng-cooja.a(tcpip.o)
                0x000000000002774b                tcpip_output
                0x00000000000277e3                udp_attach
                0x0000000000027811                udp_new
                0x000000000002786c                udp_broadcast_new
                0x0000000000027a20                tcpip_input
                0x0000000000027c45                tcpip_ipv6_output
                0x0000000000027e9e                tcpip_poll_udp
                0x0000000000027ecc                tcpip_uipcall
 .text          0x0000000000027ff8      0x416 build/cooja/contiki-ng-cooja.a(uip-ds6-nbr.o)
                0x0000000000027ff8                uip_ds6_neighbors_init
                0x0000000000028021                uip_ds6_nbr_add
                0x00000000000280bf                uip_ds6_nbr_rm
                0x000000000002811c                uip_ds6_nbr_update_ll
                0x0000000000028221                uip_ds6_nbr_get_ipaddr
                0x0000000000028241                uip_ds6_nbr_get_ll
                0x0000000000028269                uip_ds6_nbr_num
                0x00000000000282bb                uip_ds6_nbr_head
                0x00000000000282d4                uip_ds6_nbr_next
                0x00000000000282fc                uip_ds6_nbr_lookup
                0x0000000000028365                uip_ds6_nbr_ll_lookup
                0x000000000002838d                uip_ds6_nbr_ipaddr_from_lladdr
                0x00000000000283c1                uip_ds6_nbr_lladdr_from_ipaddr
                0x00000000000283fd                uip_ds6_link_callback
 .text          0x000000000002840e      0xc36 build/cooja/contiki-ng-cooja.a(uip-ds6-route.o)
                0x0000000000028525                uip_ds6_notification_add
                0x000000000002856c                uip_ds6_notification_rm
                0x0000000000028595                uip_ds6_route_init
                0x0000000000028607                uip_ds6_route_count_nexthop_neighbors
                0x000000000002869c                uip_ds6_route_nexthop
                0x00000000000286d0                uip_ds6_route_head
                0x00000000000286e9                uip_ds6_route_next
                0x000000000002871d                uip_ds6_route_is_nexthop
                0x000000000002876f                uip_ds6_route_num_routes
                0x000000000002877f                uip_ds6_route_lookup
                0x000000000002886e                uip_ds6_route_add
                0x0000000000028afe                uip_ds6_route_rm
                0x0000000000028d00                uip_ds6_route_rm_by_nexthop
                0x0000000000028d4c                uip_ds6_defrt_head
                0x0000000000028d65                uip_ds6_defrt_add
                0x0000000000028e3a                uip_ds6_defrt_rm
                0x0000000000028ecd                uip_ds6_defrt_lookup
                0x0000000000028f44                uip_ds6_defrt_choose
                0x0000000000028fc7                uip_ds6_defrt_periodic
 .text          0x0000000000029044      0xebc build/cooja/contiki-ng-cooja.a(uip-ds6.o)
                0x0000000000029044                uip_ds6_default_prefix
                0x0000000000029055                uip_ds6_set_default_prefix
                0x000000000002907d                uip_ds6_init
                0x000000000002931c                uip_ds6_periodic
                0x00000000000293be                uip_ds6_list_loop
                0x00000000000294a7                uip_ds6_prefix_add
                0x0000000000029578                uip_ds6_prefix_rm
                0x0000000000029596                uip_ds6_prefix_lookup
                0x00000000000295ed                uip_ds6_is_addr_onlink
                0x0000000000029681                uip_ds6_addr_add
                0x00000000000297cc                uip_ds6_addr_rm
                0x0000000000029887                uip_ds6_addr_lookup
                0x00000000000298dc                uip_ds6_get_link_local
                0x0000000000029981                uip_ds6_get_global
                0x0000000000029a26                uip_ds6_maddr_add
                0x0000000000029aa2                uip_ds6_maddr_rm
                0x0000000000029ac0                uip_ds6_maddr_lookup
                0x0000000000029b18                uip_ds6_aaddr_add
                0x0000000000029b94                uip_ds6_aaddr_rm
                0x0000000000029bb2                uip_ds6_aaddr_lookup
                0x0000000000029c0a                uip_ds6_select_src
                0x0000000000029d94                uip_ds6_set_addr_iid
                0x0000000000029dcd                uip_ds6_set_lladdr_from_iid
                0x0000000000029e04                get_match_length
                0x0000000000029eb2                uip_ds6_compute_reachable_time
 .text          0x0000000000029f00      0x8b7 build/cooja/contiki-ng-cooja.a(uip-icmp6.o)
                0x0000000000029f7d                uip_icmp6_input
                0x0000000000029fdb                uip_icmp6_register_input_handler
                0x000000000002a16d                uip_icmp6_error_output
                0x000000000002a4d2                uip_icmp6_send
                0x000000000002a71e                uip_icmp6_echo_reply_callback_add
                0x000000000002a765                uip_icmp6_echo_reply_callback_rm
                0x000000000002a78e                uip_icmp6_init
 .text          0x000000000002a7b7      0x1b9 build/cooja/contiki-ng-cooja.a(uip-packetqueue.o)
                0x000000000002a7f6                uip_packetqueue_new
                0x000000000002a810                uip_packetqueue_alloc
                0x000000000002a88a                uip_packetqueue_free
                0x000000000002a8e2                uip_packetqueue_buf
                0x000000000002a90e                uip_packetqueue_buflen
                0x000000000002a93d                uip_packetqueue_set_buflen
 .text          0x000000000002a970     0x1710 build/cooja/contiki-ng-cooja.a(uip6.o)
                0x000000000002aa34                uip_chksum
                0x000000000002ab1a                uip_icmp6chksum
                0x000000000002ab2e                uip_udpchksum
                0x000000000002ab42                uip_init
                0x000000000002aba9                uip_remove_ext_hdr
                0x000000000002acaa                uip_udp_new
                0x000000000002b058                uip_process
                0x000000000002bf06                uip_htons
                0x000000000002bf29                uip_htonl
                0x000000000002bf71                uip_send
 .text          0x000000000002c080      0x6b8 build/cooja/contiki-ng-cooja.a(uipbuf.o)
                0x000000000002c080                uipbuf_clear
                0x000000000002c0b9                uipbuf_add_ext_hdr
                0x000000000002c151                uipbuf_set_len
                0x000000000002c183                uipbuf_set_len_field
                0x000000000002c1b6                uipbuf_get_len_field
                0x000000000002c1e1                uipbuf_get_next_header
                0x000000000002c353                uipbuf_get_last_header
                0x000000000002c3e6                uipbuf_search_header
                0x000000000002c4ad                uipbuf_get_attr
                0x000000000002c4de                uipbuf_set_attr
                0x000000000002c51e                uipbuf_set_default_attr
                0x000000000002c55e                uipbuf_clear_attr
                0x000000000002c5a1                uipbuf_set_attr_flag
                0x000000000002c5c4                uipbuf_clr_attr_flag
                0x000000000002c5ed                uipbuf_is_attr_flag
                0x000000000002c612                uipbuf_init
                0x000000000002c654                uipbuf_ie_clear
                0x000000000002c666                uipbuf_ie_copyfrom
                0x000000000002c6bf                uipbuf_ie_copyto
                0x000000000002c70d                uipbuf_ielen
                0x000000000002c71e                uipbuf_set_ielen
 .text          0x000000000002c738      0x57d build/cooja/contiki-ng-cooja.a(uiplib.o)
                0x000000000002c738                uiplib_ip6addrconv
                0x000000000002c914                uiplib_ip4addrconv
                0x000000000002c9e6                uiplib_ipaddr_print
                0x000000000002ca4c                uiplib_ipaddr_snprint
 .text          0x000000000002ccb5      0x5fe build/cooja/contiki-ng-cooja.a(rpl-dag-root.o)
                0x000000000002cd55                rpl_dag_root_set_prefix
                0x000000000002cd91                rpl_dag_root_start
                0x000000000002d092                rpl_dag_root_is_root
                0x000000000002d0ec                rpl_dag_root_print_links
 .text          0x000000000002d2b3     0x43c1 build/cooja/contiki-ng-cooja.a(rpl-dag.o)
                0x000000000002d2b3                rpl_print_neighbor_list
                0x000000000002d397                rpl_get_nbr
                0x000000000002d3f2                rpl_dag_init
                0x000000000002d419                rpl_get_parent
                0x000000000002d44c                rpl_get_parent_rank
                0x000000000002d491                rpl_get_parent_link_metric
                0x000000000002d506                rpl_rank_via_parent
                0x000000000002d57b                rpl_get_parent_lladdr
                0x000000000002d5a6                rpl_parent_get_ipaddr
                0x000000000002d5e2                rpl_get_parent_link_stats
                0x000000000002d610                rpl_parent_is_fresh
                0x000000000002d63e                rpl_parent_is_reachable
                0x000000000002d87f                rpl_get_preferred_parent
                0x000000000002dc96                rpl_set_root
                0x000000000002e0f9                rpl_repair_root
                0x000000000002e413                rpl_set_prefix
                0x000000000002e60d                rpl_set_default_route
                0x000000000002e694                rpl_alloc_instance
                0x000000000002e72c                rpl_alloc_dag
                0x000000000002e801                rpl_set_default_instance
                0x000000000002e81e                rpl_get_default_instance
                0x000000000002e832                rpl_free_instance
                0x000000000002e952                rpl_free_dag
                0x000000000002ea65                rpl_add_parent
                0x000000000002eb44                rpl_find_parent
                0x000000000002ebc4                rpl_find_parent_any_dag
                0x000000000002ec19                rpl_select_dag
                0x000000000002f1f0                rpl_select_parent
                0x000000000002f27c                rpl_remove_parent
                0x000000000002f338                rpl_nullify_parent
                0x000000000002f4a1                rpl_move_parent
                0x000000000002f6d4                rpl_has_joined
                0x000000000002f701                rpl_has_downward_route
                0x000000000002f784                rpl_get_dag
                0x000000000002f8f2                rpl_get_any_dag
                0x000000000002f906                rpl_get_instance
                0x000000000002f98c                rpl_find_of
                0x000000000002f9ec                rpl_join_instance
                0x000000000002fef4                rpl_add_dag
                0x00000000000304bf                rpl_local_repair
                0x0000000000030672                rpl_recalculate_ranks
                0x000000000003071a                rpl_process_parent_event
                0x0000000000030a63                rpl_process_dio
 .text          0x0000000000031674     0x30f9 build/cooja/contiki-ng-cooja.a(rpl-icmp6.o)
                0x0000000000031a30                rpl_icmp6_update_nbr_table
                0x0000000000031d68                dis_output
                0x0000000000032a96                dio_output
                0x0000000000033f9d                dao_output
                0x00000000000340c0                dao_output_target
                0x000000000003470b                dao_ack_output
                0x0000000000034726                rpl_icmp6_register_handlers
 .text          0x000000000003476d      0x3de build/cooja/contiki-ng-cooja.a(rpl-mrhof.o)
 .text          0x0000000000034b4b      0x43c build/cooja/contiki-ng-cooja.a(rpl-of0.o)
 .text          0x0000000000034f87      0x8aa build/cooja/contiki-ng-cooja.a(rpl-timers.o)
                0x000000000003532d                rpl_reset_periodic_timer
                0x000000000003538a                rpl_reset_dio_timer
                0x000000000003572d                rpl_schedule_dao
                0x0000000000035751                rpl_schedule_dao_immediately
                0x0000000000035775                rpl_cancel_dao
                0x00000000000357f8                rpl_schedule_unicast_dio_immediately
 .text          0x0000000000035831      0xc66 build/cooja/contiki-ng-cooja.a(rpl.o)
                0x0000000000035831                rpl_get_mode
                0x0000000000035841                rpl_set_mode
                0x00000000000359dd                rpl_purge_routes
                0x0000000000035ba2                rpl_remove_routes
                0x0000000000035bfd                rpl_remove_routes_by_nexthop
                0x0000000000035c77                rpl_add_route
                0x0000000000035e2e                rpl_link_callback
                0x0000000000035f1b                rpl_divisor_callback
                0x0000000000035f72                rpl_ipv6_neighbor_callback
                0x0000000000035ffe                rpl_purge_dags
                0x0000000000036488                rpl_is_in_leaf_mode
 .text          0x0000000000036497      0x258 build/cooja/contiki-ng-cooja.a(slip-bridge.o)
                0x0000000000036497                request_prefix
 .text          0x00000000000366ef       0x49 build/cooja/contiki-ng-cooja.a(watchdog.o)
                0x00000000000366ef                watchdog_init
                0x00000000000366fa                watchdog_start
                0x0000000000036705                watchdog_periodic
                0x0000000000036722                watchdog_stop
                0x000000000003672d                watchdog_reboot
 .text          0x0000000000036738       0x61 build/cooja/contiki-ng-cooja.a(int-master.o)
                0x0000000000036738                int_master_enable
                0x000000000003674d                int_master_read_and_disable
                0x000000000003676d                int_master_status_set
                0x0000000000036784                int_master_is_enabled
 .text          0x0000000000036799       0x1a build/cooja/contiki-ng-cooja.a(slip-arch.o)
                0x0000000000036799                slip_arch_init
 .text          0x00000000000367b3      0x198 build/cooja/contiki-ng-cooja.a(rpl-border-router.o)
                0x00000000000367b3                print_local_addresses
                0x00000000000368e9                set_prefix_64
                0x000000000003692c                rpl_border_router_init
 .text          0x000000000003694b      0x4e3 build/cooja/contiki-ng-cooja.a(orchestra.o)
                0x00000000000369e5                orchestra_callback_child_added
                0x0000000000036a46                orchestra_callback_child_removed
                0x0000000000036aa7                orchestra_callback_packet_ready
                0x0000000000036b92                orchestra_callback_new_time_source
                0x0000000000036c15                orchestra_callback_root_node_updated
                0x0000000000036c81                orchestra_callback_change_sf
                0x0000000000036ce2                orchestra_init
 .text          0x0000000000036e2e      0xfd6 build/cooja/contiki-ng-cooja.a(coap-engine.o)
                0x0000000000036efd                coap_add_handler
                0x0000000000036f26                coap_remove_handler
                0x0000000000036f4f                coap_call_handlers
                0x0000000000037090                coap_receive
                0x0000000000037872                coap_engine_init
                0x000000000003791b                coap_activate_resource
                0x0000000000037a41                coap_get_first_resource
                0x0000000000037a5a                coap_get_next_resource
 .text          0x0000000000037e04      0x84b build/cooja/contiki-ng-cooja.a(coap-observe-client.o)
                0x0000000000037ed6                coap_obs_add_observee
                0x0000000000037fa6                coap_obs_remove_observee
                0x0000000000037fe5                coap_get_obs_subject_by_token
                0x0000000000038065                coap_obs_remove_observee_by_token
                0x0000000000038113                coap_obs_remove_observee_by_url
                0x00000000000382b9                coap_handle_notification
                0x0000000000038450                coap_generate_token
                0x0000000000038481                coap_obs_request_registration
 .text          0x000000000003864f      0xbf3 build/cooja/contiki-ng-cooja.a(coap-observe.o)
                0x000000000003883a                coap_remove_observer
                0x00000000000388e5                coap_remove_observer_by_client
                0x000000000003895b                coap_remove_observer_by_token
                0x0000000000038a09                coap_remove_observer_by_uri
                0x0000000000038ac6                coap_remove_observer_by_mid
                0x0000000000038b50                coap_notify_observers
                0x0000000000038b74                coap_notify_observers_sub
                0x0000000000039077                coap_observe_handler
                0x00000000000391cb                coap_has_observers
 .text          0x0000000000039242      0x376 build/cooja/contiki-ng-cooja.a(coap-res-well-known-core.o)
 .text          0x00000000000395b8      0x322 build/cooja/contiki-ng-cooja.a(coap-timer.o)
                0x00000000000396ca                coap_timer_stop
                0x0000000000039700                coap_timer_set
                0x0000000000039737                coap_timer_reset
                0x0000000000039771                coap_timer_time_to_next_expiration
                0x00000000000397ca                coap_timer_run
                0x0000000000039891                coap_timer_init
 .text          0x00000000000398da      0x33a build/cooja/contiki-ng-cooja.a(coap-transactions.o)
                0x000000000003996c                coap_new_transaction
                0x00000000000399e3                coap_send_transaction
                0x0000000000039b62                coap_clear_transaction
                0x0000000000039bb8                coap_get_transaction_by_mid
 .text          0x0000000000039c14      0xb49 build/cooja/contiki-ng-cooja.a(coap-uip.o)
                0x0000000000039c14                coap_endpoint_log
                0x0000000000039cb0                coap_endpoint_print
                0x0000000000039d4c                coap_endpoint_snprint
                0x0000000000039ed2                coap_endpoint_copy
                0x0000000000039f1a                coap_endpoint_cmp
                0x000000000003a06f                coap_endpoint_parse
                0x000000000003a29e                coap_endpoint_is_secure
                0x000000000003a2b7                coap_endpoint_is_connected
                0x000000000003a2fd                coap_endpoint_connect
                0x000000000003a323                coap_endpoint_disconnect
                0x000000000003a332                coap_databuf
                0x000000000003a346                coap_transport_init
                0x000000000003a44a                coap_sendto
 .text          0x000000000003a75d     0x270a build/cooja/contiki-ng-cooja.a(coap.o)
                0x000000000003ae35                coap_init_connection
                0x000000000003ae4c                coap_get_mid
                0x000000000003ae6e                coap_init_message
                0x000000000003aec4                coap_serialize_message
                0x000000000003b64d                coap_parse_message
                0x000000000003c0e4                coap_get_query_variable
                0x000000000003c140                coap_get_post_variable
                0x000000000003c19a                coap_set_status_code
                0x000000000003c1cc                coap_set_token
                0x000000000003c22c                coap_get_header_content_format
                0x000000000003c274                coap_set_header_content_format
                0x000000000003c2ac                coap_get_header_accept
                0x000000000003c2f7                coap_set_header_accept
                0x000000000003c332                coap_get_header_max_age
                0x000000000003c37b                coap_set_header_max_age
                0x000000000003c3b0                coap_get_header_etag
                0x000000000003c3fc                coap_set_header_etag
                0x000000000003c46d                coap_get_header_if_match
                0x000000000003c4bf                coap_set_header_if_match
                0x000000000003c53c                coap_get_header_if_none_match
                0x000000000003c567                coap_set_header_if_none_match
                0x000000000003c58f                coap_get_header_proxy_uri
                0x000000000003c5d8                coap_set_header_proxy_uri
                0x000000000003c627                coap_get_header_uri_host
                0x000000000003c670                coap_set_header_uri_host
                0x000000000003c6bf                coap_get_header_uri_path
                0x000000000003c70e                coap_set_header_uri_path
                0x000000000003c778                coap_get_header_uri_query
                0x000000000003c7c7                coap_set_header_uri_query
                0x000000000003c831                coap_get_header_location_path
                0x000000000003c87a                coap_set_header_location_path
                0x000000000003c930                coap_get_header_location_query
                0x000000000003c97f                coap_set_header_location_query
                0x000000000003c9e9                coap_get_header_observe
                0x000000000003ca32                coap_set_header_observe
                0x000000000003ca6a                coap_get_header_block2
                0x000000000003cb0c                coap_set_header_block2
                0x000000000003cb9c                coap_get_header_block1
                0x000000000003cc3e                coap_set_header_block1
                0x000000000003ccc9                coap_get_header_size2
                0x000000000003cd10                coap_set_header_size2
                0x000000000003cd48                coap_get_header_size1
                0x000000000003cd8f                coap_set_header_size1
                0x000000000003cdc7                coap_get_payload
                0x000000000003ce17                coap_set_payload
 .text          0x000000000003ce67      0x125 build/cooja/contiki-ng-cooja.a(stimer.o)
                0x000000000003ce67                stimer_set
                0x000000000003ce96                stimer_reset
                0x000000000003ced2                stimer_restart
                0x000000000003cef1                stimer_expired
                0x000000000003cf33                stimer_remaining
                0x000000000003cf6b                stimer_elapsed
 .text          0x000000000003cf8c      0x21a build/cooja/contiki-ng-cooja.a(memb.o)
                0x000000000003cf8c                memb_init
                0x000000000003cfef                memb_alloc
                0x000000000003d069                memb_free
                0x000000000003d0fc                memb_inmemb
                0x000000000003d153                memb_numfree
 .text          0x000000000003d1a6      0x19d build/cooja/contiki-ng-cooja.a(ringbuf.o)
                0x000000000003d1a6                ringbuf_init
                0x000000000003d1e7                ringbuf_put
                0x000000000003d276                ringbuf_get
                0x000000000003d2f4                ringbuf_size
                0x000000000003d310                ringbuf_elements
 .text          0x000000000003d343      0x25a build/cooja/contiki-ng-cooja.a(ringbufindex.o)
                0x000000000003d343                ringbufindex_init
                0x000000000003d374                ringbufindex_put
                0x000000000003d3df                ringbufindex_peek_put
                0x000000000003d431                ringbufindex_get
                0x000000000003d49e                ringbufindex_peek_get
                0x000000000003d4e6                ringbufindex_size
                0x000000000003d501                ringbufindex_elements
                0x000000000003d533                ringbufindex_full
                0x000000000003d577                ringbufindex_empty
 .text          0x000000000003d59d      0x72b build/cooja/contiki-ng-cooja.a(slip.o)
                0x000000000003d59d                slip_set_input_callback
                0x000000000003d5b7                slip_send
                0x000000000003d5e0                slip_write
                0x000000000003db77                slip_input_byte
 .text          0x000000000003dcc8      0x481 build/cooja/contiki-ng-cooja.a(link-stats.o)
                0x000000000003dcc8                link_stats_from_lladdr
                0x000000000003dcf0                link_stats_get_lladdr
                0x000000000003dd18                link_stats_is_fresh
                0x000000000003dd60                guess_etx_from_rssi
                0x000000000003dde5                link_stats_packet_sent
                0x000000000003df49                link_stats_input_callback
                0x000000000003e0ab                link_stats_reset
                0x000000000003e107                link_stats_init
 .text          0x000000000003e149      0xcb3 build/cooja/contiki-ng-cooja.a(nbr-table.o)
                0x000000000003e5a7                nbr_table_count_entries
                0x000000000003e649                nbr_table_gc_get_worst
                0x000000000003e68c                nbr_table_can_accept_new
                0x000000000003e841                nbr_table_entry_is_allowed
                0x000000000003e8ee                nbr_table_register
                0x000000000003e980                nbr_table_is_registered
                0x000000000003e9d7                nbr_table_head
                0x000000000003ea45                nbr_table_next
                0x000000000003eac2                nbr_table_add_lladdr
                0x000000000003ec22                nbr_table_get_from_lladdr
                0x000000000003ec81                nbr_table_remove
                0x000000000003ecdb                nbr_table_lock
                0x000000000003ed10                nbr_table_unlock
                0x000000000003ed45                nbr_table_get_lladdr
                0x000000000003ed88                nbr_table_clear
                0x000000000003edc5                nbr_table_key_head
                0x000000000003edde                nbr_table_key_next
 .text          0x000000000003edfc      0x1e0 build/cooja/contiki-ng-cooja.a(mac-sequence.o)
                0x000000000003edfc                mac_sequence_is_duplicate
                0x000000000003eedd                mac_sequence_register_seqno
 .text          0x000000000003efdc       0x3a build/cooja/contiki-ng-cooja.a(mac.o)
                0x000000000003efdc                mac_call_sent_callback
 .text          0x000000000003f016      0xca9 build/cooja/contiki-ng-cooja.a(frame802154.o)
                0x000000000003f044                frame802154_get_pan_id
                0x000000000003f055                frame802154_set_pan_id
                0x000000000003f071                frame802154_has_panid
                0x000000000003f250                frame802154_check_dest_panid
                0x000000000003f2ee                frame802154_is_broadcast_addr
                0x000000000003f345                frame802154_extract_linkaddr
                0x000000000003f5df                frame802154_hdrlen
                0x000000000003f65e                frame802154_create_fcf
                0x000000000003f730                frame802154_create
                0x000000000003f8da                frame802154_parse_fcf
                0x000000000003f9d1                frame802154_parse
 .text          0x000000000003fcbf     0x1245 build/cooja/contiki-ng-cooja.a(frame802154e-ie.o)
                0x000000000003fe03                frame80215e_create_ie_header_ack_nack_time_correction
                0x000000000003fea1                frame80215e_create_ie_header_list_termination_1
                0x000000000003fef6                frame80215e_create_ie_header_list_termination_2
                0x000000000003ff4b                frame80215e_create_ie_payload_list_termination
                0x000000000003ffa0                frame80215e_create_ie_ietf
                0x000000000003ffe7                frame80215e_create_ie_int_content
                0x0000000000040041                frame80215e_retrieve_ie_int_header
                0x00000000000400b1                frame80215e_create_ie_mlme
                0x000000000004010c                frame80215e_create_ie_tsch_synchronization
                0x00000000000401de                frame80215e_create_ie_tsch_slotframe_and_link
                0x0000000000040428                frame80215e_create_ie_tsch_timeslot
                0x0000000000040522                frame80215e_create_ie_tsch_channel_hopping_sequence
                0x0000000000040b9e                frame802154e_parse_information_elements
 .text          0x0000000000040f04      0x451 build/cooja/contiki-ng-cooja.a(framer-802154.o)
                0x000000000004109f                framer_802154_setup_params
 .text          0x0000000000041355      0x3b0 build/cooja/contiki-ng-cooja.a(tsch-adaptive-timesync.o)
                0x0000000000041355                tsch_adaptive_timesync_get_drift_ppm
                0x00000000000414aa                tsch_timesync_update
                0x0000000000041656                tsch_timesync_adaptive_compensate
                0x00000000000416c7                tsch_adaptive_timesync_reset
 .text          0x0000000000041705      0xb98 build/cooja/contiki-ng-cooja.a(tsch-packet.o)
                0x0000000000041705                tsch_packet_eackbuf_set_attr
                0x0000000000041734                tsch_packet_eackbuf_attr
                0x0000000000041758                tsch_packet_create_eack
                0x000000000004195f                tsch_packet_parse_eack
                0x0000000000041b1a                tsch_packet_create_eb
                0x0000000000041e94                tsch_packet_update_eb
                0x0000000000041f3c                tsch_packet_parse_eb
                0x0000000000042258                tsch_packet_set_frame_pending
                0x000000000004227c                tsch_packet_get_frame_pending
 .text          0x000000000004229d      0xd81 build/cooja/contiki-ng-cooja.a(tsch-queue.o)
                0x000000000004229d                tsch_queue_add_nbr
                0x00000000000423ab                tsch_queue_get_nbr
                0x00000000000423e3                tsch_queue_get_time_source
                0x0000000000042447                tsch_queue_get_nbr_address
                0x000000000004246f                tsch_queue_update_time_source
                0x000000000004271a                tsch_queue_add_packet
                0x00000000000428e5                tsch_queue_global_packet_count
                0x0000000000042907                tsch_queue_nbr_packet_count
                0x0000000000042939                tsch_queue_remove_packet_from_queue
                0x0000000000042996                tsch_queue_free_packet
                0x00000000000429d5                tsch_queue_free_packets_to
                0x0000000000042a1c                tsch_queue_packet_sent
                0x0000000000042ad2                tsch_queue_reset
                0x0000000000042b40                tsch_queue_free_unused_neighbors
                0x0000000000042bd5                tsch_queue_is_empty
                0x0000000000042c19                tsch_queue_get_packet_for_nbr
                0x0000000000042d4d                tsch_queue_get_packet_for_dest_addr
                0x0000000000042d91                tsch_queue_get_unicast_packet_for_any
                0x0000000000042e44                tsch_queue_backoff_expired
                0x0000000000042e62                tsch_queue_backoff_reset
                0x0000000000042e81                tsch_queue_backoff_inc
                0x0000000000042ef1                tsch_queue_update_all_backoff_windows
                0x0000000000042fbe                tsch_queue_init
 .text          0x000000000004301e      0x3ff build/cooja/contiki-ng-cooja.a(tsch-roots.o)
                0x000000000004301e                tsch_roots_add_address
                0x00000000000431e3                tsch_roots_set_self_to_root
                0x000000000004320c                tsch_roots_is_root
                0x00000000000433d1                tsch_roots_init
 .text          0x000000000004341d      0x186 build/cooja/contiki-ng-cooja.a(tsch-rpl.o)
                0x000000000004341d                tsch_rpl_callback_ka_sent
                0x000000000004345f                tsch_rpl_callback_joining_network
                0x000000000004346a                tsch_rpl_callback_leaving_network
                0x0000000000043491                tsch_rpl_callback_new_dio_interval
                0x000000000004354b                tsch_rpl_callback_parent_switch
                0x000000000004358c                tsch_rpl_check_dodag_joined
 .text          0x00000000000435a3     0x1354 build/cooja/contiki-ng-cooja.a(tsch-schedule.o)
                0x00000000000435a3                tsch_schedule_add_slotframe
                0x00000000000436fd                tsch_schedule_remove_all_slotframes
                0x0000000000043743                tsch_schedule_remove_slotframe
                0x000000000004383c                tsch_schedule_get_slotframe_by_handle
                0x000000000004389e                tsch_schedule_get_link_by_handle
                0x0000000000043a4c                tsch_schedule_add_link
                0x0000000000043da9                tsch_schedule_remove_link
                0x000000000004401a                tsch_schedule_remove_link_by_timeslot
                0x00000000000440c3                tsch_schedule_get_link_by_timeslot
                0x0000000000044227                tsch_schedule_get_next_active_link
                0x00000000000445f4                tsch_schedule_init
                0x0000000000044645                tsch_schedule_create_minimal
                0x00000000000446a2                tsch_schedule_slotframe_head
                0x00000000000446bb                tsch_schedule_slotframe_next
                0x00000000000446d9                tsch_schedule_print
 .text          0x00000000000448f7      0x749 build/cooja/contiki-ng-cooja.a(tsch-security.o)
                0x0000000000044a50                tsch_security_mic_len
                0x0000000000044a91                tsch_security_secure_frame
                0x0000000000044d6e                tsch_security_parse_frame
                0x0000000000045030                tsch_security_set_packetbuf_attr
 .text          0x0000000000045040     0x1cbf build/cooja/contiki-ng-cooja.a(tsch-slot-operation.o)
                0x000000000004506d                to_mseconds
                0x000000000004509a                tsch_is_locked
                0x00000000000450aa                tsch_get_lock
                0x0000000000045135                tsch_release_lock
                0x00000000000454f1                tsch_get_network_uptime_ticks
                0x0000000000046b5d                tsch_slot_operation_start
                0x0000000000046c87                tsch_slot_operation_sync
 .text          0x0000000000046cff        0x0 build/cooja/contiki-ng-cooja.a(tsch-timeslot-timing.o)
 .text          0x0000000000046cff      0x87f build/cooja/contiki-ng-cooja.a(uip-nd6.o)
                0x0000000000047564                uip_nd6_init
 .text          0x000000000004757e      0x81f build/cooja/contiki-ng-cooja.a(uip-sr.o)
                0x000000000004757e                uip_sr_num_nodes
                0x0000000000047629                uip_sr_get_node
                0x0000000000047691                uip_sr_is_addr_reachable
                0x0000000000047759                uip_sr_expire_parent
                0x00000000000477c8                uip_sr_update_node
                0x000000000004793c                uip_sr_init
                0x000000000004796f                uip_sr_node_head
                0x0000000000047988                uip_sr_node_next
                0x00000000000479a6                uip_sr_periodic
                0x0000000000047ae2                uip_sr_free_all
                0x0000000000047b61                uip_sr_link_snprint
 .text          0x0000000000047d9d      0x147 build/cooja/contiki-ng-cooja.a(uip-udp-packet.o)
                0x0000000000047d9d                uip_udp_packet_send
                0x0000000000047e1f                uip_udp_packet_sendto
 .text          0x0000000000047ee4     0x12a6 build/cooja/contiki-ng-cooja.a(rpl-ext-header.o)
                0x0000000000047ee4                rpl_ext_header_hbh_update
                0x0000000000048345                rpl_ext_header_srh_get_next_hop
                0x0000000000048358                rpl_ext_header_srh_update
                0x0000000000048e6d                rpl_ext_header_remove
                0x0000000000049072                rpl_ext_header_update
 .text          0x000000000004918a      0x1ba build/cooja/contiki-ng-cooja.a(rpl-nbr-policy.o)
                0x00000000000491e6                rpl_nbr_gc_get_worst
                0x00000000000492be                rpl_nbr_can_accept_new
                0x000000000004932c                rpl_nbr_policy_get_free_nexthop_neighbors
 .text          0x0000000000049344      0x21c build/cooja/contiki-ng-cooja.a(border-router-embedded.o)
 .text          0x0000000000049560       0xb0 build/cooja/contiki-ng-cooja.a(orchestra-rule-default-common.o)
 .text          0x0000000000049610      0x284 build/cooja/contiki-ng-cooja.a(orchestra-rule-eb-per-time-source.o)
 .text          0x0000000000049894      0x62b build/cooja/contiki-ng-cooja.a(orchestra-rule-unicast-per-neighbor-rpl-storing.o)
 .text          0x0000000000049ebf      0x1e5 build/cooja/contiki-ng-cooja.a(coap-timer-default.o)
 .text          0x000000000004a0a4      0x501 build/cooja/contiki-ng-cooja.a(ccm-star.o)
 .text          0x000000000004a5a5      0x507 build/cooja/contiki-ng-cooja.a(orchestra-rule-special-for-root.o)
                0x000000000004a5b4                orchestra_is_root_schedule_active
 .text          0x000000000004aaac      0x686 build/cooja/contiki-ng-cooja.a(aes-128.o)
 .text          0x000000000004b132        0x0 /usr/lib/gcc/x86_64-linux-gnu/11/crtendS.o
 .text          0x000000000004b132        0x0 /usr/lib/gcc/x86_64-linux-gnu/11/../../../x86_64-linux-gnu/crtn.o
 *(.gnu.warning)

.fini           0x000000000004b134        0xd
 *(SORT_NONE(.fini))
 .fini          0x000000000004b134        0x8 /usr/lib/gcc/x86_64-linux-gnu/11/../../../x86_64-linux-gnu/crti.o
                0x000000000004b134                _fini
 .fini          0x000000000004b13c        0x5 /usr/lib/gcc/x86_64-linux-gnu/11/../../../x86_64-linux-gnu/crtn.o
                [!provide]                        PROVIDE (__etext = .)
                [!provide]                        PROVIDE (_etext = .)
                [!provide]                        PROVIDE (etext = .)
                0x000000000004c000                . = ALIGN (CONSTANT (MAXPAGESIZE))
                0x000000000004c000                . = SEGMENT_START ("rodata-segment", (ALIGN (CONSTANT (MAXPAGESIZE)) + (. & (CONSTANT (MAXPAGESIZE) - 0x1))))

.rodata         0x000000000004c000     0x37e0
 *(.rodata .rodata.* .gnu.linkonce.r.*)
 .rodata        0x000000000004c000       0x6e coap-server.o
 .rodata        0x000000000004c06e        0x6 build/cooja/contiki-ng-cooja.a(leds-arch.o)
                0x000000000004c06e                leds_arch_leds
 .rodata        0x000000000004c074        0x4 build/cooja/contiki-ng-cooja.a(pir-sensor.o)
 .rodata        0x000000000004c078        0x3 build/cooja/contiki-ng-cooja.a(rs232.o)
 .rodata        0x000000000004c07b        0xa build/cooja/contiki-ng-cooja.a(vib-sensor.o)
 *fill*         0x000000000004c085        0x3 
 .rodata        0x000000000004c088       0x26 build/cooja/contiki-ng-cooja.a(cfs-cooja.o)
 *fill*         0x000000000004c0ae        0x2 
 .rodata        0x000000000004c0b0       0x68 build/cooja/contiki-ng-cooja.a(cooja-radio.o)
 .rodata        0x000000000004c118        0x8 build/cooja/contiki-ng-cooja.a(sensors.o)
 .rodata        0x000000000004c120       0x14 build/cooja/contiki-ng-cooja.a(buttons.o)
                0x000000000004c12c                button_hal_button_count
 *fill*         0x000000000004c134        0x4 
 .rodata        0x000000000004c138      0x114 build/cooja/contiki-ng-cooja.a(contiki-main.o)
 .rodata        0x000000000004c24c        0xf build/cooja/contiki-ng-cooja.a(ctimer.o)
 .rodata        0x000000000004c25b        0xc build/cooja/contiki-ng-cooja.a(etimer.o)
 *fill*         0x000000000004c267        0x1 
 .rodata        0x000000000004c268       0xc0 build/cooja/contiki-ng-cooja.a(log.o)
 .rodata        0x000000000004c328       0x13 build/cooja/contiki-ng-cooja.a(button-hal.o)
 .rodata        0x000000000004c33b        0xe build/cooja/contiki-ng-cooja.a(serial-line.o)
 *fill*         0x000000000004c349        0x7 
 .rodata        0x000000000004c350        0x8 build/cooja/contiki-ng-cooja.a(linkaddr.o)
                0x000000000004c350                linkaddr_null
 *fill*         0x000000000004c358        0x8 
 .rodata        0x000000000004c360      0x280 build/cooja/contiki-ng-cooja.a(strformat.o)
 .rodata        0x000000000004c5e0      0xd63 build/cooja/contiki-ng-cooja.a(tsch.o)
                0x000000000004c5e0                tsch_broadcast_address
                0x000000000004c5e8                tsch_eb_address
 .rodata        0x000000000004d343       0x1d build/cooja/contiki-ng-cooja.a(sicslowpan.o)
                0x000000000004d343                unc_llconf
                0x000000000004d347                unc_ctxconf
                0x000000000004d34b                unc_mxconf
                0x000000000004d34f                llprefix
 .rodata        0x000000000004d360        0xd build/cooja/contiki-ng-cooja.a(tcpip.o)
 *fill*         0x000000000004d36d        0x3 
 .rodata        0x000000000004d370       0xb9 build/cooja/contiki-ng-cooja.a(uip-ds6-route.o)
 .rodata        0x000000000004d429       0x2d build/cooja/contiki-ng-cooja.a(uiplib.o)
 *fill*         0x000000000004d456        0x2 
 .rodata        0x000000000004d458      0x126 build/cooja/contiki-ng-cooja.a(rpl-dag-root.o)
 *fill*         0x000000000004d57e        0x2 
 .rodata        0x000000000004d580      0x859 build/cooja/contiki-ng-cooja.a(rpl-dag.o)
 *fill*         0x000000000004ddd9        0x7 
 .rodata        0x000000000004dde0      0x6ce build/cooja/contiki-ng-cooja.a(rpl-icmp6.o)
 .rodata        0x000000000004e4ae       0x24 build/cooja/contiki-ng-cooja.a(rpl-mrhof.o)
 .rodata        0x000000000004e4d2       0x22 build/cooja/contiki-ng-cooja.a(rpl-of0.o)
 *fill*         0x000000000004e4f4        0x4 
 .rodata        0x000000000004e4f8      0x106 build/cooja/contiki-ng-cooja.a(rpl-timers.o)
 *fill*         0x000000000004e5fe        0x2 
 .rodata        0x000000000004e600      0x167 build/cooja/contiki-ng-cooja.a(rpl.o)
 .rodata        0x000000000004e767       0x11 build/cooja/contiki-ng-cooja.a(slip-bridge.o)
 .rodata        0x000000000004e778       0x31 build/cooja/contiki-ng-cooja.a(rpl-border-router.o)
 *fill*         0x000000000004e7a9        0x7 
 .rodata        0x000000000004e7b0       0x58 build/cooja/contiki-ng-cooja.a(orchestra.o)
 .rodata        0x000000000004e808       0xdc build/cooja/contiki-ng-cooja.a(coap-engine.o)
 *fill*         0x000000000004e8e4        0x4 
 .rodata        0x000000000004e8e8       0x9f build/cooja/contiki-ng-cooja.a(coap-observe.o)
 .rodata        0x000000000004e987       0x19 build/cooja/contiki-ng-cooja.a(coap-res-well-known-core.o)
 .rodata        0x000000000004e9a0      0x112 build/cooja/contiki-ng-cooja.a(coap-uip.o)
 *fill*         0x000000000004eab2        0x6 
 .rodata        0x000000000004eab8      0x2f0 build/cooja/contiki-ng-cooja.a(coap.o)
 .rodata        0x000000000004eda8        0xc build/cooja/contiki-ng-cooja.a(slip.o)
 *fill*         0x000000000004edb4        0x4 
 .rodata        0x000000000004edb8       0xf0 build/cooja/contiki-ng-cooja.a(tsch-packet.o)
 .rodata        0x000000000004eea8       0x7d build/cooja/contiki-ng-cooja.a(tsch-queue.o)
 .rodata        0x000000000004ef25       0x58 build/cooja/contiki-ng-cooja.a(tsch-roots.o)
 .rodata        0x000000000004ef7d        0xd build/cooja/contiki-ng-cooja.a(tsch-rpl.o)
 *fill*         0x000000000004ef8a        0x6 
 .rodata        0x000000000004ef90      0x217 build/cooja/contiki-ng-cooja.a(tsch-schedule.o)
 .rodata        0x000000000004f1a7       0x3d build/cooja/contiki-ng-cooja.a(tsch-slot-operation.o)
 *fill*         0x000000000004f1e4        0xc 
 .rodata        0x000000000004f1f0       0x18 build/cooja/contiki-ng-cooja.a(tsch-timeslot-timing.o)
                0x000000000004f1f0                tsch_timeslot_timing_us_10000
 .rodata        0x000000000004f208       0x52 build/cooja/contiki-ng-cooja.a(uip-sr.o)
 *fill*         0x000000000004f25a        0x6 
 .rodata        0x000000000004f260      0x2e5 build/cooja/contiki-ng-cooja.a(rpl-ext-header.o)
 .rodata        0x000000000004f545       0x80 build/cooja/contiki-ng-cooja.a(border-router-embedded.o)
 .rodata        0x000000000004f5c5        0xf build/cooja/contiki-ng-cooja.a(orchestra-rule-default-common.o)
 .rodata        0x000000000004f5d4       0x13 build/cooja/contiki-ng-cooja.a(orchestra-rule-eb-per-time-source.o)
 .rodata        0x000000000004f5e7       0x1d build/cooja/contiki-ng-cooja.a(orchestra-rule-unicast-per-neighbor-rpl-storing.o)
 .rodata        0x000000000004f604       0x13 build/cooja/contiki-ng-cooja.a(coap-timer-default.o)
 *fill*         0x000000000004f617        0x1 
 .rodata        0x000000000004f618       0xb1 build/cooja/contiki-ng-cooja.a(orchestra-rule-special-for-root.o)
 *fill*         0x000000000004f6c9       0x17 
 .rodata        0x000000000004f6e0      0x100 build/cooja/contiki-ng-cooja.a(aes-128.o)

.rodata1
 *(.rodata1)

.eh_frame_hdr   0x000000000004f7e0     0x2244
 *(.eh_frame_hdr)
 .eh_frame_hdr  0x000000000004f7e0     0x2244 coap-server.o
                0x000000000004f7e0                __GNU_EH_FRAME_HDR
 *(.eh_frame_entry .eh_frame_entry.*)

.eh_frame       0x0000000000051a28     0x89f4
 *(.eh_frame)
 .eh_frame      0x0000000000051a28       0x40 /usr/lib/gcc/x86_64-linux-gnu/11/../../../x86_64-linux-gnu/crti.o
 .eh_frame      0x0000000000051a68       0x18 /usr/lib/gcc/x86_64-linux-gnu/11/../../../x86_64-linux-gnu/crti.o
                                         0x30 (size before relaxing)
 .eh_frame      0x0000000000051a80       0x18 /usr/lib/gcc/x86_64-linux-gnu/11/../../../x86_64-linux-gnu/crti.o
                                         0x30 (size before relaxing)
 .eh_frame      0x0000000000051a98       0x68 coap-server.o
                                         0x80 (size before relaxing)
 .eh_frame      0x0000000000051b00      0x198 build/cooja/mtype758038999.o
                                        0x1b0 (size before relaxing)
 .eh_frame      0x0000000000051c98       0x40 build/cooja/contiki-ng-cooja.a(simEnvChange.o)
                                         0x58 (size before relaxing)
 .eh_frame      0x0000000000051cd8       0x60 build/cooja/contiki-ng-cooja.a(cooja_mt.o)
                                         0x78 (size before relaxing)
 .eh_frame      0x0000000000051d38       0x80 build/cooja/contiki-ng-cooja.a(cooja_mtarch.o)
                                         0x98 (size before relaxing)
 .eh_frame      0x0000000000051db8       0xc0 build/cooja/contiki-ng-cooja.a(rtimer-arch.o)
                                         0xd8 (size before relaxing)
 .eh_frame      0x0000000000051e78      0x160 build/cooja/contiki-ng-cooja.a(beep.o)
                                        0x178 (size before relaxing)
 .eh_frame      0x0000000000051fd8       0x80 build/cooja/contiki-ng-cooja.a(leds-arch.o)
                                         0x98 (size before relaxing)
 .eh_frame      0x0000000000052058       0x40 build/cooja/contiki-ng-cooja.a(moteid.o)
                                         0x58 (size before relaxing)
 .eh_frame      0x0000000000052098       0xa0 build/cooja/contiki-ng-cooja.a(pir-sensor.o)
                                         0xb8 (size before relaxing)
 .eh_frame      0x0000000000052138      0x100 build/cooja/contiki-ng-cooja.a(rs232.o)
                                        0x118 (size before relaxing)
 .eh_frame      0x0000000000052238       0xa0 build/cooja/contiki-ng-cooja.a(vib-sensor.o)
                                         0xb8 (size before relaxing)
 .eh_frame      0x00000000000522d8       0xc0 build/cooja/contiki-ng-cooja.a(clock.o)
                                         0xd8 (size before relaxing)
 .eh_frame      0x0000000000052398      0x100 build/cooja/contiki-ng-cooja.a(cooja-log.o)
                                        0x118 (size before relaxing)
 .eh_frame      0x0000000000052498      0x160 build/cooja/contiki-ng-cooja.a(cfs-cooja.o)
                                        0x178 (size before relaxing)
 .eh_frame      0x00000000000525f8      0x3c0 build/cooja/contiki-ng-cooja.a(cooja-radio.o)
                                        0x3d8 (size before relaxing)
 .eh_frame      0x00000000000529b8       0xa0 build/cooja/contiki-ng-cooja.a(eeprom.o)
                                         0xb8 (size before relaxing)
 .eh_frame      0x0000000000052a58       0x40 build/cooja/contiki-ng-cooja.a(random.o)
                                         0x58 (size before relaxing)
 .eh_frame      0x0000000000052a98       0xc0 build/cooja/contiki-ng-cooja.a(sensors.o)
                                         0xd8 (size before relaxing)
 .eh_frame      0x0000000000052b58      0x120 build/cooja/contiki-ng-cooja.a(leds.o)
                                        0x138 (size before relaxing)
 .eh_frame      0x0000000000052c78      0x220 build/cooja/contiki-ng-cooja.a(gpio-hal-arch.o)
                                        0x238 (size before relaxing)
 .eh_frame      0x0000000000052e98       0xa0 build/cooja/contiki-ng-cooja.a(buttons.o)
                                         0xb8 (size before relaxing)
 .eh_frame      0x0000000000052f38       0x20 build/cooja/contiki-ng-cooja.a(contiki-main.o)
                                         0x38 (size before relaxing)
 .eh_frame      0x0000000000052f58       0x40 build/cooja/contiki-ng-cooja.a(autostart.o)
                                         0x58 (size before relaxing)
 .eh_frame      0x0000000000052f98      0x100 build/cooja/contiki-ng-cooja.a(ctimer.o)
                                        0x118 (size before relaxing)
 .eh_frame      0x0000000000053098       0xa0 build/cooja/contiki-ng-cooja.a(energest.o)
                                         0xb8 (size before relaxing)
 .eh_frame      0x0000000000053138      0x1e0 build/cooja/contiki-ng-cooja.a(etimer.o)
                                        0x1f8 (size before relaxing)
 .eh_frame      0x0000000000053318      0x120 build/cooja/contiki-ng-cooja.a(log.o)
                                        0x138 (size before relaxing)
 .eh_frame      0x0000000000053438       0x20 build/cooja/contiki-ng-cooja.a(node-id.o)
                                         0x38 (size before relaxing)
 .eh_frame      0x0000000000053458      0x1c8 build/cooja/contiki-ng-cooja.a(process.o)
                                        0x1e0 (size before relaxing)
 .eh_frame      0x0000000000053620       0x60 build/cooja/contiki-ng-cooja.a(rtimer.o)
                                         0x78 (size before relaxing)
 .eh_frame      0x0000000000053680       0xa0 build/cooja/contiki-ng-cooja.a(timer.o)
                                         0xb8 (size before relaxing)
 .eh_frame      0x0000000000053720      0x1a0 build/cooja/contiki-ng-cooja.a(list.o)
                                        0x1b8 (size before relaxing)
 .eh_frame      0x00000000000538c0      0x160 build/cooja/contiki-ng-cooja.a(button-hal.o)
                                        0x178 (size before relaxing)
 .eh_frame      0x0000000000053a20       0xe0 build/cooja/contiki-ng-cooja.a(gpio-hal.o)
                                         0xf8 (size before relaxing)
 .eh_frame      0x0000000000053b00       0x60 build/cooja/contiki-ng-cooja.a(serial-line.o)
                                         0x78 (size before relaxing)
 .eh_frame      0x0000000000053b60       0x60 build/cooja/contiki-ng-cooja.a(linkaddr.o)
                                         0x78 (size before relaxing)
 .eh_frame      0x0000000000053bc0       0x80 build/cooja/contiki-ng-cooja.a(netstack.o)
                                         0x98 (size before relaxing)
 .eh_frame      0x0000000000053c40      0x368 build/cooja/contiki-ng-cooja.a(packetbuf.o)
                                        0x380 (size before relaxing)
 .eh_frame      0x0000000000053fa8      0x1a0 build/cooja/contiki-ng-cooja.a(queuebuf.o)
                                        0x1b8 (size before relaxing)
 .eh_frame      0x0000000000054148       0x40 build/cooja/contiki-ng-cooja.a(printf.o)
                                         0x58 (size before relaxing)
 .eh_frame      0x0000000000054188       0x20 build/cooja/contiki-ng-cooja.a(putchar.o)
                                         0x38 (size before relaxing)
 .eh_frame      0x00000000000541a8       0x20 build/cooja/contiki-ng-cooja.a(puts.o)
                                         0x38 (size before relaxing)
 .eh_frame      0x00000000000541c8       0x60 build/cooja/contiki-ng-cooja.a(snprintf.o)
                                         0x78 (size before relaxing)
 .eh_frame      0x0000000000054228      0x120 build/cooja/contiki-ng-cooja.a(strformat.o)
                                        0x138 (size before relaxing)
 .eh_frame      0x0000000000054348      0x400 build/cooja/contiki-ng-cooja.a(tsch.o)
                                        0x418 (size before relaxing)
 .eh_frame      0x0000000000054748      0x2e8 build/cooja/contiki-ng-cooja.a(sicslowpan.o)
                                        0x300 (size before relaxing)
 .eh_frame      0x0000000000054a30      0x248 build/cooja/contiki-ng-cooja.a(tcpip.o)
                                        0x260 (size before relaxing)
 .eh_frame      0x0000000000054c78      0x1c0 build/cooja/contiki-ng-cooja.a(uip-ds6-nbr.o)
                                        0x1d8 (size before relaxing)
 .eh_frame      0x0000000000054e38      0x300 build/cooja/contiki-ng-cooja.a(uip-ds6-route.o)
                                        0x318 (size before relaxing)
 .eh_frame      0x0000000000055138      0x328 build/cooja/contiki-ng-cooja.a(uip-ds6.o)
                                        0x340 (size before relaxing)
 .eh_frame      0x0000000000055460      0x148 build/cooja/contiki-ng-cooja.a(uip-icmp6.o)
                                        0x160 (size before relaxing)
 .eh_frame      0x00000000000555a8       0xe0 build/cooja/contiki-ng-cooja.a(uip-packetqueue.o)
                                         0xf8 (size before relaxing)
 .eh_frame      0x0000000000055688      0x1e8 build/cooja/contiki-ng-cooja.a(uip6.o)
                                        0x200 (size before relaxing)
 .eh_frame      0x0000000000055870      0x2a0 build/cooja/contiki-ng-cooja.a(uipbuf.o)
                                        0x2b8 (size before relaxing)
 .eh_frame      0x0000000000055b10       0x80 build/cooja/contiki-ng-cooja.a(uiplib.o)
                                         0x98 (size before relaxing)
 .eh_frame      0x0000000000055b90       0xa0 build/cooja/contiki-ng-cooja.a(rpl-dag-root.o)
                                         0xb8 (size before relaxing)
 .eh_frame      0x0000000000055c30      0x768 build/cooja/contiki-ng-cooja.a(rpl-dag.o)
                                        0x780 (size before relaxing)
 .eh_frame      0x0000000000056398      0x288 build/cooja/contiki-ng-cooja.a(rpl-icmp6.o)
                                        0x2a0 (size before relaxing)
 .eh_frame      0x0000000000056620      0x128 build/cooja/contiki-ng-cooja.a(rpl-mrhof.o)
                                        0x140 (size before relaxing)
 .eh_frame      0x0000000000056748      0x150 build/cooja/contiki-ng-cooja.a(rpl-of0.o)
                                        0x168 (size before relaxing)
 .eh_frame      0x0000000000056898      0x1a8 build/cooja/contiki-ng-cooja.a(rpl-timers.o)
                                        0x1c0 (size before relaxing)
 .eh_frame      0x0000000000056a40      0x240 build/cooja/contiki-ng-cooja.a(rpl.o)
                                        0x258 (size before relaxing)
 .eh_frame      0x0000000000056c80       0x80 build/cooja/contiki-ng-cooja.a(slip-bridge.o)
                                         0x98 (size before relaxing)
 .eh_frame      0x0000000000056d00       0xa0 build/cooja/contiki-ng-cooja.a(watchdog.o)
                                         0xb8 (size before relaxing)
 .eh_frame      0x0000000000056da0       0x80 build/cooja/contiki-ng-cooja.a(int-master.o)
                                         0x98 (size before relaxing)
 .eh_frame      0x0000000000056e20       0x20 build/cooja/contiki-ng-cooja.a(slip-arch.o)
                                         0x38 (size before relaxing)
 .eh_frame      0x0000000000056e40       0x60 build/cooja/contiki-ng-cooja.a(rpl-border-router.o)
                                         0x78 (size before relaxing)
 .eh_frame      0x0000000000056ea0      0x120 build/cooja/contiki-ng-cooja.a(orchestra.o)
                                        0x138 (size before relaxing)
 .eh_frame      0x0000000000056fc0      0x220 build/cooja/contiki-ng-cooja.a(coap-engine.o)
                                        0x238 (size before relaxing)
 .eh_frame      0x00000000000571e0      0x1c8 build/cooja/contiki-ng-cooja.a(coap-observe-client.o)
                                        0x1e0 (size before relaxing)
 .eh_frame      0x00000000000573a8      0x190 build/cooja/contiki-ng-cooja.a(coap-observe.o)
                                        0x1a8 (size before relaxing)
 .eh_frame      0x0000000000057538       0x20 build/cooja/contiki-ng-cooja.a(coap-res-well-known-core.o)
                                         0x38 (size before relaxing)
 .eh_frame      0x0000000000057558      0x108 build/cooja/contiki-ng-cooja.a(coap-timer.o)
                                        0x120 (size before relaxing)
 .eh_frame      0x0000000000057660      0x100 build/cooja/contiki-ng-cooja.a(coap-transactions.o)
                                        0x118 (size before relaxing)
 .eh_frame      0x0000000000057760      0x248 build/cooja/contiki-ng-cooja.a(coap-uip.o)
                                        0x260 (size before relaxing)
 .eh_frame      0x00000000000579a8      0x6e8 build/cooja/contiki-ng-cooja.a(coap.o)
                                        0x700 (size before relaxing)
 .eh_frame      0x0000000000058090       0xc0 build/cooja/contiki-ng-cooja.a(stimer.o)
                                         0xd8 (size before relaxing)
 .eh_frame      0x0000000000058150       0xa0 build/cooja/contiki-ng-cooja.a(memb.o)
                                         0xb8 (size before relaxing)
 .eh_frame      0x00000000000581f0       0xa0 build/cooja/contiki-ng-cooja.a(ringbuf.o)
                                         0xb8 (size before relaxing)
 .eh_frame      0x0000000000058290      0x120 build/cooja/contiki-ng-cooja.a(ringbufindex.o)
                                        0x138 (size before relaxing)
 .eh_frame      0x00000000000583b0       0xe0 build/cooja/contiki-ng-cooja.a(slip.o)
                                         0xf8 (size before relaxing)
 .eh_frame      0x0000000000058490      0x120 build/cooja/contiki-ng-cooja.a(link-stats.o)
                                        0x138 (size before relaxing)
 .eh_frame      0x00000000000585b0      0x3e0 build/cooja/contiki-ng-cooja.a(nbr-table.o)
                                        0x3f8 (size before relaxing)
 .eh_frame      0x0000000000058990       0x48 build/cooja/contiki-ng-cooja.a(mac-sequence.o)
                                         0x60 (size before relaxing)
 .eh_frame      0x00000000000589d8       0x20 build/cooja/contiki-ng-cooja.a(mac.o)
                                         0x38 (size before relaxing)
 .eh_frame      0x00000000000589f8      0x1a8 build/cooja/contiki-ng-cooja.a(frame802154.o)
                                        0x1c0 (size before relaxing)
 .eh_frame      0x0000000000058ba0      0x280 build/cooja/contiki-ng-cooja.a(frame802154e-ie.o)
                                        0x298 (size before relaxing)
 .eh_frame      0x0000000000058e20       0xa8 build/cooja/contiki-ng-cooja.a(framer-802154.o)
                                         0xc0 (size before relaxing)
 .eh_frame      0x0000000000058ec8       0xe0 build/cooja/contiki-ng-cooja.a(tsch-adaptive-timesync.o)
                                         0xf8 (size before relaxing)
 .eh_frame      0x0000000000058fa8      0x128 build/cooja/contiki-ng-cooja.a(tsch-packet.o)
                                        0x140 (size before relaxing)
 .eh_frame      0x00000000000590d0      0x328 build/cooja/contiki-ng-cooja.a(tsch-queue.o)
                                        0x340 (size before relaxing)
 .eh_frame      0x00000000000593f8       0xa0 build/cooja/contiki-ng-cooja.a(tsch-roots.o)
                                         0xb8 (size before relaxing)
 .eh_frame      0x0000000000059498       0xc0 build/cooja/contiki-ng-cooja.a(tsch-rpl.o)
                                         0xd8 (size before relaxing)
 .eh_frame      0x0000000000059558      0x250 build/cooja/contiki-ng-cooja.a(tsch-schedule.o)
                                        0x268 (size before relaxing)
 .eh_frame      0x00000000000597a8       0xc0 build/cooja/contiki-ng-cooja.a(tsch-security.o)
                                         0xd8 (size before relaxing)
 .eh_frame      0x0000000000059868      0x2a8 build/cooja/contiki-ng-cooja.a(tsch-slot-operation.o)
                                        0x2c0 (size before relaxing)
 .eh_frame      0x0000000000059b10       0x80 build/cooja/contiki-ng-cooja.a(uip-nd6.o)
                                         0x98 (size before relaxing)
 .eh_frame      0x0000000000059b90      0x180 build/cooja/contiki-ng-cooja.a(uip-sr.o)
                                        0x198 (size before relaxing)
 .eh_frame      0x0000000000059d10       0x40 build/cooja/contiki-ng-cooja.a(uip-udp-packet.o)
                                         0x58 (size before relaxing)
 .eh_frame      0x0000000000059d50      0x128 build/cooja/contiki-ng-cooja.a(rpl-ext-header.o)
                                        0x140 (size before relaxing)
 .eh_frame      0x0000000000059e78       0xa0 build/cooja/contiki-ng-cooja.a(rpl-nbr-policy.o)
                                         0xb8 (size before relaxing)
 .eh_frame      0x0000000000059f18       0x20 build/cooja/contiki-ng-cooja.a(border-router-embedded.o)
                                         0x38 (size before relaxing)
 .eh_frame      0x0000000000059f38       0x40 build/cooja/contiki-ng-cooja.a(orchestra-rule-default-common.o)
                                         0x58 (size before relaxing)
 .eh_frame      0x0000000000059f78       0x80 build/cooja/contiki-ng-cooja.a(orchestra-rule-eb-per-time-source.o)
                                         0x98 (size before relaxing)
 .eh_frame      0x0000000000059ff8      0x160 build/cooja/contiki-ng-cooja.a(orchestra-rule-unicast-per-neighbor-rpl-storing.o)
                                        0x178 (size before relaxing)
 .eh_frame      0x000000000005a158       0xa0 build/cooja/contiki-ng-cooja.a(coap-timer-default.o)
                                         0xb8 (size before relaxing)
 .eh_frame      0x000000000005a1f8       0xc0 build/cooja/contiki-ng-cooja.a(ccm-star.o)
                                         0xd8 (size before relaxing)
 .eh_frame      0x000000000005a2b8      0x100 build/cooja/contiki-ng-cooja.a(orchestra-rule-special-for-root.o)
                                        0x118 (size before relaxing)
 .eh_frame      0x000000000005a3b8       0x60 build/cooja/contiki-ng-cooja.a(aes-128.o)
                                         0x78 (size before relaxing)
 .eh_frame      0x000000000005a418        0x4 /usr/lib/gcc/x86_64-linux-gnu/11/crtendS.o
 *(.eh_frame.*)

.gcc_except_table
 *(.gcc_except_table .gcc_except_table.*)

.gnu_extab
 *(.gnu_extab*)

.exception_ranges
 *(.exception_ranges*)
                0x000000000005b4b0                . = DATA_SEGMENT_ALIGN (CONSTANT (MAXPAGESIZE), CONSTANT (COMMONPAGESIZE))

.eh_frame
 *(.eh_frame)
 *(.eh_frame.*)

.gnu_extab
 *(.gnu_extab)

.gcc_except_table
 *(.gcc_except_table .gcc_except_table.*)

.exception_ranges
 *(.exception_ranges*)

.tdata
 *(.tdata .tdata.* .gnu.linkonce.td.*)

.tbss
 *(.tbss .tbss.* .gnu.linkonce.tb.*)
 *(.tcommon)

.preinit_array
 *(.preinit_array)

.init_array     0x000000000005b4b0        0x8
 *(SORT_BY_INIT_PRIORITY(.init_array.*) SORT_BY_INIT_PRIORITY(.ctors.*))
 *(.init_array EXCLUDE_FILE(*crtend?.o *crtend.o *crtbegin?.o *crtbegin.o) .ctors)
 .init_array    0x000000000005b4b0        0x8 /usr/lib/gcc/x86_64-linux-gnu/11/crtbeginS.o

.fini_array     0x000000000005b4b8        0x8
 *(SORT_BY_INIT_PRIORITY(.fini_array.*) SORT_BY_INIT_PRIORITY(.dtors.*))
 *(.fini_array EXCLUDE_FILE(*crtend?.o *crtend.o *crtbegin?.o *crtbegin.o) .dtors)
 .fini_array    0x000000000005b4b8        0x8 /usr/lib/gcc/x86_64-linux-gnu/11/crtbeginS.o

.ctors
 *crtbegin.o(.ctors)
 *crtbegin?.o(.ctors)
 *(EXCLUDE_FILE(*crtend?.o *crtend.o) .ctors)
 *(SORT_BY_NAME(.ctors.*))
 *(.ctors)

.dtors
 *crtbegin.o(.dtors)
 *crtbegin?.o(.dtors)
 *(EXCLUDE_FILE(*crtend?.o *crtend.o) .dtors)