Archive member included to satisfy reference by file (symbol)

build/cooja/contiki-ng-cooja.a(simEnvChange.o)
                              build/cooja/mtype217737447.o (simDontFallAsleep)
build/cooja/contiki-ng-cooja.a(cooja_mt.o)
                              build/cooja/mtype217737447.o (cooja_mt_start)
build/cooja/contiki-ng-cooja.a(cooja_mtarch.o)
                              build/cooja/contiki-ng-cooja.a(cooja_mt.o) (cooja_mtarch_start)
build/cooja/contiki-ng-cooja.a(rtimer-arch.o)
                              build/cooja/mtype217737447.o (rtimer_arch_check)
build/cooja/contiki-ng-cooja.a(beep.o)
                              build/cooja/mtype217737447.o (beep_interface)
build/cooja/contiki-ng-cooja.a(leds-arch.o)
                              build/cooja/mtype217737447.o (leds_interface)
build/cooja/contiki-ng-cooja.a(moteid.o)
                              build/cooja/mtype217737447.o (moteid_interface)
build/cooja/contiki-ng-cooja.a(pir-sensor.o)
                              build/cooja/mtype217737447.o (pir_interface)
build/cooja/contiki-ng-cooja.a(rs232.o)
                              build/cooja/mtype217737447.o (rs232_interface)
build/cooja/contiki-ng-cooja.a(vib-sensor.o)
                              build/cooja/mtype217737447.o (vib_interface)
build/cooja/contiki-ng-cooja.a(clock.o)
                              build/cooja/mtype217737447.o (clock_interface)
build/cooja/contiki-ng-cooja.a(cooja-log.o)
                              build/cooja/mtype217737447.o (simlog_interface)
build/cooja/contiki-ng-cooja.a(cfs-cooja.o)
                              build/cooja/mtype217737447.o (cfs_interface)
build/cooja/contiki-ng-cooja.a(cooja-radio.o)
                              build/cooja/mtype217737447.o (radio_interface)
build/cooja/contiki-ng-cooja.a(eeprom.o)
                              build/cooja/mtype217737447.o (eeprom_interface)
build/cooja/contiki-ng-cooja.a(random.o)
                              build/cooja/contiki-ng-cooja.a(moteid.o) (random_init)
build/cooja/contiki-ng-cooja.a(sensors.o)
                              build/cooja/contiki-ng-cooja.a(pir-sensor.o) (sensors_changed)
build/cooja/contiki-ng-cooja.a(leds.o)
                              build/cooja/contiki-ng-cooja.a(leds-arch.o) (leds_get)
build/cooja/contiki-ng-cooja.a(gpio-hal-arch.o)
                              build/cooja/contiki-ng-cooja.a(leds-arch.o) (gpio_hal_arch_register_pin_callback)
build/cooja/contiki-ng-cooja.a(buttons.o)
                              build/cooja/mtype217737447.o (button_interface)
build/cooja/contiki-ng-cooja.a(coap-blocking-api.o)
                              coap-client.o (coap_blocking_request)
build/cooja/contiki-ng-cooja.a(coap-transactions.o)
                              build/cooja/contiki-ng-cooja.a(coap-blocking-api.o) (coap_send_transaction)
build/cooja/contiki-ng-cooja.a(coap-uip.o)
                              build/cooja/contiki-ng-cooja.a(coap-transactions.o) (coap_endpoint_copy)
build/cooja/contiki-ng-cooja.a(coap.o)
                              build/cooja/contiki-ng-cooja.a(coap-blocking-api.o) (coap_get_mid)
build/cooja/contiki-ng-cooja.a(contiki-main.o)
                              build/cooja/mtype217737447.o (main)
build/cooja/contiki-ng-cooja.a(autostart.o)
                              build/cooja/contiki-ng-cooja.a(contiki-main.o) (autostart_start)
build/cooja/contiki-ng-cooja.a(ctimer.o)
                              build/cooja/contiki-ng-cooja.a(contiki-main.o) (ctimer_init)
build/cooja/contiki-ng-cooja.a(energest.o)
                              build/cooja/contiki-ng-cooja.a(contiki-main.o) (energest_init)
build/cooja/contiki-ng-cooja.a(etimer.o)
                              build/cooja/contiki-ng-cooja.a(contiki-main.o) (etimer_process)
build/cooja/contiki-ng-cooja.a(log.o)
                              build/cooja/contiki-ng-cooja.a(contiki-main.o) (curr_log_level_main)
build/cooja/contiki-ng-cooja.a(node-id.o)
                              coap-client.o (node_id)
build/cooja/contiki-ng-cooja.a(process.o)
                              build/cooja/contiki-ng-cooja.a(coap-blocking-api.o) (process_current)
build/cooja/contiki-ng-cooja.a(rtimer.o)
                              build/cooja/contiki-ng-cooja.a(contiki-main.o) (rtimer_init)
build/cooja/contiki-ng-cooja.a(timer.o)
                              build/cooja/contiki-ng-cooja.a(etimer.o) (timer_set)
build/cooja/contiki-ng-cooja.a(list.o)
                              build/cooja/contiki-ng-cooja.a(ctimer.o) (list_init)
build/cooja/contiki-ng-cooja.a(memb.o)
                              build/cooja/contiki-ng-cooja.a(coap-transactions.o) (memb_alloc)
build/cooja/contiki-ng-cooja.a(button-hal.o)
                              build/cooja/mtype217737447.o (button_hal_init)
build/cooja/contiki-ng-cooja.a(gpio-hal.o)
                              build/cooja/contiki-ng-cooja.a(button-hal.o) (gpio_hal_register_handler)
build/cooja/contiki-ng-cooja.a(serial-line.o)
[...]
Memory Configuration

Name             Origin             Length             Attributes
*default*        0x0000000000000000 0xffffffffffffffff

Linker script and memory map

LOAD /usr/lib/gcc/x86_64-linux-gnu/11/../../../x86_64-linux-gnu/crti.o
LOAD /usr/lib/gcc/x86_64-linux-gnu/11/crtbeginS.o
LOAD coap-client.o
LOAD build/cooja/mtype217737447.o
LOAD build/cooja/contiki-ng-cooja.a
LOAD /usr/lib/gcc/x86_64-linux-gnu/11/libgcc.a
LOAD /usr/lib/gcc/x86_64-linux-gnu/11/libgcc_s.so
START GROUP
LOAD /usr/lib/gcc/x86_64-linux-gnu/11/../../../x86_64-linux-gnu/libgcc_s.so.1
LOAD /usr/lib/gcc/x86_64-linux-gnu/11/libgcc.a
END GROUP
LOAD /usr/lib/gcc/x86_64-linux-gnu/11/../../../x86_64-linux-gnu/libc.so
START GROUP
LOAD /lib/x86_64-linux-gnu/libc.so.6
LOAD /usr/lib/x86_64-linux-gnu/libc_nonshared.a
LOAD /lib64/ld-linux-x86-64.so.2
END GROUP
LOAD /usr/lib/gcc/x86_64-linux-gnu/11/libgcc.a
LOAD /usr/lib/gcc/x86_64-linux-gnu/11/libgcc_s.so
START GROUP
LOAD /usr/lib/gcc/x86_64-linux-gnu/11/../../../x86_64-linux-gnu/libgcc_s.so.1
LOAD /usr/lib/gcc/x86_64-linux-gnu/11/libgcc.a
END GROUP
LOAD /usr/lib/gcc/x86_64-linux-gnu/11/crtendS.o
LOAD /usr/lib/gcc/x86_64-linux-gnu/11/../../../x86_64-linux-gnu/crtn.o
                0x00000000000002a8                . = (SEGMENT_START ("text-segment", 0x0) + SIZEOF_HEADERS)

.note.gnu.property
                0x00000000000002a8       0x20
 .note.gnu.property
                0x00000000000002a8       0x20 /usr/lib/gcc/x86_64-linux-gnu/11/../../../x86_64-linux-gnu/crti.o

.note.gnu.build-id
                0x00000000000002c8       0x24
 *(.note.gnu.build-id)
 .note.gnu.build-id
                0x00000000000002c8       0x24 /usr/lib/gcc/x86_64-linux-gnu/11/../../../x86_64-linux-gnu/crti.o

.hash
 *(.hash)

.gnu.hash       0x00000000000002f0     0x1a70
 *(.gnu.hash)
 .gnu.hash      0x00000000000002f0     0x1a70 /usr/lib/gcc/x86_64-linux-gnu/11/../../../x86_64-linux-gnu/crti.o

.dynsym         0x0000000000001d60     0x5718
 *(.dynsym)
 .dynsym        0x0000000000001d60     0x5718 /usr/lib/gcc/x86_64-linux-gnu/11/../../../x86_64-linux-gnu/crti.o

.dynstr         0x0000000000007478     0x46d7
 *(.dynstr)
 .dynstr        0x0000000000007478     0x46d7 /usr/lib/gcc/x86_64-linux-gnu/11/../../../x86_64-linux-gnu/crti.o

.gnu.version    0x000000000000bb50      0x742
 *(.gnu.version)
 .gnu.version   0x000000000000bb50      0x742 /usr/lib/gcc/x86_64-linux-gnu/11/../../../x86_64-linux-gnu/crti.o

.gnu.version_d  0x000000000000c298        0x0
 *(.gnu.version_d)
 .gnu.version_d
                0x000000000000c298        0x0 /usr/lib/gcc/x86_64-linux-gnu/11/../../../x86_64-linux-gnu/crti.o

.gnu.version_r  0x000000000000c298       0x40
 *(.gnu.version_r)
 .gnu.version_r
                0x000000000000c298       0x40 /usr/lib/gcc/x86_64-linux-gnu/11/../../../x86_64-linux-gnu/crti.o

.rela.dyn       0x000000000000c2d8     0x2a90
 *(.rela.init)
 *(.rela.text .rela.text.* .rela.gnu.linkonce.t.*)
 .rela.text     0x000000000000c2d8        0x0 /usr/lib/gcc/x86_64-linux-gnu/11/../../../x86_64-linux-gnu/crti.o
 *(.rela.fini)
 *(.rela.rodata .rela.rodata.* .rela.gnu.linkonce.r.*)
 *(.rela.data .rela.data.* .rela.gnu.linkonce.d.*)
 .rela.data.rel.local
                0x000000000000c2d8      0xd20 /usr/lib/gcc/x86_64-linux-gnu/11/../../../x86_64-linux-gnu/crti.o
 .rela.data.rel.ro
                0x000000000000cff8      0x2a0 /usr/lib/gcc/x86_64-linux-gnu/11/../../../x86_64-linux-gnu/crti.o
 .rela.data.rel
                0x000000000000d298      0x3f0 /usr/lib/gcc/x86_64-linux-gnu/11/../../../x86_64-linux-gnu/crti.o
 .rela.data.rel.ro.local
                0x000000000000d688      0x648 /usr/lib/gcc/x86_64-linux-gnu/11/../../../x86_64-linux-gnu/crti.o
 *(.rela.tdata .rela.tdata.* .rela.gnu.linkonce.td.*)
 *(.rela.tbss .rela.tbss.* .rela.gnu.linkonce.tb.*)
 *(.rela.ctors)
 *(.rela.dtors)
 *(.rela.got)
 .rela.got      0x000000000000dcd0     0x1068 /usr/lib/gcc/x86_64-linux-gnu/11/../../../x86_64-linux-gnu/crti.o
 *(.rela.bss .rela.bss.* .rela.gnu.linkonce.b.*)
 *(.rela.ldata .rela.ldata.* .rela.gnu.linkonce.l.*)
 *(.rela.lbss .rela.lbss.* .rela.gnu.linkonce.lb.*)
 *(.rela.lrodata .rela.lrodata.* .rela.gnu.linkonce.lr.*)
 *(.rela.ifunc)
 .rela.ifunc    0x000000000000ed38        0x0 /usr/lib/gcc/x86_64-linux-gnu/11/../../../x86_64-linux-gnu/crti.o
 .rela.fini_array
                0x000000000000ed38       0x18 /usr/lib/gcc/x86_64-linux-gnu/11/../../../x86_64-linux-gnu/crti.o
 .rela.init_array
                0x000000000000ed50       0x18 /usr/lib/gcc/x86_64-linux-gnu/11/../../../x86_64-linux-gnu/crti.o

.rela.plt       0x000000000000ed68     0x2fb8
 *(.rela.plt)
 .rela.plt      0x000000000000ed68     0x2fb8 /usr/lib/gcc/x86_64-linux-gnu/11/../../../x86_64-linux-gnu/crti.o
 *(.rela.iplt)

.relr.dyn
 *(.relr.dyn)
                0x0000000000012000                . = ALIGN (CONSTANT (MAXPAGESIZE))

.init           0x0000000000012000       0x1b
 *(SORT_NONE(.init))
 .init          0x0000000000012000       0x16 /usr/lib/gcc/x86_64-linux-gnu/11/../../../x86_64-linux-gnu/crti.o
                0x0000000000012000                _init
 .init          0x0000000000012016        0x5 /usr/lib/gcc/x86_64-linux-gnu/11/../../../x86_64-linux-gnu/crtn.o

.plt            0x0000000000012020     0x1fe0
 *(.plt)
 .plt           0x0000000000012020     0x1fe0 /usr/lib/gcc/x86_64-linux-gnu/11/../../../x86_64-linux-gnu/crti.o
 *(.iplt)

.plt.got        0x0000000000014000       0x30
 *(.plt.got)
 .plt.got       0x0000000000014000       0x30 /usr/lib/gcc/x86_64-linux-gnu/11/../../../x86_64-linux-gnu/crti.o

.plt.sec        0x0000000000014030     0x1fd0
 *(.plt.sec)
 .plt.sec       0x0000000000014030     0x1fd0 /usr/lib/gcc/x86_64-linux-gnu/11/../../../x86_64-linux-gnu/crti.o

.text           0x0000000000016000    0x2ceb7
 *(.text.unlikely .text.*_unlikely .text.unlikely.*)
 *(.text.exit .text.exit.*)
 *(.text.startup .text.startup.*)
 *(.text.hot .text.hot.*)
 *(SORT_BY_NAME(.text.sorted.*))
 *(.text .stub .text.* .gnu.linkonce.t.*)
 .text          0x0000000000016000        0x0 /usr/lib/gcc/x86_64-linux-gnu/11/../../../x86_64-linux-gnu/crti.o
 .text          0x0000000000016000       0xb9 /usr/lib/gcc/x86_64-linux-gnu/11/crtbeginS.o
 .text          0x00000000000160b9      0x329 coap-client.o
                0x00000000000160b9                client_chunk_handler
 .text          0x00000000000163e2      0x374 build/cooja/mtype217737447.o
                0x0000000000016498                platform_init_stage_one
                0x00000000000164ad                platform_init_stage_two
                0x00000000000164c2                platform_init_stage_three
                0x00000000000164d7                platform_main_loop
                0x0000000000016571                JNI_OnLoad
                0x0000000000016588                Java_org_contikios_cooja_corecomm_Lib167_init
                0x00000000000165db                Java_org_contikios_cooja_corecomm_Lib167_getMemory
                0x000000000001663a                Java_org_contikios_cooja_corecomm_Lib167_setMemory
                0x0000000000016699                Java_org_contikios_cooja_corecomm_Lib167_tick
                0x0000000000016727                Java_org_contikios_cooja_corecomm_Lib167_setReferenceAddress
 .text          0x0000000000016756       0x93 build/cooja/contiki-ng-cooja.a(simEnvChange.o)
                0x0000000000016756                doActionsBeforeTick
                0x000000000001679f                doActionsAfterTick
 .text          0x00000000000167e9       0xab build/cooja/contiki-ng-cooja.a(cooja_mt.o)
                0x00000000000167e9                cooja_mt_start
                0x0000000000016829                cooja_mt_exec
                0x000000000001686c                cooja_mt_yield
 .text          0x0000000000016894      0x10e build/cooja/contiki-ng-cooja.a(cooja_mtarch.o)
                0x0000000000016894                cooja_mtarch_start
                0x0000000000016937                cooja_sw
                0x0000000000016964                cooja_mtarch_exec
                0x0000000000016992                cooja_mtarch_yield
 .text          0x00000000000169a2       0xcc build/cooja/contiki-ng-cooja.a(rtimer-arch.o)
                0x00000000000169a2                rtimer_arch_init
                0x00000000000169c8                rtimer_arch_schedule
                0x00000000000169f2                rtimer_arch_next
                0x0000000000016a06                rtimer_arch_pending
                0x0000000000016a19                rtimer_arch_check
                0x0000000000016a5a                rtimer_arch_now
 .text          0x0000000000016a6e       0xe6 build/cooja/contiki-ng-cooja.a(beep.o)
                0x0000000000016a6e                beep_alarm
                0x0000000000016a89                beep_beep
                0x0000000000016aa1                beep
                0x0000000000016ab6                beep_down
                0x0000000000016ace                beep_on
                0x0000000000016ae3                beep_off
                0x0000000000016af8                beep_spinup
                0x0000000000016b0d                beep_quick
                0x0000000000016b25                beep_long
 .text          0x0000000000016b54       0x80 build/cooja/contiki-ng-cooja.a(leds-arch.o)
                0x0000000000016b6d                leds_arch_init
 .text          0x0000000000016bd4       0x41 build/cooja/contiki-ng-cooja.a(moteid.o)
 .text          0x0000000000016c15       0xfa build/cooja/contiki-ng-cooja.a(pir-sensor.o)
 .text          0x0000000000016d0f      0x18b build/cooja/contiki-ng-cooja.a(rs232.o)
                0x0000000000016d0f                rs232_init
                0x0000000000016d1a                rs232_set_speed
                0x0000000000016d2a                rs232_set_input
                0x0000000000016d44                rs232_send
                0x0000000000016d63                rs232_print
                0x0000000000016d91                slip_arch_writeb
 .text          0x0000000000016e9a       0xfa build/cooja/contiki-ng-cooja.a(vib-sensor.o)
 .text          0x0000000000016f94       0x6f build/cooja/contiki-ng-cooja.a(clock.o)
                0x0000000000016f94                clock_init
                0x0000000000016f9f                clock_time
                0x0000000000016fb3                clock_seconds
                0x0000000000016fdf                clock_delay
 .text          0x0000000000017003      0x214 build/cooja/contiki-ng-cooja.a(cooja-log.o)
                0x0000000000017003                simlog_char
                0x000000000001705d                simlog
                0x00000000000170e2                log_message
                0x0000000000017127                log_set_putchar_with_slip
                0x000000000001713e                dbg_putchar
                0x00000000000171bf                dbg_send_bytes
 .text          0x0000000000017217      0x39b build/cooja/contiki-ng-cooja.a(cfs-cooja.o)
                0x0000000000017217                cfs_open
                0x0000000000017294                cfs_close
                0x00000000000172a9                cfs_read
                0x0000000000017370                cfs_write
                0x0000000000017480                cfs_seek
                0x000000000001752f                cfs_remove
                0x000000000001755f                cfs_opendir
                0x0000000000017576                cfs_readdir
                0x000000000001758d                cfs_closedir
 .text          0x00000000000175b2      0x771 build/cooja/contiki-ng-cooja.a(cooja-radio.o)
                0x0000000000017611                radio_set_channel
                0x000000000001762b                radio_set_txpower
                0x0000000000017648                radio_signal_strength_last
                0x000000000001765b                radio_signal_strength_current
                0x000000000001766e                radio_LQI
 .text          0x0000000000017d23      0x163 build/cooja/contiki-ng-cooja.a(eeprom.o)
                0x0000000000017d23                eeprom_init
                0x0000000000017d32                eeprom_read
                0x0000000000017dd1                eeprom_write
 .text          0x0000000000017e86       0x2f build/cooja/contiki-ng-cooja.a(random.o)
                0x0000000000017e86                random_init
                0x0000000000017ea6                random_rand
 .text          0x0000000000017eb5      0x35f build/cooja/contiki-ng-cooja.a(sensors.o)
                0x0000000000017efe                sensors_first
                0x0000000000017f12                sensors_next
                0x0000000000017f41                sensors_changed
                0x0000000000017f8e                sensors_find
 .text          0x0000000000018214      0x3ad build/cooja/contiki-ng-cooja.a(leds.o)
                0x0000000000018214                leds_init
                0x000000000001825f                leds_single_on
                0x00000000000182cc                leds_single_off
                0x0000000000018339                leds_single_toggle
                0x0000000000018371                leds_on
                0x0000000000018402                leds_off
                0x0000000000018493                leds_toggle
                0x00000000000184ef                leds_set
                0x0000000000018518                leds_get
 .text          0x00000000000185c1      0x41b build/cooja/contiki-ng-cooja.a(gpio-hal-arch.o)
                0x00000000000185c1                gpio_hal_arch_register_pin_callback
                0x0000000000018668                gpio_hal_arch_init
                0x00000000000186be                gpio_hal_arch_no_port_interrupt_enable
                0x000000000001870b                gpio_hal_arch_no_port_interrupt_disable
                0x0000000000018758                gpio_hal_arch_no_port_pin_cfg_set
                0x000000000001878e                gpio_hal_arch_no_port_pin_cfg_get
                0x00000000000187c2                gpio_hal_arch_no_port_pin_set_input
                0x00000000000187d5                gpio_hal_arch_no_port_pin_set_output
                0x00000000000187e8                gpio_hal_arch_no_port_set_pin
                0x000000000001880c                gpio_hal_arch_no_port_clear_pin
                0x0000000000018830                gpio_hal_arch_no_port_read_pin
                0x000000000001885d                gpio_hal_arch_no_port_write_pin
                0x0000000000018887                gpio_hal_arch_no_port_set_pins
                0x00000000000188d6                gpio_hal_arch_no_port_clear_pins
                0x0000000000018925                gpio_hal_arch_no_port_read_pins
                0x0000000000018973                gpio_hal_arch_no_port_write_pins
 .text          0x00000000000189dc       0xa8 build/cooja/contiki-ng-cooja.a(buttons.o)
 .text          0x0000000000018a84      0x2e0 build/cooja/contiki-ng-cooja.a(coap-blocking-api.o)
                0x0000000000018a84                coap_blocking_request_callback
                0x0000000000018abf                coap_blocking_request
 .text          0x0000000000018d64      0x33a build/cooja/contiki-ng-cooja.a(coap-transactions.o)
                0x0000000000018df6                coap_new_transaction
                0x0000000000018e6d                coap_send_transaction
                0x0000000000018fec                coap_clear_transaction
                0x0000000000019042                coap_get_transaction_by_mid
 .text          0x000000000001909e      0x8b4 build/cooja/contiki-ng-cooja.a(coap-uip.o)
                0x000000000001909e                coap_endpoint_log
                0x000000000001913a                coap_endpoint_print
                0x00000000000191d6                coap_endpoint_snprint
                0x000000000001935c                coap_endpoint_copy
                0x00000000000193a4                coap_endpoint_cmp
                0x00000000000194f9                coap_endpoint_parse
                0x0000000000019728                coap_endpoint_is_secure
                0x0000000000019741                coap_endpoint_is_connected
                0x0000000000019787                coap_endpoint_connect
                0x00000000000197ad                coap_endpoint_disconnect
                0x00000000000197bc                coap_databuf
                0x00000000000197d0                coap_transport_init
                0x0000000000019830                coap_sendto
 .text          0x0000000000019952     0x24a7 build/cooja/contiki-ng-cooja.a(coap.o)
                0x000000000001a02a                coap_init_connection
                0x000000000001a041                coap_get_mid
                0x000000000001a063                coap_init_message
                0x000000000001a0b9                coap_serialize_message
                0x000000000001a842                coap_parse_message
                0x000000000001b076                coap_get_query_variable
                0x000000000001b0d2                coap_get_post_variable
                0x000000000001b12c                coap_set_status_code
                0x000000000001b15e                coap_set_token
                0x000000000001b1be                coap_get_header_content_format
                0x000000000001b206                coap_set_header_content_format
                0x000000000001b23e                coap_get_header_accept
                0x000000000001b289                coap_set_header_accept
                0x000000000001b2c4                coap_get_header_max_age
                0x000000000001b30d                coap_set_header_max_age
                0x000000000001b342                coap_get_header_etag
                0x000000000001b38e                coap_set_header_etag
                0x000000000001b3ff                coap_get_header_if_match
                0x000000000001b451                coap_set_header_if_match
                0x000000000001b4ce                coap_get_header_if_none_match
                0x000000000001b4f9                coap_set_header_if_none_match
                0x000000000001b521                coap_get_header_proxy_uri
                0x000000000001b56a                coap_set_header_proxy_uri
                0x000000000001b5b9                coap_get_header_uri_host
                0x000000000001b602                coap_set_header_uri_host
                0x000000000001b651                coap_get_header_uri_path
                0x000000000001b6a0                coap_set_header_uri_path
                0x000000000001b70a                coap_get_header_uri_query
                0x000000000001b759                coap_set_header_uri_query
                0x000000000001b7c3                coap_get_header_location_path
                0x000000000001b80c                coap_set_header_location_path
                0x000000000001b8c2                coap_get_header_location_query
                0x000000000001b911                coap_set_header_location_query
                0x000000000001b97b                coap_get_header_observe
                0x000000000001b9c4                coap_set_header_observe
                0x000000000001b9fc                coap_get_header_block2
                0x000000000001ba9e                coap_set_header_block2
                0x000000000001bb2e                coap_get_header_block1
                0x000000000001bbd0                coap_set_header_block1
                0x000000000001bc5b                coap_get_header_size2
                0x000000000001bca2                coap_set_header_size2
                0x000000000001bcda                coap_get_header_size1
                0x000000000001bd21                coap_set_header_size1
                0x000000000001bd59                coap_get_payload
                0x000000000001bda9                coap_set_payload
 .text          0x000000000001bdf9      0x42d build/cooja/contiki-ng-cooja.a(contiki-main.o)
                0x000000000001bdf9                main
 .text          0x000000000001c226       0xbd build/cooja/contiki-ng-cooja.a(autostart.o)
                0x000000000001c226                autostart_start
                0x000000000001c287                autostart_exit
 .text          0x000000000001c2e3      0x441 build/cooja/contiki-ng-cooja.a(ctimer.o)
                0x000000000001c445                ctimer_init
                0x000000000001c47a                ctimer_set
                0x000000000001c4be                ctimer_set_with_process
                0x000000000001c578                ctimer_reset
                0x000000000001c5e9                ctimer_restart
                0x000000000001c65a                ctimer_stop
                0x000000000001c6b8                ctimer_expired
 .text          0x000000000001c724       0x25 build/cooja/contiki-ng-cooja.a(energest.o)
                0x000000000001c724                energest_init
                0x000000000001c72f                energest_flush
                0x000000000001c73a                energest_get_total_time
 .text          0x000000000001c749      0x57c build/cooja/contiki-ng-cooja.a(etimer.o)
                0x000000000001c9f1                etimer_request_poll
                0x000000000001caa3                etimer_set
                0x000000000001cad9                etimer_reset_with_new_interval
                0x000000000001cb14                etimer_reset
                0x000000000001cb3f                etimer_restart
                0x000000000001cb6a                etimer_adjust
                0x000000000001cb9b                etimer_expired
                0x000000000001cbba                etimer_expiration_time
                0x000000000001cbda                etimer_start_time
                0x000000000001cbef                etimer_pending
                0x000000000001cc09                etimer_next_expiration_time
                0x000000000001cc2a                etimer_stop
 .text          0x000000000001ccc5      0x539 build/cooja/contiki-ng-cooja.a(log.o)
                0x000000000001ccc5                log_6addr
                0x000000000001cd2b                log_6addr_compact_snprint
                0x000000000001ce06                log_6addr_compact
                0x000000000001ce6c                log_lladdr
                0x000000000001ceec                log_lladdr_compact
                0x000000000001cf6e                log_bytes
                0x000000000001cfce                log_set_level
                0x000000000001d0dc                log_get_level
                0x000000000001d193                log_level_to_str
 .text          0x000000000001d1fe       0x36 build/cooja/contiki-ng-cooja.a(node-id.o)
                0x000000000001d1fe                node_id_init
 .text          0x000000000001d234      0x673 build/cooja/contiki-ng-cooja.a(process.o)
                0x000000000001d234                process_alloc_event
                0x000000000001d24e                process_start
                0x000000000001d4be                process_exit
                0x000000000001d4ea                process_init
                0x000000000001d6e1                process_run
                0x000000000001d716                process_nevents
                0x000000000001d736                process_post
                0x000000000001d7fe                process_post_synch
                0x000000000001d84c                process_poll
                0x000000000001d889                process_is_running
 .text          0x000000000001d8a7      0x101 build/cooja/contiki-ng-cooja.a(rtimer.o)
                0x000000000001d8a7                rtimer_init
                0x000000000001d8b7                rtimer_set
                0x000000000001d938                rtimer_run_next
 .text          0x000000000001d9a8       0xfd build/cooja/contiki-ng-cooja.a(timer.o)
                0x000000000001d9a8                timer_set
                0x000000000001d9d7                timer_reset
                0x000000000001da13                timer_restart
                0x000000000001da32                timer_expired
                0x000000000001da6d                timer_remaining
 .text          0x000000000001daa5      0x39b build/cooja/contiki-ng-cooja.a(list.o)
                0x000000000001daa5                list_init
                0x000000000001dabf                list_head
                0x000000000001dad4                list_copy
                0x000000000001daf5                list_tail
                0x000000000001db3e                list_add
                0x000000000001dba2                list_push
                0x000000000001dbe5                list_chop
                0x000000000001dc72                list_pop
                0x000000000001dcac                list_remove
                0x000000000001dd38                list_length
                0x000000000001dd73                list_insert
                0x000000000001ddd6                list_item_next
                0x000000000001ddf9                list_contains
 .text          0x000000000001de40      0x21a build/cooja/contiki-ng-cooja.a(memb.o)
                0x000000000001de40                memb_init
                0x000000000001dea3                memb_alloc
                0x000000000001df1d                memb_free
                0x000000000001dfb0                memb_inmemb
                0x000000000001e007                memb_numfree
 .text          0x000000000001e05a      0x574 build/cooja/contiki-ng-cooja.a(button-hal.o)
                0x000000000001e225                button_hal_get_by_id
                0x000000000001e273                button_hal_get_by_index
                0x000000000001e2aa                button_hal_get_state
                0x000000000001e30d                button_hal_init
 .text          0x000000000001e5ce      0x181 build/cooja/contiki-ng-cooja.a(gpio-hal.o)
                0x000000000001e5ce                gpio_hal_register_handler
                0x000000000001e5f7                gpio_hal_event_handler
                0x000000000001e662                gpio_hal_init
                0x000000000001e681                gpio_hal_arch_port_toggle_pin
                0x000000000001e6b8                gpio_hal_arch_port_toggle_pins
                0x000000000001e6e9                gpio_hal_arch_no_port_toggle_pin
                0x000000000001e723                gpio_hal_arch_no_port_toggle_pins
 .text          0x000000000001e74f      0x238 build/cooja/contiki-ng-cooja.a(serial-line.o)
                0x000000000001e74f                serial_line_input_byte
                0x000000000001e94a                serial_line_init
 .text          0x000000000001e987       0x80 build/cooja/contiki-ng-cooja.a(linkaddr.o)
                0x000000000001e987                linkaddr_copy
                0x000000000001e9a8                linkaddr_cmp
                0x000000000001e9de                linkaddr_set_node_addr
 .text          0x000000000001ea07      0x12b build/cooja/contiki-ng-cooja.a(netstack.o)
                0x000000000001ea07                netstack_process_ip_callback
                0x000000000001eaa8                netstack_ip_packet_processor_add
                0x000000000001ead8                uip_ds6_ip_packet_processor_rm
                0x000000000001eb01                netstack_init
 .text          0x000000000001eb32      0x63d build/cooja/contiki-ng-cooja.a(packetbuf.o)
                0x000000000001eb32                packetbuf_clear
                0x000000000001eb67                packetbuf_copyfrom
                0x000000000001ebc0                packetbuf_copyto
                0x000000000001ec66                packetbuf_hdralloc
                0x000000000001ecf5                packetbuf_hdrallocfromend
                0x000000000001ed92                packetbuf_hdrreduce
                0x000000000001ede2                packetbuf_set_datalen
                0x000000000001edfe                packetbuf_dataptr
                0x000000000001ee23                packetbuf_hdrptr
                0x000000000001ee34                packetbuf_datalen
                0x000000000001ee45                packetbuf_hdrlen
                0x000000000001ee61                packetbuf_totlen
                0x000000000001ee83                packetbuf_remaininglen
                0x000000000001ee9b                packetbuf_attr_clear
                0x000000000001ef00                packetbuf_attr_copyto
                0x000000000001ef4b                packetbuf_attr_copyfrom
                0x000000000001ef96                packetbuf_set_attr
                0x000000000001efc6                packetbuf_attr
                0x000000000001efe7                packetbuf_set_addr
                0x000000000001f02d                packetbuf_addr
                0x000000000001f057                packetbuf_holds_broadcast
                0x000000000001f07e                packetbuf_ie_clear
                0x000000000001f090                packetbuf_ie_copyfrom
                0x000000000001f0e5                packetbuf_ie_copyto
                0x000000000001f133                packetbuf_ielen
                0x000000000001f144                packetbuf_set_ielen
                0x000000000001f15e                packetbuf_ie_ptr
 .text          0x000000000001f16f      0x382 build/cooja/contiki-ng-cooja.a(queuebuf.o)
                0x000000000001f184                queuebuf_init
                0x000000000001f1ad                queuebuf_numfree
                0x000000000001f1c6                queuebuf_new_from_packetbuf
                0x000000000001f279                queuebuf_update_attr_from_packetbuf
                0x000000000001f2bc                queuebuf_update_from_packetbuf
                0x000000000001f318                queuebuf_free
                0x000000000001f374                queuebuf_to_packetbuf
                0x000000000001f3ed                queuebuf_dataptr
                0x000000000001f434                queuebuf_datalen
                0x000000000001f464                queuebuf_addr
                0x000000000001f4ab                queuebuf_attr
                0x000000000001f4e6                queuebuf_debug_print
 .text          0x000000000001f4f1      0x116 build/cooja/contiki-ng-cooja.a(printf.o)
                0x000000000001f526                log_printf
 .text          0x000000000001f607       0x1e build/cooja/contiki-ng-cooja.a(putchar.o)
                0x000000000001f607                log_putchar
 .text          0x000000000001f625       0x3d build/cooja/contiki-ng-cooja.a(puts.o)
                0x000000000001f625                log_puts
 .text          0x000000000001f662      0x1f8 build/cooja/contiki-ng-cooja.a(snprintf.o)
                0x000000000001f6ed                log_snprintf
                0x000000000001f7d2                log_vsnprintf
 .text          0x000000000001f85a     0x170b build/cooja/contiki-ng-cooja.a(strformat.o)
                0x000000000001fbcd                format_str
                0x000000000001fcae                format_str_v
 .text          0x0000000000020f65     0x3020 build/cooja/contiki-ng-cooja.a(tsch.o)
                0x0000000000020f65                strip_payload_termination_ie
                0x0000000000020fa1                tsch_set_coordinator
                0x0000000000020ffc                tsch_set_pan_secured
                0x0000000000021017                tsch_set_join_priority
                0x0000000000021034                tsch_set_ka_timeout
                0x000000000002105a                tsch_set_eb_period
                0x0000000000021363                tsch_schedule_keepalive
                0x0000000000021a1d                tsch_disassociate
                0x0000000000021f2d                tsch_scan
 .text          0x0000000000023f85     0x38a9 build/cooja/contiki-ng-cooja.a(sicslowpan.o)
                0x000000000002475b                netstack_sniffer_add
                0x0000000000024775                netstack_sniffer_remove
                0x00000000000277f7                sicslowpan_init
                0x000000000002781e                sicslowpan_get_last_rssi
 .text          0x000000000002782e      0x884 build/cooja/contiki-ng-cooja.a(tcpip.o)
                0x000000000002785e                tcpip_output
                0x00000000000278f6                udp_attach
                0x0000000000027924                udp_new
                0x000000000002797f                udp_broadcast_new
                0x0000000000027b33                tcpip_input
                0x0000000000027d0b                tcpip_ipv6_output
                0x0000000000027f64                tcpip_poll_udp
                0x0000000000027f92                tcpip_uipcall
 .text          0x00000000000280b2      0x416 build/cooja/contiki-ng-cooja.a(uip-ds6-nbr.o)
                0x00000000000280b2                uip_ds6_neighbors_init
                0x00000000000280db                uip_ds6_nbr_add
                0x0000000000028179                uip_ds6_nbr_rm
                0x00000000000281d6                uip_ds6_nbr_update_ll
                0x00000000000282db                uip_ds6_nbr_get_ipaddr
                0x00000000000282fb                uip_ds6_nbr_get_ll
                0x0000000000028323                uip_ds6_nbr_num
                0x0000000000028375                uip_ds6_nbr_head
                0x000000000002838e                uip_ds6_nbr_next
                0x00000000000283b6                uip_ds6_nbr_lookup
                0x000000000002841f                uip_ds6_nbr_ll_lookup
                0x0000000000028447                uip_ds6_nbr_ipaddr_from_lladdr
                0x000000000002847b                uip_ds6_nbr_lladdr_from_ipaddr
                0x00000000000284b7                uip_ds6_link_callback
 .text          0x00000000000284c8      0xc36 build/cooja/contiki-ng-cooja.a(uip-ds6-route.o)
                0x00000000000285df                uip_ds6_notification_add
                0x0000000000028626                uip_ds6_notification_rm
                0x000000000002864f                uip_ds6_route_init
                0x00000000000286c1                uip_ds6_route_count_nexthop_neighbors
                0x0000000000028756                uip_ds6_route_nexthop
                0x000000000002878a                uip_ds6_route_head
                0x00000000000287a3                uip_ds6_route_next
                0x00000000000287d7                uip_ds6_route_is_nexthop
                0x0000000000028829                uip_ds6_route_num_routes
                0x0000000000028839                uip_ds6_route_lookup
                0x0000000000028928                uip_ds6_route_add
                0x0000000000028bb8                uip_ds6_route_rm
                0x0000000000028dba                uip_ds6_route_rm_by_nexthop
                0x0000000000028e06                uip_ds6_defrt_head
                0x0000000000028e1f                uip_ds6_defrt_add
                0x0000000000028ef4                uip_ds6_defrt_rm
                0x0000000000028f87                uip_ds6_defrt_lookup
                0x0000000000028ffe                uip_ds6_defrt_choose
                0x0000000000029081                uip_ds6_defrt_periodic
 .text          0x00000000000290fe      0xebc build/cooja/contiki-ng-cooja.a(uip-ds6.o)
                0x00000000000290fe                uip_ds6_default_prefix
                0x000000000002910f                uip_ds6_set_default_prefix
                0x0000000000029137                uip_ds6_init
                0x00000000000293d6                uip_ds6_periodic
                0x0000000000029478                uip_ds6_list_loop
                0x0000000000029561                uip_ds6_prefix_add
                0x0000000000029632                uip_ds6_prefix_rm
                0x0000000000029650                uip_ds6_prefix_lookup
                0x00000000000296a7                uip_ds6_is_addr_onlink
                0x000000000002973b                uip_ds6_addr_add
                0x0000000000029886                uip_ds6_addr_rm
                0x0000000000029941                uip_ds6_addr_lookup
                0x0000000000029996                uip_ds6_get_link_local
                0x0000000000029a3b                uip_ds6_get_global
                0x0000000000029ae0                uip_ds6_maddr_add
                0x0000000000029b5c                uip_ds6_maddr_rm
                0x0000000000029b7a                uip_ds6_maddr_lookup
                0x0000000000029bd2                uip_ds6_aaddr_add
                0x0000000000029c4e                uip_ds6_aaddr_rm
                0x0000000000029c6c                uip_ds6_aaddr_lookup
                0x0000000000029cc4                uip_ds6_select_src
                0x0000000000029e4e                uip_ds6_set_addr_iid
                0x0000000000029e87                uip_ds6_set_lladdr_from_iid
                0x0000000000029ebe                get_match_length
                0x0000000000029f6c                uip_ds6_compute_reachable_time
 .text          0x0000000000029fba      0x1b9 build/cooja/contiki-ng-cooja.a(uip-packetqueue.o)
                0x0000000000029ff9                uip_packetqueue_new
                0x000000000002a013                uip_packetqueue_alloc
                0x000000000002a08d                uip_packetqueue_free
                0x000000000002a0e5                uip_packetqueue_buf
                0x000000000002a111                uip_packetqueue_buflen
                0x000000000002a140                uip_packetqueue_set_buflen
 .text          0x000000000002a173      0x147 build/cooja/contiki-ng-cooja.a(uip-udp-packet.o)
                0x000000000002a173                uip_udp_packet_send
                0x000000000002a1f5                uip_udp_packet_sendto
 .text          0x000000000002a2ba     0x1710 build/cooja/contiki-ng-cooja.a(uip6.o)
                0x000000000002a37e                uip_chksum
                0x000000000002a464                uip_icmp6chksum
                0x000000000002a478                uip_udpchksum
                0x000000000002a48c                uip_init
                0x000000000002a4f3                uip_remove_ext_hdr
                0x000000000002a5f4                uip_udp_new
                0x000000000002a9a2                uip_process
                0x000000000002b850                uip_htons
                0x000000000002b873                uip_htonl
                0x000000000002b8bb                uip_send
 .text          0x000000000002b9ca      0x6b8 build/cooja/contiki-ng-cooja.a(uipbuf.o)
                0x000000000002b9ca                uipbuf_clear
                0x000000000002ba03                uipbuf_add_ext_hdr
                0x000000000002ba9b                uipbuf_set_len
                0x000000000002bacd                uipbuf_set_len_field
                0x000000000002bb00                uipbuf_get_len_field
                0x000000000002bb2b                uipbuf_get_next_header
                0x000000000002bc9d                uipbuf_get_last_header
                0x000000000002bd30                uipbuf_search_header
                0x000000000002bdf7                uipbuf_get_attr
                0x000000000002be28                uipbuf_set_attr
                0x000000000002be68                uipbuf_set_default_attr
                0x000000000002bea8                uipbuf_clear_attr
                0x000000000002beeb                uipbuf_set_attr_flag
                0x000000000002bf0e                uipbuf_clr_attr_flag
                0x000000000002bf37                uipbuf_is_attr_flag
                0x000000000002bf5c                uipbuf_init
                0x000000000002bf9e                uipbuf_ie_clear
                0x000000000002bfb0                uipbuf_ie_copyfrom
                0x000000000002c009                uipbuf_ie_copyto
                0x000000000002c057                uipbuf_ielen
                0x000000000002c068                uipbuf_set_ielen
 .text          0x000000000002c082      0x57d build/cooja/contiki-ng-cooja.a(uiplib.o)
                0x000000000002c082                uiplib_ip6addrconv
                0x000000000002c25e                uiplib_ip4addrconv
                0x000000000002c330                uiplib_ipaddr_print
                0x000000000002c396                uiplib_ipaddr_snprint
 .text          0x000000000002c5ff     0x2e77 build/cooja/contiki-ng-cooja.a(rpl-dag.o)
                0x000000000002c5ff                rpl_print_neighbor_list
                0x000000000002c6e3                rpl_get_nbr
                0x000000000002c73e                rpl_dag_init
                0x000000000002c765                rpl_get_parent
                0x000000000002c798                rpl_get_parent_rank
                0x000000000002c7dd                rpl_get_parent_link_metric
                0x000000000002c852                rpl_rank_via_parent
                0x000000000002c8c7                rpl_get_parent_lladdr
                0x000000000002c8f2                rpl_parent_get_ipaddr
                0x000000000002c92e                rpl_get_parent_link_stats
                0x000000000002c95c                rpl_parent_is_fresh
                0x000000000002c98a                rpl_parent_is_reachable
                0x000000000002ca9b                rpl_get_preferred_parent
                0x000000000002ce12                rpl_set_root
                0x000000000002d0d4                rpl_repair_root
                0x000000000002d34e                rpl_set_prefix
                0x000000000002d475                rpl_set_default_route
                0x000000000002d4fc                rpl_alloc_instance
                0x000000000002d594                rpl_alloc_dag
                0x000000000002d661                rpl_set_default_instance
                0x000000000002d67e                rpl_get_default_instance
                0x000000000002d692                rpl_free_instance
                0x000000000002d758                rpl_free_dag
                0x000000000002d805                rpl_add_parent
                0x000000000002d8e4                rpl_find_parent
                0x000000000002d964                rpl_find_parent_any_dag
                0x000000000002d9b9                rpl_select_dag
                0x000000000002de0d                rpl_select_parent
                0x000000000002de99                rpl_remove_parent
                0x000000000002ded1                rpl_nullify_parent
                0x000000000002dfb6                rpl_move_parent
                0x000000000002e165                rpl_has_joined
                0x000000000002e192                rpl_has_downward_route
                0x000000000002e215                rpl_get_dag
                0x000000000002e383                rpl_get_any_dag
                0x000000000002e397                rpl_get_instance
                0x000000000002e41d                rpl_find_of
                0x000000000002e47d                rpl_join_instance
                0x000000000002e79e                rpl_add_dag
                0x000000000002ebe3                rpl_local_repair
                0x000000000002ed19                rpl_recalculate_ranks
                0x000000000002edc1                rpl_process_parent_event
                0x000000000002ef1f                rpl_process_dio
 .text          0x000000000002f476     0x2533 build/cooja/contiki-ng-cooja.a(rpl-icmp6.o)
                0x000000000002f891                rpl_icmp6_update_nbr_table
                0x000000000002f9a5                dis_output
                0x0000000000030115                dio_output
                0x00000000000311bc                dao_output
                0x00000000000312dd                dao_output_target
                0x00000000000318d1                dao_ack_output
                0x0000000000031962                rpl_icmp6_register_handlers
 .text          0x00000000000319a9      0x406 build/cooja/contiki-ng-cooja.a(rpl-mrhof.o)
 .text          0x0000000000031daf      0x450 build/cooja/contiki-ng-cooja.a(rpl-of0.o)
 .text          0x00000000000321ff      0x71d build/cooja/contiki-ng-cooja.a(rpl-timers.o)
                0x000000000003250b                rpl_reset_periodic_timer
                0x0000000000032568                rpl_reset_dio_timer
                0x0000000000032818                rpl_schedule_dao
                0x000000000003283c                rpl_schedule_dao_immediately
                0x0000000000032860                rpl_cancel_dao
                0x00000000000328e3                rpl_schedule_unicast_dio_immediately
 .text          0x000000000003291c      0x864 build/cooja/contiki-ng-cooja.a(rpl.o)
                0x000000000003291c                rpl_get_mode
                0x000000000003292c                rpl_set_mode
                0x00000000000329ec                rpl_purge_routes
                0x0000000000032b12                rpl_remove_routes
                0x0000000000032b6d                rpl_remove_routes_by_nexthop
                0x0000000000032be7                rpl_add_route
                0x0000000000032c9a                rpl_link_callback
                0x0000000000032d87                rpl_ipv6_neighbor_callback
                0x0000000000032e13                rpl_purge_dags
                0x0000000000033171                rpl_is_in_leaf_mode
 .text          0x0000000000033180       0x49 build/cooja/contiki-ng-cooja.a(watchdog.o)
                0x0000000000033180                watchdog_init
                0x000000000003318b                watchdog_start
                0x0000000000033196                watchdog_periodic
                0x00000000000331b3                watchdog_stop
                0x00000000000331be                watchdog_reboot
 .text          0x00000000000331c9       0x61 build/cooja/contiki-ng-cooja.a(int-master.o)
                0x00000000000331c9                int_master_enable
                0x00000000000331de                int_master_read_and_disable
                0x00000000000331fe                int_master_status_set
                0x0000000000033215                int_master_is_enabled
 .text          0x000000000003322a      0x3ba build/cooja/contiki-ng-cooja.a(orchestra.o)
                0x00000000000332c4                orchestra_callback_child_added
                0x0000000000033325                orchestra_callback_child_removed
                0x0000000000033386                orchestra_callback_packet_ready
                0x0000000000033471                orchestra_callback_new_time_source
                0x00000000000334f4                orchestra_callback_root_node_updated
                0x0000000000033560                orchestra_init
 .text          0x00000000000335e4      0xded build/cooja/contiki-ng-cooja.a(coap-engine.o)
                0x00000000000336b3                coap_add_handler
                0x00000000000336dc                coap_remove_handler
                0x0000000000033705                coap_call_handlers
                0x0000000000033846                coap_receive
                0x0000000000033f3f                coap_engine_init
                0x0000000000033f9f                coap_activate_resource
                0x0000000000034070                coap_get_first_resource
                0x0000000000034089                coap_get_next_resource
 .text          0x00000000000343d1      0x84b build/cooja/contiki-ng-cooja.a(coap-observe-client.o)
                0x00000000000344a3                coap_obs_add_observee
                0x0000000000034573                coap_obs_remove_observee
                0x00000000000345b2                coap_get_obs_subject_by_token
                0x0000000000034632                coap_obs_remove_observee_by_token
                0x00000000000346e0                coap_obs_remove_observee_by_url
                0x0000000000034886                coap_handle_notification
                0x0000000000034a1d                coap_generate_token
                0x0000000000034a4e                coap_obs_request_registration
 .text          0x0000000000034c1c      0xa9c build/cooja/contiki-ng-cooja.a(coap-observe.o)
                0x0000000000034d6d                coap_remove_observer
                0x0000000000034dac                coap_remove_observer_by_client
                0x0000000000034e22                coap_remove_observer_by_token
                0x0000000000034ed0                coap_remove_observer_by_uri
                0x0000000000034f8d                coap_remove_observer_by_mid
                0x0000000000035017                coap_notify_observers
                0x000000000003503b                coap_notify_observers_sub
                0x00000000000354ed                coap_observe_handler
                0x0000000000035641                coap_has_observers
 .text          0x00000000000356b8      0x376 build/cooja/contiki-ng-cooja.a(coap-res-well-known-core.o)
 .text          0x0000000000035a2e      0x322 build/cooja/contiki-ng-cooja.a(coap-timer.o)
                0x0000000000035b40                coap_timer_stop
                0x0000000000035b76                coap_timer_set
                0x0000000000035bad                coap_timer_reset
                0x0000000000035be7                coap_timer_time_to_next_expiration
                0x0000000000035c40                coap_timer_run
                0x0000000000035d07                coap_timer_init
 .text          0x0000000000035d50      0x125 build/cooja/contiki-ng-cooja.a(stimer.o)
                0x0000000000035d50                stimer_set
                0x0000000000035d7f                stimer_reset
                0x0000000000035dbb                stimer_restart
                0x0000000000035dda                stimer_expired
                0x0000000000035e1c                stimer_remaining
                0x0000000000035e54                stimer_elapsed
 .text          0x0000000000035e75      0x19d build/cooja/contiki-ng-cooja.a(ringbuf.o)
                0x0000000000035e75                ringbuf_init
                0x0000000000035eb6                ringbuf_put
                0x0000000000035f45                ringbuf_get
                0x0000000000035fc3                ringbuf_size
                0x0000000000035fdf                ringbuf_elements
 .text          0x0000000000036012      0x25a build/cooja/contiki-ng-cooja.a(ringbufindex.o)
                0x0000000000036012                ringbufindex_init
                0x0000000000036043                ringbufindex_put
                0x00000000000360ae                ringbufindex_peek_put
                0x0000000000036100                ringbufindex_get
                0x000000000003616d                ringbufindex_peek_get
                0x00000000000361b5                ringbufindex_size
                0x00000000000361d0                ringbufindex_elements
                0x0000000000036202                ringbufindex_full
                0x0000000000036246                ringbufindex_empty
 .text          0x000000000003626c      0x481 build/cooja/contiki-ng-cooja.a(link-stats.o)
                0x000000000003626c                link_stats_from_lladdr
                0x0000000000036294                link_stats_get_lladdr
                0x00000000000362bc                link_stats_is_fresh
                0x0000000000036304                guess_etx_from_rssi
                0x0000000000036389                link_stats_packet_sent
                0x00000000000364ed                link_stats_input_callback
                0x000000000003664f                link_stats_reset
                0x00000000000366ab                link_stats_init
 .text          0x00000000000366ed      0xcb3 build/cooja/contiki-ng-cooja.a(nbr-table.o)
                0x0000000000036b4b                nbr_table_count_entries
                0x0000000000036bed                nbr_table_gc_get_worst
                0x0000000000036c30                nbr_table_can_accept_new
                0x0000000000036de5                nbr_table_entry_is_allowed
                0x0000000000036e92                nbr_table_register
                0x0000000000036f24                nbr_table_is_registered
                0x0000000000036f7b                nbr_table_head
                0x0000000000036fe9                nbr_table_next
                0x0000000000037066                nbr_table_add_lladdr
                0x00000000000371c6                nbr_table_get_from_lladdr
                0x0000000000037225                nbr_table_remove
                0x000000000003727f                nbr_table_lock
                0x00000000000372b4                nbr_table_unlock
                0x00000000000372e9                nbr_table_get_lladdr
                0x000000000003732c                nbr_table_clear
                0x0000000000037369                nbr_table_key_head
                0x0000000000037382                nbr_table_key_next
 .text          0x00000000000373a0      0x1e0 build/cooja/contiki-ng-cooja.a(mac-sequence.o)
                0x00000000000373a0                mac_sequence_is_duplicate
                0x0000000000037481                mac_sequence_register_seqno
 .text          0x0000000000037580       0x3a build/cooja/contiki-ng-cooja.a(mac.o)
                0x0000000000037580                mac_call_sent_callback
 .text          0x00000000000375ba      0xca9 build/cooja/contiki-ng-cooja.a(frame802154.o)
                0x00000000000375e8                frame802154_get_pan_id
                0x00000000000375f9                frame802154_set_pan_id
                0x0000000000037615                frame802154_has_panid
                0x00000000000377f4                frame802154_check_dest_panid
                0x0000000000037892                frame802154_is_broadcast_addr
                0x00000000000378e9                frame802154_extract_linkaddr
                0x0000000000037b83                frame802154_hdrlen
                0x0000000000037c02                frame802154_create_fcf
                0x0000000000037cd4                frame802154_create
                0x0000000000037e7e                frame802154_parse_fcf
                0x0000000000037f75                frame802154_parse
 .text          0x0000000000038263     0x1245 build/cooja/contiki-ng-cooja.a(frame802154e-ie.o)
                0x00000000000383a7                frame80215e_create_ie_header_ack_nack_time_correction
                0x0000000000038445                frame80215e_create_ie_header_list_termination_1
                0x000000000003849a                frame80215e_create_ie_header_list_termination_2
                0x00000000000384ef                frame80215e_create_ie_payload_list_termination
                0x0000000000038544                frame80215e_create_ie_ietf
                0x000000000003858b                frame80215e_create_ie_int_content
                0x00000000000385e5                frame80215e_retrieve_ie_int_header
                0x0000000000038655                frame80215e_create_ie_mlme
                0x00000000000386b0                frame80215e_create_ie_tsch_synchronization
                0x0000000000038782                frame80215e_create_ie_tsch_slotframe_and_link
                0x00000000000389cc                frame80215e_create_ie_tsch_timeslot
                0x0000000000038ac6                frame80215e_create_ie_tsch_channel_hopping_sequence
                0x0000000000039142                frame802154e_parse_information_elements
 .text          0x00000000000394a8      0x451 build/cooja/contiki-ng-cooja.a(framer-802154.o)
                0x0000000000039643                framer_802154_setup_params
 .text          0x00000000000398f9      0x3b0 build/cooja/contiki-ng-cooja.a(tsch-adaptive-timesync.o)
                0x00000000000398f9                tsch_adaptive_timesync_get_drift_ppm
                0x0000000000039a4e                tsch_timesync_update
                0x0000000000039bfa                tsch_timesync_adaptive_compensate
                0x0000000000039c6b                tsch_adaptive_timesync_reset
 .text          0x0000000000039ca9      0x9b5 build/cooja/contiki-ng-cooja.a(tsch-packet.o)
                0x0000000000039ca9                tsch_packet_eackbuf_set_attr
                0x0000000000039cd8                tsch_packet_eackbuf_attr
                0x0000000000039cfc                tsch_packet_create_eack
                0x0000000000039f03                tsch_packet_parse_eack
                0x000000000003a0be                tsch_packet_create_eb
                0x000000000003a438                tsch_packet_update_eb
                0x000000000003a4e0                tsch_packet_parse_eb
                0x000000000003a619                tsch_packet_set_frame_pending
                0x000000000003a63d                tsch_packet_get_frame_pending
 .text          0x000000000003a65e      0xbf0 build/cooja/contiki-ng-cooja.a(tsch-queue.o)
                0x000000000003a65e                tsch_queue_add_nbr
                0x000000000003a76c                tsch_queue_get_nbr
                0x000000000003a7a4                tsch_queue_get_time_source
                0x000000000003a808                tsch_queue_get_nbr_address
                0x000000000003a830                tsch_queue_update_time_source
                0x000000000003a9bc                tsch_queue_add_packet
                0x000000000003aafd                tsch_queue_global_packet_count
                0x000000000003ab1f                tsch_queue_nbr_packet_count
                0x000000000003ab51                tsch_queue_remove_packet_from_queue
                0x000000000003abae                tsch_queue_free_packet
                0x000000000003abed                tsch_queue_free_packets_to
                0x000000000003ac34                tsch_queue_packet_sent
                0x000000000003ad02                tsch_queue_reset
                0x000000000003ad70                tsch_queue_free_unused_neighbors
                0x000000000003ae05                tsch_queue_is_empty
                0x000000000003ae49                tsch_queue_get_packet_for_nbr
                0x000000000003af7d                tsch_queue_get_packet_for_dest_addr
                0x000000000003afc1                tsch_queue_get_unicast_packet_for_any
                0x000000000003b074                tsch_queue_backoff_expired
                0x000000000003b092                tsch_queue_backoff_reset
                0x000000000003b0b1                tsch_queue_backoff_inc
                0x000000000003b121                tsch_queue_update_all_backoff_windows
                0x000000000003b1ee                tsch_queue_init
 .text          0x000000000003b24e      0x279 build/cooja/contiki-ng-cooja.a(tsch-roots.o)
                0x000000000003b24e                tsch_roots_add_address
                0x000000000003b318                tsch_roots_set_self_to_root
                0x000000000003b341                tsch_roots_is_root
                0x000000000003b47b                tsch_roots_init
 .text          0x000000000003b4c7      0x186 build/cooja/contiki-ng-cooja.a(tsch-rpl.o)
                0x000000000003b4c7                tsch_rpl_callback_ka_sent
                0x000000000003b509                tsch_rpl_callback_joining_network
                0x000000000003b514                tsch_rpl_callback_leaving_network
                0x000000000003b53b                tsch_rpl_callback_new_dio_interval
                0x000000000003b5f5                tsch_rpl_callback_parent_switch
                0x000000000003b636                tsch_rpl_check_dodag_joined
 .text          0x000000000003b64d      0xeb2 build/cooja/contiki-ng-cooja.a(tsch-schedule.o)
                0x000000000003b64d                tsch_schedule_add_slotframe
                0x000000000003b753                tsch_schedule_remove_all_slotframes
                0x000000000003b799                tsch_schedule_remove_slotframe
                0x000000000003b828                tsch_schedule_get_slotframe_by_handle
                0x000000000003b88a                tsch_schedule_get_link_by_handle
                0x000000000003ba38                tsch_schedule_add_link
                0x000000000003bbf1                tsch_schedule_remove_link
                0x000000000003bd35                tsch_schedule_remove_link_by_timeslot
                0x000000000003bdde                tsch_schedule_get_link_by_timeslot
                0x000000000003bf42                tsch_schedule_get_next_active_link
                0x000000000003c1fc                tsch_schedule_init
                0x000000000003c24d                tsch_schedule_create_minimal
                0x000000000003c2aa                tsch_schedule_slotframe_head
                0x000000000003c2c3                tsch_schedule_slotframe_next
                0x000000000003c2e1                tsch_schedule_print
 .text          0x000000000003c4ff      0x749 build/cooja/contiki-ng-cooja.a(tsch-security.o)
                0x000000000003c658                tsch_security_mic_len
                0x000000000003c699                tsch_security_secure_frame
                0x000000000003c976                tsch_security_parse_frame
                0x000000000003cc38                tsch_security_set_packetbuf_attr
 .text          0x000000000003cc48     0x1c92 build/cooja/contiki-ng-cooja.a(tsch-slot-operation.o)
                0x000000000003cc75                tsch_is_locked
                0x000000000003cc85                tsch_get_lock
                0x000000000003cd10                tsch_release_lock
                0x000000000003d0cc                tsch_get_network_uptime_ticks
                0x000000000003e738                tsch_slot_operation_start
                0x000000000003e862                tsch_slot_operation_sync
 .text          0x000000000003e8da        0x0 build/cooja/contiki-ng-cooja.a(tsch-timeslot-timing.o)
 .text          0x000000000003e8da      0x8b7 build/cooja/contiki-ng-cooja.a(uip-icmp6.o)
                0x000000000003e957                uip_icmp6_input
                0x000000000003e9b5                uip_icmp6_register_input_handler
                0x000000000003eb47                uip_icmp6_error_output
                0x000000000003eeac                uip_icmp6_send
                0x000000000003f0f8                uip_icmp6_echo_reply_callback_add
                0x000000000003f13f                uip_icmp6_echo_reply_callback_rm
                0x000000000003f168                uip_icmp6_init
 .text          0x000000000003f191      0x87f build/cooja/contiki-ng-cooja.a(uip-nd6.o)
                0x000000000003f9f6                uip_nd6_init
 .text          0x000000000003fa10      0x3ec build/cooja/contiki-ng-cooja.a(rpl-dag-root.o)
                0x000000000003fab0                rpl_dag_root_set_prefix
                0x000000000003faec                rpl_dag_root_start
                0x000000000003fd1d                rpl_dag_root_is_root
                0x000000000003fd77                rpl_dag_root_print_links
 .text          0x000000000003fdfc      0xd16 build/cooja/contiki-ng-cooja.a(rpl-ext-header.o)
                0x000000000003fdfc                rpl_ext_header_hbh_update
                0x000000000004001c                rpl_ext_header_srh_get_next_hop
                0x000000000004002f                rpl_ext_header_srh_update
                0x00000000000407f5                rpl_ext_header_remove
                0x00000000000409fa                rpl_ext_header_update
 .text          0x0000000000040b12      0x1ba build/cooja/contiki-ng-cooja.a(rpl-nbr-policy.o)
                0x0000000000040b6e                rpl_nbr_gc_get_worst
                0x0000000000040c46                rpl_nbr_can_accept_new
                0x0000000000040cb4                rpl_nbr_policy_get_free_nexthop_neighbors
 .text          0x0000000000040ccc       0xb0 build/cooja/contiki-ng-cooja.a(orchestra-rule-default-common.o)
 .text          0x0000000000040d7c      0x284 build/cooja/contiki-ng-cooja.a(orchestra-rule-eb-per-time-source.o)
 .text          0x0000000000041000      0x54f build/cooja/contiki-ng-cooja.a(orchestra-rule-unicast-per-neighbor-rpl-storing.o)
 .text          0x000000000004154f      0x1e5 build/cooja/contiki-ng-cooja.a(coap-timer-default.o)
 .text          0x0000000000041734      0x501 build/cooja/contiki-ng-cooja.a(ccm-star.o)
 .text          0x0000000000041c35      0x81f build/cooja/contiki-ng-cooja.a(uip-sr.o)
                0x0000000000041c35                uip_sr_num_nodes
                0x0000000000041ce0                uip_sr_get_node
                0x0000000000041d48                uip_sr_is_addr_reachable
                0x0000000000041e10                uip_sr_expire_parent
                0x0000000000041e7f                uip_sr_update_node
                0x0000000000041ff3                uip_sr_init
                0x0000000000042026                uip_sr_node_head
                0x000000000004203f                uip_sr_node_next
                0x000000000004205d                uip_sr_periodic
                0x0000000000042199                uip_sr_free_all
                0x0000000000042218                uip_sr_link_snprint
 .text          0x0000000000042454      0x3dd build/cooja/contiki-ng-cooja.a(orchestra-rule-special-for-root.o)
                0x0000000000042463                orchestra_is_root_schedule_active
 .text          0x0000000000042831      0x686 build/cooja/contiki-ng-cooja.a(aes-128.o)
 .text          0x0000000000042eb7        0x0 /usr/lib/gcc/x86_64-linux-gnu/11/crtendS.o
 .text          0x0000000000042eb7        0x0 /usr/lib/gcc/x86_64-linux-gnu/11/../../../x86_64-linux-gnu/crtn.o
 *(.gnu.warning)

.fini           0x0000000000042eb8        0xd
 *(SORT_NONE(.fini))
 .fini          0x0000000000042eb8        0x8 /usr/lib/gcc/x86_64-linux-gnu/11/../../../x86_64-linux-gnu/crti.o
                0x0000000000042eb8                _fini
 .fini          0x0000000000042ec0        0x5 /usr/lib/gcc/x86_64-linux-gnu/11/../../../x86_64-linux-gnu/crtn.o
                [!provide]                        PROVIDE (__etext = .)
                [!provide]                        PROVIDE (_etext = .)
                [!provide]                        PROVIDE (etext = .)
                0x0000000000043000                . = ALIGN (CONSTANT (MAXPAGESIZE))
                0x0000000000043000                . = SEGMENT_START ("rodata-segment", (ALIGN (CONSTANT (MAXPAGESIZE)) + (. & (CONSTANT (MAXPAGESIZE) - 0x1))))

.rodata         0x0000000000043000      0xce0
 *(.rodata .rodata.* .gnu.linkonce.r.*)
 .rodata        0x0000000000043000       0x75 coap-client.o
 .rodata        0x0000000000043075        0x6 build/cooja/contiki-ng-cooja.a(leds-arch.o)
                0x0000000000043075                leds_arch_leds
 .rodata        0x000000000004307b        0x4 build/cooja/contiki-ng-cooja.a(pir-sensor.o)
 .rodata        0x000000000004307f        0x3 build/cooja/contiki-ng-cooja.a(rs232.o)
 .rodata        0x0000000000043082        0xa build/cooja/contiki-ng-cooja.a(vib-sensor.o)
 *fill*         0x000000000004308c        0x4 
 .rodata        0x0000000000043090       0x26 build/cooja/contiki-ng-cooja.a(cfs-cooja.o)
 *fill*         0x00000000000430b6        0x2 
 .rodata        0x00000000000430b8       0x68 build/cooja/contiki-ng-cooja.a(cooja-radio.o)
 .rodata        0x0000000000043120        0x8 build/cooja/contiki-ng-cooja.a(sensors.o)
 .rodata        0x0000000000043128       0x14 build/cooja/contiki-ng-cooja.a(buttons.o)
                0x0000000000043134                button_hal_button_count
 .rodata        0x000000000004313c       0x35 build/cooja/contiki-ng-cooja.a(coap-uip.o)
 *fill*         0x0000000000043171        0x7 
 .rodata        0x0000000000043178      0x1b0 build/cooja/contiki-ng-cooja.a(coap.o)
 .rodata        0x0000000000043328      0x114 build/cooja/contiki-ng-cooja.a(contiki-main.o)
 .rodata        0x000000000004343c        0xf build/cooja/contiki-ng-cooja.a(ctimer.o)
 .rodata        0x000000000004344b        0xc build/cooja/contiki-ng-cooja.a(etimer.o)
 *fill*         0x0000000000043457        0x1 
 .rodata        0x0000000000043458       0xc0 build/cooja/contiki-ng-cooja.a(log.o)
 .rodata        0x0000000000043518       0x13 build/cooja/contiki-ng-cooja.a(button-hal.o)
 .rodata        0x000000000004352b        0xe build/cooja/contiki-ng-cooja.a(serial-line.o)
 *fill*         0x0000000000043539        0x7 
 .rodata        0x0000000000043540        0x8 build/cooja/contiki-ng-cooja.a(linkaddr.o)
                0x0000000000043540                linkaddr_null
 *fill*         0x0000000000043548        0x8 
 .rodata        0x0000000000043550      0x280 build/cooja/contiki-ng-cooja.a(strformat.o)
 .rodata        0x00000000000437d0       0x49 build/cooja/contiki-ng-cooja.a(tsch.o)
                0x00000000000437d0                tsch_broadcast_address
                0x00000000000437d8                tsch_eb_address
 .rodata        0x0000000000043819       0x1d build/cooja/contiki-ng-cooja.a(sicslowpan.o)
                0x0000000000043819                unc_llconf
                0x000000000004381d                unc_ctxconf
                0x0000000000043821                unc_mxconf
                0x0000000000043825                llprefix
 .rodata        0x0000000000043836        0xd build/cooja/contiki-ng-cooja.a(tcpip.o)
 *fill*         0x0000000000043843        0x5 
 .rodata        0x0000000000043848       0xb9 build/cooja/contiki-ng-cooja.a(uip-ds6-route.o)
 .rodata        0x0000000000043901       0x2d build/cooja/contiki-ng-cooja.a(uiplib.o)
 *fill*         0x000000000004392e        0x2 
 .rodata        0x0000000000043930       0x24 build/cooja/contiki-ng-cooja.a(rpl-icmp6.o)
 .rodata        0x0000000000043954        0xc build/cooja/contiki-ng-cooja.a(rpl.o)
 .rodata        0x0000000000043960       0x41 build/cooja/contiki-ng-cooja.a(coap-engine.o)
 .rodata        0x00000000000439a1       0x11 build/cooja/contiki-ng-cooja.a(coap-observe.o)
 .rodata        0x00000000000439b2       0x19 build/cooja/contiki-ng-cooja.a(coap-res-well-known-core.o)
 .rodata        0x00000000000439cb        0xd build/cooja/contiki-ng-cooja.a(tsch-rpl.o)
 .rodata        0x00000000000439d8       0xdf build/cooja/contiki-ng-cooja.a(tsch-schedule.o)
 .rodata        0x0000000000043ab7       0x3d build/cooja/contiki-ng-cooja.a(tsch-slot-operation.o)
 *fill*         0x0000000000043af4        0xc 
 .rodata        0x0000000000043b00       0x18 build/cooja/contiki-ng-cooja.a(tsch-timeslot-timing.o)
                0x0000000000043b00                tsch_timeslot_timing_us_10000
 .rodata        0x0000000000043b18        0xf build/cooja/contiki-ng-cooja.a(orchestra-rule-default-common.o)
 .rodata        0x0000000000043b27       0x13 build/cooja/contiki-ng-cooja.a(orchestra-rule-eb-per-time-source.o)
 .rodata        0x0000000000043b3a       0x1d build/cooja/contiki-ng-cooja.a(orchestra-rule-unicast-per-neighbor-rpl-storing.o)
 .rodata        0x0000000000043b57       0x13 build/cooja/contiki-ng-cooja.a(coap-timer-default.o)
 .rodata        0x0000000000043b6a       0x52 build/cooja/contiki-ng-cooja.a(uip-sr.o)
 .rodata        0x0000000000043bbc       0x11 build/cooja/contiki-ng-cooja.a(orchestra-rule-special-for-root.o)
 *fill*         0x0000000000043bcd       0x13 
 .rodata        0x0000000000043be0      0x100 build/cooja/contiki-ng-cooja.a(aes-128.o)

.rodata1
 *(.rodata1)

.eh_frame_hdr   0x0000000000043ce0     0x218c
 *(.eh_frame_hdr)
 .eh_frame_hdr  0x0000000000043ce0     0x218c coap-client.o
                0x0000000000043ce0                __GNU_EH_FRAME_HDR
 *(.eh_frame_entry .eh_frame_entry.*)

.eh_frame       0x0000000000045e70     0x86d4
 *(.eh_frame)
 .eh_frame      0x0000000000045e70       0x40 /usr/lib/gcc/x86_64-linux-gnu/11/../../../x86_64-linux-gnu/crti.o
 .eh_frame      0x0000000000045eb0       0x18 /usr/lib/gcc/x86_64-linux-gnu/11/../../../x86_64-linux-gnu/crti.o
                                         0x30 (size before relaxing)
 .eh_frame      0x0000000000045ec8       0x18 /usr/lib/gcc/x86_64-linux-gnu/11/../../../x86_64-linux-gnu/crti.o
                                         0x30 (size before relaxing)
 .eh_frame      0x0000000000045ee0       0x40 coap-client.o
                                         0x58 (size before relaxing)
 .eh_frame      0x0000000000045f20      0x198 build/cooja/mtype217737447.o
                                        0x1b0 (size before relaxing)
 .eh_frame      0x00000000000460b8       0x40 build/cooja/contiki-ng-cooja.a(simEnvChange.o)
                                         0x58 (size before relaxing)
 .eh_frame      0x00000000000460f8       0x60 build/cooja/contiki-ng-cooja.a(cooja_mt.o)
                                         0x78 (size before relaxing)
 .eh_frame      0x0000000000046158       0x80 build/cooja/contiki-ng-cooja.a(cooja_mtarch.o)
                                         0x98 (size before relaxing)
 .eh_frame      0x00000000000461d8       0xc0 build/cooja/contiki-ng-cooja.a(rtimer-arch.o)
                                         0xd8 (size before relaxing)
 .eh_frame      0x0000000000046298      0x160 build/cooja/contiki-ng-cooja.a(beep.o)
                                        0x178 (size before relaxing)
 .eh_frame      0x00000000000463f8       0x80 build/cooja/contiki-ng-cooja.a(leds-arch.o)
                                         0x98 (size before relaxing)
 .eh_frame      0x0000000000046478       0x40 build/cooja/contiki-ng-cooja.a(moteid.o)
                                         0x58 (size before relaxing)
 .eh_frame      0x00000000000464b8       0xa0 build/cooja/contiki-ng-cooja.a(pir-sensor.o)
                                         0xb8 (size before relaxing)
 .eh_frame      0x0000000000046558      0x100 build/cooja/contiki-ng-cooja.a(rs232.o)
                                        0x118 (size before relaxing)
 .eh_frame      0x0000000000046658       0xa0 build/cooja/contiki-ng-cooja.a(vib-sensor.o)
                                         0xb8 (size before relaxing)
 .eh_frame      0x00000000000466f8       0xc0 build/cooja/contiki-ng-cooja.a(clock.o)
                                         0xd8 (size before relaxing)
 .eh_frame      0x00000000000467b8      0x100 build/cooja/contiki-ng-cooja.a(cooja-log.o)
                                        0x118 (size before relaxing)
 .eh_frame      0x00000000000468b8      0x160 build/cooja/contiki-ng-cooja.a(cfs-cooja.o)
                                        0x178 (size before relaxing)
 .eh_frame      0x0000000000046a18      0x360 build/cooja/contiki-ng-cooja.a(cooja-radio.o)
                                        0x378 (size before relaxing)
 .eh_frame      0x0000000000046d78       0xa0 build/cooja/contiki-ng-cooja.a(eeprom.o)
                                         0xb8 (size before relaxing)
 .eh_frame      0x0000000000046e18       0x40 build/cooja/contiki-ng-cooja.a(random.o)
                                         0x58 (size before relaxing)
 .eh_frame      0x0000000000046e58       0xc0 build/cooja/contiki-ng-cooja.a(sensors.o)
                                         0xd8 (size before relaxing)
 .eh_frame      0x0000000000046f18      0x120 build/cooja/contiki-ng-cooja.a(leds.o)
                                        0x138 (size before relaxing)
 .eh_frame      0x0000000000047038      0x220 build/cooja/contiki-ng-cooja.a(gpio-hal-arch.o)
                                        0x238 (size before relaxing)
 .eh_frame      0x0000000000047258       0xa0 build/cooja/contiki-ng-cooja.a(buttons.o)
                                         0xb8 (size before relaxing)
 .eh_frame      0x00000000000472f8       0x40 build/cooja/contiki-ng-cooja.a(coap-blocking-api.o)
                                         0x58 (size before relaxing)
 .eh_frame      0x0000000000047338      0x100 build/cooja/contiki-ng-cooja.a(coap-transactions.o)
                                        0x118 (size before relaxing)
 .eh_frame      0x0000000000047438      0x248 build/cooja/contiki-ng-cooja.a(coap-uip.o)
                                        0x260 (size before relaxing)
 .eh_frame      0x0000000000047680      0x6e8 build/cooja/contiki-ng-cooja.a(coap.o)
                                        0x700 (size before relaxing)
 .eh_frame      0x0000000000047d68       0x20 build/cooja/contiki-ng-cooja.a(contiki-main.o)
                                         0x38 (size before relaxing)
 .eh_frame      0x0000000000047d88       0x40 build/cooja/contiki-ng-cooja.a(autostart.o)
                                         0x58 (size before relaxing)
 .eh_frame      0x0000000000047dc8      0x100 build/cooja/contiki-ng-cooja.a(ctimer.o)
                                        0x118 (size before relaxing)
 .eh_frame      0x0000000000047ec8       0x60 build/cooja/contiki-ng-cooja.a(energest.o)
                                         0x78 (size before relaxing)
 .eh_frame      0x0000000000047f28      0x1e0 build/cooja/contiki-ng-cooja.a(etimer.o)
                                        0x1f8 (size before relaxing)
 .eh_frame      0x0000000000048108      0x120 build/cooja/contiki-ng-cooja.a(log.o)
                                        0x138 (size before relaxing)
 .eh_frame      0x0000000000048228       0x20 build/cooja/contiki-ng-cooja.a(node-id.o)
                                         0x38 (size before relaxing)
 .eh_frame      0x0000000000048248      0x1c8 build/cooja/contiki-ng-cooja.a(process.o)
                                        0x1e0 (size before relaxing)
 .eh_frame      0x0000000000048410       0x60 build/cooja/contiki-ng-cooja.a(rtimer.o)
                                         0x78 (size before relaxing)
 .eh_frame      0x0000000000048470       0xa0 build/cooja/contiki-ng-cooja.a(timer.o)
                                         0xb8 (size before relaxing)
 .eh_frame      0x0000000000048510      0x1a0 build/cooja/contiki-ng-cooja.a(list.o)
                                        0x1b8 (size before relaxing)
 .eh_frame      0x00000000000486b0       0xa0 build/cooja/contiki-ng-cooja.a(memb.o)
                                         0xb8 (size before relaxing)
 .eh_frame      0x0000000000048750      0x160 build/cooja/contiki-ng-cooja.a(button-hal.o)
                                        0x178 (size before relaxing)
 .eh_frame      0x00000000000488b0       0xe0 build/cooja/contiki-ng-cooja.a(gpio-hal.o)
                                         0xf8 (size before relaxing)
 .eh_frame      0x0000000000048990       0x60 build/cooja/contiki-ng-cooja.a(serial-line.o)
                                         0x78 (size before relaxing)
 .eh_frame      0x00000000000489f0       0x60 build/cooja/contiki-ng-cooja.a(linkaddr.o)
                                         0x78 (size before relaxing)
 .eh_frame      0x0000000000048a50       0x80 build/cooja/contiki-ng-cooja.a(netstack.o)
                                         0x98 (size before relaxing)
 .eh_frame      0x0000000000048ad0      0x368 build/cooja/contiki-ng-cooja.a(packetbuf.o)
                                        0x380 (size before relaxing)
 .eh_frame      0x0000000000048e38      0x1a0 build/cooja/contiki-ng-cooja.a(queuebuf.o)
                                        0x1b8 (size before relaxing)
 .eh_frame      0x0000000000048fd8       0x40 build/cooja/contiki-ng-cooja.a(printf.o)
                                         0x58 (size before relaxing)
 .eh_frame      0x0000000000049018       0x20 build/cooja/contiki-ng-cooja.a(putchar.o)
                                         0x38 (size before relaxing)
 .eh_frame      0x0000000000049038       0x20 build/cooja/contiki-ng-cooja.a(puts.o)
                                         0x38 (size before relaxing)
 .eh_frame      0x0000000000049058       0x60 build/cooja/contiki-ng-cooja.a(snprintf.o)
                                         0x78 (size before relaxing)
 .eh_frame      0x00000000000490b8      0x120 build/cooja/contiki-ng-cooja.a(strformat.o)
                                        0x138 (size before relaxing)
 .eh_frame      0x00000000000491d8      0x388 build/cooja/contiki-ng-cooja.a(tsch.o)
                                        0x3a0 (size before relaxing)
 .eh_frame      0x0000000000049560      0x2e8 build/cooja/contiki-ng-cooja.a(sicslowpan.o)
                                        0x300 (size before relaxing)
 .eh_frame      0x0000000000049848      0x248 build/cooja/contiki-ng-cooja.a(tcpip.o)
                                        0x260 (size before relaxing)
 .eh_frame      0x0000000000049a90      0x1c0 build/cooja/contiki-ng-cooja.a(uip-ds6-nbr.o)
                                        0x1d8 (size before relaxing)
 .eh_frame      0x0000000000049c50      0x300 build/cooja/contiki-ng-cooja.a(uip-ds6-route.o)
                                        0x318 (size before relaxing)
 .eh_frame      0x0000000000049f50      0x328 build/cooja/contiki-ng-cooja.a(uip-ds6.o)
                                        0x340 (size before relaxing)
 .eh_frame      0x000000000004a278       0xe0 build/cooja/contiki-ng-cooja.a(uip-packetqueue.o)
                                         0xf8 (size before relaxing)
 .eh_frame      0x000000000004a358       0x40 build/cooja/contiki-ng-cooja.a(uip-udp-packet.o)
                                         0x58 (size before relaxing)
 .eh_frame      0x000000000004a398      0x1e8 build/cooja/contiki-ng-cooja.a(uip6.o)
                                        0x200 (size before relaxing)
 .eh_frame      0x000000000004a580      0x2a0 build/cooja/contiki-ng-cooja.a(uipbuf.o)
                                        0x2b8 (size before relaxing)
 .eh_frame      0x000000000004a820       0x80 build/cooja/contiki-ng-cooja.a(uiplib.o)
                                         0x98 (size before relaxing)
 .eh_frame      0x000000000004a8a0      0x768 build/cooja/contiki-ng-cooja.a(rpl-dag.o)
                                        0x780 (size before relaxing)
 .eh_frame      0x000000000004b008      0x2c8 build/cooja/contiki-ng-cooja.a(rpl-icmp6.o)
                                        0x2e0 (size before relaxing)
 .eh_frame      0x000000000004b2d0      0x148 build/cooja/contiki-ng-cooja.a(rpl-mrhof.o)
                                        0x160 (size before relaxing)
 .eh_frame      0x000000000004b418      0x170 build/cooja/contiki-ng-cooja.a(rpl-of0.o)
                                        0x188 (size before relaxing)
 .eh_frame      0x000000000004b588      0x1a8 build/cooja/contiki-ng-cooja.a(rpl-timers.o)
                                        0x1c0 (size before relaxing)
 .eh_frame      0x000000000004b730      0x220 build/cooja/contiki-ng-cooja.a(rpl.o)
                                        0x238 (size before relaxing)
 .eh_frame      0x000000000004b950       0xa0 build/cooja/contiki-ng-cooja.a(watchdog.o)
                                         0xb8 (size before relaxing)
 .eh_frame      0x000000000004b9f0       0x80 build/cooja/contiki-ng-cooja.a(int-master.o)
                                         0x98 (size before relaxing)
 .eh_frame      0x000000000004ba70      0x100 build/cooja/contiki-ng-cooja.a(orchestra.o)
                                        0x118 (size before relaxing)
 .eh_frame      0x000000000004bb70      0x220 build/cooja/contiki-ng-cooja.a(coap-engine.o)
                                        0x238 (size before relaxing)
 .eh_frame      0x000000000004bd90      0x1c8 build/cooja/contiki-ng-cooja.a(coap-observe-client.o)
                                        0x1e0 (size before relaxing)
 .eh_frame      0x000000000004bf58      0x188 build/cooja/contiki-ng-cooja.a(coap-observe.o)
                                        0x1a0 (size before relaxing)
 .eh_frame      0x000000000004c0e0       0x20 build/cooja/contiki-ng-cooja.a(coap-res-well-known-core.o)
                                         0x38 (size before relaxing)
 .eh_frame      0x000000000004c100      0x108 build/cooja/contiki-ng-cooja.a(coap-timer.o)
                                        0x120 (size before relaxing)
 .eh_frame      0x000000000004c208       0xc0 build/cooja/contiki-ng-cooja.a(stimer.o)
                                         0xd8 (size before relaxing)
 .eh_frame      0x000000000004c2c8       0xa0 build/cooja/contiki-ng-cooja.a(ringbuf.o)
                                         0xb8 (size before relaxing)
 .eh_frame      0x000000000004c368      0x120 build/cooja/contiki-ng-cooja.a(ringbufindex.o)
                                        0x138 (size before relaxing)
 .eh_frame      0x000000000004c488      0x120 build/cooja/contiki-ng-cooja.a(link-stats.o)
                                        0x138 (size before relaxing)
 .eh_frame      0x000000000004c5a8      0x3e0 build/cooja/contiki-ng-cooja.a(nbr-table.o)
                                        0x3f8 (size before relaxing)
 .eh_frame      0x000000000004c988       0x48 build/cooja/contiki-ng-cooja.a(mac-sequence.o)
                                         0x60 (size before relaxing)
 .eh_frame      0x000000000004c9d0       0x20 build/cooja/contiki-ng-cooja.a(mac.o)
                                         0x38 (size before relaxing)
 .eh_frame      0x000000000004c9f0      0x1a8 build/cooja/contiki-ng-cooja.a(frame802154.o)
                                        0x1c0 (size before relaxing)
 .eh_frame      0x000000000004cb98      0x280 build/cooja/contiki-ng-cooja.a(frame802154e-ie.o)
                                        0x298 (size before relaxing)
 .eh_frame      0x000000000004ce18       0xa8 build/cooja/contiki-ng-cooja.a(framer-802154.o)
                                         0xc0 (size before relaxing)
 .eh_frame      0x000000000004cec0       0xe0 build/cooja/contiki-ng-cooja.a(tsch-adaptive-timesync.o)
                                         0xf8 (size before relaxing)
 .eh_frame      0x000000000004cfa0      0x128 build/cooja/contiki-ng-cooja.a(tsch-packet.o)
                                        0x140 (size before relaxing)
 .eh_frame      0x000000000004d0c8      0x320 build/cooja/contiki-ng-cooja.a(tsch-queue.o)
                                        0x338 (size before relaxing)
 .eh_frame      0x000000000004d3e8       0xa0 build/cooja/contiki-ng-cooja.a(tsch-roots.o)
                                         0xb8 (size before relaxing)
 .eh_frame      0x000000000004d488       0xc0 build/cooja/contiki-ng-cooja.a(tsch-rpl.o)
                                         0xd8 (size before relaxing)
 .eh_frame      0x000000000004d548      0x240 build/cooja/contiki-ng-cooja.a(tsch-schedule.o)
                                        0x258 (size before relaxing)
 .eh_frame      0x000000000004d788       0xc0 build/cooja/contiki-ng-cooja.a(tsch-security.o)
                                         0xd8 (size before relaxing)
 .eh_frame      0x000000000004d848      0x288 build/cooja/contiki-ng-cooja.a(tsch-slot-operation.o)
                                        0x2a0 (size before relaxing)
 .eh_frame      0x000000000004dad0      0x148 build/cooja/contiki-ng-cooja.a(uip-icmp6.o)
                                        0x160 (size before relaxing)
 .eh_frame      0x000000000004dc18       0x80 build/cooja/contiki-ng-cooja.a(uip-nd6.o)
                                         0x98 (size before relaxing)
 .eh_frame      0x000000000004dc98       0xa0 build/cooja/contiki-ng-cooja.a(rpl-dag-root.o)
                                         0xb8 (size before relaxing)
 .eh_frame      0x000000000004dd38      0x128 build/cooja/contiki-ng-cooja.a(rpl-ext-header.o)
                                        0x140 (size before relaxing)
 .eh_frame      0x000000000004de60       0xa0 build/cooja/contiki-ng-cooja.a(rpl-nbr-policy.o)
                                         0xb8 (size before relaxing)
 .eh_frame      0x000000000004df00       0x40 build/cooja/contiki-ng-cooja.a(orchestra-rule-default-common.o)
                                         0x58 (size before relaxing)
 .eh_frame      0x000000000004df40       0x80 build/cooja/contiki-ng-cooja.a(orchestra-rule-eb-per-time-source.o)
                                         0x98 (size before relaxing)
 .eh_frame      0x000000000004dfc0      0x140 build/cooja/contiki-ng-cooja.a(orchestra-rule-unicast-per-neighbor-rpl-storing.o)
                                        0x158 (size before relaxing)
 .eh_frame      0x000000000004e100       0xa0 build/cooja/contiki-ng-cooja.a(coap-timer-default.o)
                                         0xb8 (size before relaxing)
 .eh_frame      0x000000000004e1a0       0xc0 build/cooja/contiki-ng-cooja.a(ccm-star.o)
                                         0xd8 (size before relaxing)
 .eh_frame      0x000000000004e260      0x180 build/cooja/contiki-ng-cooja.a(uip-sr.o)
                                        0x198 (size before relaxing)
 .eh_frame      0x000000000004e3e0      0x100 build/cooja/contiki-ng-cooja.a(orchestra-rule-special-for-root.o)
                                        0x118 (size before relaxing)
 .eh_frame      0x000000000004e4e0       0x60 build/cooja/contiki-ng-cooja.a(aes-128.o)
                                         0x78 (size before relaxing)
 .eh_frame      0x000000000004e540        0x4 /usr/lib/gcc/x86_64-linux-gnu/11/crtendS.o
 *(.eh_frame.*)

.gcc_except_table
 *(.gcc_except_table .gcc_except_table.*)

.gnu_extab
 *(.gnu_extab*)

.exception_ranges
 *(.exception_ranges*)
                0x0000000000050510                . = DATA_SEGMENT_ALIGN (CONSTANT (MAXPAGESIZE), CONSTANT (COMMONPAGESIZE))

.eh_frame
 *(.eh_frame)
 *(.eh_frame.*)

.gnu_extab
 *(.gnu_extab)

.gcc_except_table
 *(.gcc_except_table .gcc_except_table.*)

.exception_ranges
 *(.exception_ranges*)

.tdata
 *(.tdata .tdata.* .gnu.linkonce.td.*)

.tbss
 *(.tbss .tbss.* .gnu.linkonce.tb.*)
 *(.tcommon)

.preinit_array
 *(.preinit_array)

.init_array     0x0000000000050510        0x8
 *(SORT_BY_INIT_PRIORITY(.init_array.*) SORT_BY_INIT_PRIORITY(.ctors.*))
 *(.init_array EXCLUDE_FILE(*crtend?.o *crtend.o *crtbegin?.o *crtbegin.o) .ctors)
 .init_array    0x0000000000050510        0x8 /usr/lib/gcc/x86_64-linux-gnu/11/crtbeginS.o

.fini_array     0x0000000000050518        0x8
 *(SORT_BY_INIT_PRIORITY(.fini_array.*) SORT_BY_INIT_PRIORITY(.dtors.*))
 *(.fini_array EXCLUDE_FILE(*crtend?.o *crtend.o *crtbegin?.o *crtbegin.o) .dtors)
 .fini_array    0x0000000000050518        0x8 /usr/lib/gcc/x86_64-linux-gnu/11/crtbeginS.o

.ctors
 *crtbegin.o(.ctors)
 *crtbegin?.o(.ctors)
 *(EXCLUDE_FILE(*crtend?.o *crtend.o) .ctors)
 *(SORT_BY_NAME(.ctors.*))
 *(.ctors)

.dtors
 *crtbegin.o(.dtors)
 *crtbegin?.o(.dtors)
 *(EXCLUDE_FILE(*crtend?.o *crtend.o) .dtors)
 *(SORT_BY_NAME(.dtors.*))
 *(.dtors)

.jcr
 *(.jcr)

.data.rel.ro    0x0000000000050520      0x3a8
 *(.data.rel.ro.local* .gnu.linkonce.d.rel.ro.local.*)
 .data.rel.ro.local
                0x0000000000050520       0x10 build/cooja/contiki-ng-cooja.a(beep.o)
                0x0000000000050520                beep_interface
 .data.rel.ro.local
                0x0000000000050530       0x10 build/cooja/contiki-ng-cooja.a(leds-arch.o)
                0x0000000000050530                leds_interface
 .data.rel.ro.local
                0x0000000000050540       0x10 build/cooja/contiki-ng-cooja.a(moteid.o)
                0x0000000000050540                moteid_interface
 *fill*         0x0000000000050550       0x10 
 .data.rel.ro.local
                0x0000000000050560       0x40 build/cooja/contiki-ng-cooja.a(pir-sensor.o)
                0x0000000000050560                pir_interface
                0x0000000000050580                pir_sensor
 .data.rel.ro.local
                0x00000000000505a0       0x10 build/cooja/contiki-ng-cooja.a(rs232.o)
                0x00000000000505a0                rs232_interface
 *fill*         0x00000000000505b0       0x10 
 .data.rel.ro.local
                0x00000000000505c0       0x40 build/cooja/contiki-ng-cooja.a(vib-sensor.o)
                0x00000000000505c0                vib_interface
                0x00000000000505e0                vib_sensor
 .data.rel.ro.local
                0x0000000000050600       0x10 build/cooja/contiki-ng-cooja.a(clock.o)
                0x0000000000050600                clock_interface
 .data.rel.ro.local
                0x0000000000050610       0x10 build/cooja/contiki-ng-cooja.a(cooja-log.o)
                0x0000000000050610                simlog_interface
 .data.rel.ro.local
                0x0000000000050620       0x10 build/cooja/contiki-ng-cooja.a(cfs-cooja.o)
                0x0000000000050620                cfs_interface
 *fill*         0x0000000000050630       0x10 
 .data.rel.ro.local
                0x0000000000050640       0x90 build/cooja/contiki-ng-cooja.a(cooja-radio.o)
                0x0000000000050640                radio_interface
                0x0000000000050660                cooja_radio_driver
 .data.rel.ro.local
                0x00000000000506d0       0x10 build/cooja/contiki-ng-cooja.a(eeprom.o)
                0x00000000000506d0                eeprom_interface
 .data.rel.ro.local
                0x00000000000506e0       0x40 build/cooja/contiki-ng-cooja.a(buttons.o)
                0x00000000000506e0                button_interface
                0x0000000000050700                button_sensor
 .data.rel.ro.local
                0x0000000000050720       0x38 build/cooja/contiki-ng-cooja.a(tsch.o)
                0x0000000000050720                tschmac_driver
 *fill*         0x0000000000050758        0x8 
 .data.rel.ro.local
                0x0000000000050760       0x18 build/cooja/contiki-ng-cooja.a(framer-802154.o)
                0x0000000000050760                framer_802154
 *fill*         0x0000000000050778        0x8 
 .data.rel.ro.local
                0x0000000000050780       0x18 build/cooja/contiki-ng-cooja.a(coap-timer-default.o)
                0x0000000000050780                coap_timer_default_driver
 *fill*         0x0000000000050798        0x8 
 .data.rel.ro.local
                0x00000000000507a0       0x10 build/cooja/contiki-ng-cooja.a(ccm-star.o)
                0x00000000000507a0                ccm_star_driver
 .data.rel.ro.local
                0x00000000000507b0       0x10 build/cooja/contiki-ng-cooja.a(aes-128.o)